Archive member included to satisfy reference by file (symbol)

/opt/st/stm32cubeide_1.15.0/plugins/com.st.stm32cube.ide.mcu.externaltools.gnu-tools-for-stm32.12.3.rel1.linux64_1.0.100.202403111256/tools/bin/../lib/gcc/arm-none-eabi/12.3.1/../../../../arm-none-eabi/lib/thumb/v7e-m+fp/hard/libstdc++_nano.a(del_ops.o)
                              ./Core/Src/app/App.o (operator delete(void*, unsigned int))
/opt/st/stm32cubeide_1.15.0/plugins/com.st.stm32cube.ide.mcu.externaltools.gnu-tools-for-stm32.12.3.rel1.linux64_1.0.100.202403111256/tools/bin/../lib/gcc/arm-none-eabi/12.3.1/../../../../arm-none-eabi/lib/thumb/v7e-m+fp/hard/libstdc++_nano.a(guard.o)
                              ./Core/Src/app/util/DebugLogger.o (__cxa_guard_acquire)
/opt/st/stm32cubeide_1.15.0/plugins/com.st.stm32cube.ide.mcu.externaltools.gnu-tools-for-stm32.12.3.rel1.linux64_1.0.100.202403111256/tools/bin/../lib/gcc/arm-none-eabi/12.3.1/../../../../arm-none-eabi/lib/thumb/v7e-m+fp/hard/libstdc++_nano.a(new_op.o)
                              ./Core/Src/app/App.o (operator new(unsigned int))
/opt/st/stm32cubeide_1.15.0/plugins/com.st.stm32cube.ide.mcu.externaltools.gnu-tools-for-stm32.12.3.rel1.linux64_1.0.100.202403111256/tools/bin/../lib/gcc/arm-none-eabi/12.3.1/../../../../arm-none-eabi/lib/thumb/v7e-m+fp/hard/libstdc++_nano.a(functexcept.o)
                              ./Core/Src/app/util/MemoryMonitor.o (std::__throw_bad_alloc())
/opt/st/stm32cubeide_1.15.0/plugins/com.st.stm32cube.ide.mcu.externaltools.gnu-tools-for-stm32.12.3.rel1.linux64_1.0.100.202403111256/tools/bin/../lib/gcc/arm-none-eabi/12.3.1/../../../../arm-none-eabi/lib/thumb/v7e-m+fp/hard/libstdc++_nano.a(hashtable_c++0x.o)
                              ./Core/Src/app/util/MemoryMonitor.o (std::__detail::_Prime_rehash_policy::_M_need_rehash(unsigned int, unsigned int, unsigned int) const)
/opt/st/stm32cubeide_1.15.0/plugins/com.st.stm32cube.ide.mcu.externaltools.gnu-tools-for-stm32.12.3.rel1.linux64_1.0.100.202403111256/tools/bin/../lib/gcc/arm-none-eabi/12.3.1/../../../../arm-none-eabi/lib/thumb/v7e-m+fp/hard/libstdc++_nano.a(del_op.o)
                              /opt/st/stm32cubeide_1.15.0/plugins/com.st.stm32cube.ide.mcu.externaltools.gnu-tools-for-stm32.12.3.rel1.linux64_1.0.100.202403111256/tools/bin/../lib/gcc/arm-none-eabi/12.3.1/../../../../arm-none-eabi/lib/thumb/v7e-m+fp/hard/libstdc++_nano.a(del_ops.o) (operator delete(void*))
/opt/st/stm32cubeide_1.15.0/plugins/com.st.stm32cube.ide.mcu.externaltools.gnu-tools-for-stm32.12.3.rel1.linux64_1.0.100.202403111256/tools/bin/../lib/gcc/arm-none-eabi/12.3.1/../../../../arm-none-eabi/lib/thumb/v7e-m+fp/hard/libstdc++_nano.a(new_handler.o)
                              /opt/st/stm32cubeide_1.15.0/plugins/com.st.stm32cube.ide.mcu.externaltools.gnu-tools-for-stm32.12.3.rel1.linux64_1.0.100.202403111256/tools/bin/../lib/gcc/arm-none-eabi/12.3.1/../../../../arm-none-eabi/lib/thumb/v7e-m+fp/hard/libstdc++_nano.a(new_op.o) (std::get_new_handler())
/opt/st/stm32cubeide_1.15.0/plugins/com.st.stm32cube.ide.mcu.externaltools.gnu-tools-for-stm32.12.3.rel1.linux64_1.0.100.202403111256/tools/bin/../lib/gcc/arm-none-eabi/12.3.1/../../../../arm-none-eabi/lib/thumb/v7e-m+fp/hard/libm.a(libm_a-s_floor.o)
                              /opt/st/stm32cubeide_1.15.0/plugins/com.st.stm32cube.ide.mcu.externaltools.gnu-tools-for-stm32.12.3.rel1.linux64_1.0.100.202403111256/tools/bin/../lib/gcc/arm-none-eabi/12.3.1/../../../../arm-none-eabi/lib/thumb/v7e-m+fp/hard/libstdc++_nano.a(hashtable_c++0x.o) (floor)
/opt/st/stm32cubeide_1.15.0/plugins/com.st.stm32cube.ide.mcu.externaltools.gnu-tools-for-stm32.12.3.rel1.linux64_1.0.100.202403111256/tools/bin/../lib/gcc/arm-none-eabi/12.3.1/../../../../arm-none-eabi/lib/thumb/v7e-m+fp/hard/libc_nano.a(libc_a-abort.o)
                              /opt/st/stm32cubeide_1.15.0/plugins/com.st.stm32cube.ide.mcu.externaltools.gnu-tools-for-stm32.12.3.rel1.linux64_1.0.100.202403111256/tools/bin/../lib/gcc/arm-none-eabi/12.3.1/../../../../arm-none-eabi/lib/thumb/v7e-m+fp/hard/libstdc++_nano.a(new_op.o) (abort)
/opt/st/stm32cubeide_1.15.0/plugins/com.st.stm32cube.ide.mcu.externaltools.gnu-tools-for-stm32.12.3.rel1.linux64_1.0.100.202403111256/tools/bin/../lib/gcc/arm-none-eabi/12.3.1/../../../../arm-none-eabi/lib/thumb/v7e-m+fp/hard/libc_nano.a(libc_a-atexit.o)
                              ./Core/Src/app/util/MemoryMonitor.o (atexit)
/opt/st/stm32cubeide_1.15.0/plugins/com.st.stm32cube.ide.mcu.externaltools.gnu-tools-for-stm32.12.3.rel1.linux64_1.0.100.202403111256/tools/bin/../lib/gcc/arm-none-eabi/12.3.1/../../../../arm-none-eabi/lib/thumb/v7e-m+fp/hard/libc_nano.a(libc_a-exit.o)
                              /opt/st/stm32cubeide_1.15.0/plugins/com.st.stm32cube.ide.mcu.externaltools.gnu-tools-for-stm32.12.3.rel1.linux64_1.0.100.202403111256/tools/bin/../lib/gcc/arm-none-eabi/12.3.1/../../../../arm-none-eabi/lib/thumb/v7e-m+fp/hard/crt0.o (exit)
[...]
Memory Configuration

Name             Origin             Length             Attributes
RAM              0x20000000         0x00010000         xrw
RAM2             0x10000000         0x00004000         xrw
FLASH            0x08000000         0x00040000         xr
*default*        0x00000000         0xffffffff

Linker script and memory map

LOAD /opt/st/stm32cubeide_1.15.0/plugins/com.st.stm32cube.ide.mcu.externaltools.gnu-tools-for-stm32.12.3.rel1.linux64_1.0.100.202403111256/tools/bin/../lib/gcc/arm-none-eabi/12.3.1/thumb/v7e-m+fp/hard/crti.o
LOAD /opt/st/stm32cubeide_1.15.0/plugins/com.st.stm32cube.ide.mcu.externaltools.gnu-tools-for-stm32.12.3.rel1.linux64_1.0.100.202403111256/tools/bin/../lib/gcc/arm-none-eabi/12.3.1/thumb/v7e-m+fp/hard/crtbegin.o
LOAD /opt/st/stm32cubeide_1.15.0/plugins/com.st.stm32cube.ide.mcu.externaltools.gnu-tools-for-stm32.12.3.rel1.linux64_1.0.100.202403111256/tools/bin/../lib/gcc/arm-none-eabi/12.3.1/../../../../arm-none-eabi/lib/thumb/v7e-m+fp/hard/crt0.o
LOAD ./Core/Src/app/App.o
LOAD ./Core/Src/app/AppWrapper.o
LOAD ./Core/Src/app/model/LedController.o
LOAD ./Core/Src/app/model/TimerManager.o
LOAD ./Core/Src/app/util/DebugLogger.o
LOAD ./Core/Src/app/util/MemoryMonitor.o
LOAD ./Core/Src/main.o
LOAD ./Core/Src/stm32l4xx_hal_msp.o
LOAD ./Core/Src/stm32l4xx_it.o
LOAD ./Core/Src/syscalls.o
LOAD ./Core/Src/sysmem.o
LOAD ./Core/Src/system_stm32l4xx.o
LOAD ./Core/Startup/startup_stm32l432kcux.o
LOAD ./Drivers/STM32L4xx_HAL_Driver/Src/stm32l4xx_hal.o
LOAD ./Drivers/STM32L4xx_HAL_Driver/Src/stm32l4xx_hal_cortex.o
LOAD ./Drivers/STM32L4xx_HAL_Driver/Src/stm32l4xx_hal_dma.o
LOAD ./Drivers/STM32L4xx_HAL_Driver/Src/stm32l4xx_hal_dma_ex.o
LOAD ./Drivers/STM32L4xx_HAL_Driver/Src/stm32l4xx_hal_exti.o
LOAD ./Drivers/STM32L4xx_HAL_Driver/Src/stm32l4xx_hal_flash.o
LOAD ./Drivers/STM32L4xx_HAL_Driver/Src/stm32l4xx_hal_flash_ex.o
LOAD ./Drivers/STM32L4xx_HAL_Driver/Src/stm32l4xx_hal_flash_ramfunc.o
LOAD ./Drivers/STM32L4xx_HAL_Driver/Src/stm32l4xx_hal_gpio.o
LOAD ./Drivers/STM32L4xx_HAL_Driver/Src/stm32l4xx_hal_i2c.o
LOAD ./Drivers/STM32L4xx_HAL_Driver/Src/stm32l4xx_hal_i2c_ex.o
LOAD ./Drivers/STM32L4xx_HAL_Driver/Src/stm32l4xx_hal_pwr.o
LOAD ./Drivers/STM32L4xx_HAL_Driver/Src/stm32l4xx_hal_pwr_ex.o
LOAD ./Drivers/STM32L4xx_HAL_Driver/Src/stm32l4xx_hal_rcc.o
LOAD ./Drivers/STM32L4xx_HAL_Driver/Src/stm32l4xx_hal_rcc_ex.o
LOAD ./Drivers/STM32L4xx_HAL_Driver/Src/stm32l4xx_hal_tim.o
LOAD ./Drivers/STM32L4xx_HAL_Driver/Src/stm32l4xx_hal_tim_ex.o
LOAD ./Drivers/STM32L4xx_HAL_Driver/Src/stm32l4xx_hal_uart.o
LOAD ./Drivers/STM32L4xx_HAL_Driver/Src/stm32l4xx_hal_uart_ex.o
START GROUP
LOAD /opt/st/stm32cubeide_1.15.0/plugins/com.st.stm32cube.ide.mcu.externaltools.gnu-tools-for-stm32.12.3.rel1.linux64_1.0.100.202403111256/tools/bin/../lib/gcc/arm-none-eabi/12.3.1/../../../../arm-none-eabi/lib/thumb/v7e-m+fp/hard/libstdc++_nano.a
LOAD /opt/st/stm32cubeide_1.15.0/plugins/com.st.stm32cube.ide.mcu.externaltools.gnu-tools-for-stm32.12.3.rel1.linux64_1.0.100.202403111256/tools/bin/../lib/gcc/arm-none-eabi/12.3.1/../../../../arm-none-eabi/lib/thumb/v7e-m+fp/hard/libsupc++_nano.a
END GROUP
LOAD /opt/st/stm32cubeide_1.15.0/plugins/com.st.stm32cube.ide.mcu.externaltools.gnu-tools-for-stm32.12.3.rel1.linux64_1.0.100.202403111256/tools/bin/../lib/gcc/arm-none-eabi/12.3.1/../../../../arm-none-eabi/lib/thumb/v7e-m+fp/hard/libstdc++_nano.a
LOAD /opt/st/stm32cubeide_1.15.0/plugins/com.st.stm32cube.ide.mcu.externaltools.gnu-tools-for-stm32.12.3.rel1.linux64_1.0.100.202403111256/tools/bin/../lib/gcc/arm-none-eabi/12.3.1/../../../../arm-none-eabi/lib/thumb/v7e-m+fp/hard/libm.a
LOAD /opt/st/stm32cubeide_1.15.0/plugins/com.st.stm32cube.ide.mcu.externaltools.gnu-tools-for-stm32.12.3.rel1.linux64_1.0.100.202403111256/tools/bin/../lib/gcc/arm-none-eabi/12.3.1/../../../../arm-none-eabi/lib/thumb/v7e-m+fp/hard/libc_nano.a
START GROUP
LOAD /opt/st/stm32cubeide_1.15.0/plugins/com.st.stm32cube.ide.mcu.externaltools.gnu-tools-for-stm32.12.3.rel1.linux64_1.0.100.202403111256/tools/bin/../lib/gcc/arm-none-eabi/12.3.1/thumb/v7e-m+fp/hard/libgcc.a
LOAD /opt/st/stm32cubeide_1.15.0/plugins/com.st.stm32cube.ide.mcu.externaltools.gnu-tools-for-stm32.12.3.rel1.linux64_1.0.100.202403111256/tools/bin/../lib/gcc/arm-none-eabi/12.3.1/../../../../arm-none-eabi/lib/thumb/v7e-m+fp/hard/libc_nano.a
END GROUP
START GROUP
LOAD /opt/st/stm32cubeide_1.15.0/plugins/com.st.stm32cube.ide.mcu.externaltools.gnu-tools-for-stm32.12.3.rel1.linux64_1.0.100.202403111256/tools/bin/../lib/gcc/arm-none-eabi/12.3.1/thumb/v7e-m+fp/hard/libgcc.a
LOAD /opt/st/stm32cubeide_1.15.0/plugins/com.st.stm32cube.ide.mcu.externaltools.gnu-tools-for-stm32.12.3.rel1.linux64_1.0.100.202403111256/tools/bin/../lib/gcc/arm-none-eabi/12.3.1/../../../../arm-none-eabi/lib/thumb/v7e-m+fp/hard/libc_nano.a
LOAD /opt/st/stm32cubeide_1.15.0/plugins/com.st.stm32cube.ide.mcu.externaltools.gnu-tools-for-stm32.12.3.rel1.linux64_1.0.100.202403111256/tools/bin/../lib/gcc/arm-none-eabi/12.3.1/../../../../arm-none-eabi/lib/thumb/v7e-m+fp/hard/libnosys.a
END GROUP
START GROUP
LOAD /opt/st/stm32cubeide_1.15.0/plugins/com.st.stm32cube.ide.mcu.externaltools.gnu-tools-for-stm32.12.3.rel1.linux64_1.0.100.202403111256/tools/bin/../lib/gcc/arm-none-eabi/12.3.1/thumb/v7e-m+fp/hard/libgcc.a
LOAD /opt/st/stm32cubeide_1.15.0/plugins/com.st.stm32cube.ide.mcu.externaltools.gnu-tools-for-stm32.12.3.rel1.linux64_1.0.100.202403111256/tools/bin/../lib/gcc/arm-none-eabi/12.3.1/../../../../arm-none-eabi/lib/thumb/v7e-m+fp/hard/libc_nano.a
LOAD /opt/st/stm32cubeide_1.15.0/plugins/com.st.stm32cube.ide.mcu.externaltools.gnu-tools-for-stm32.12.3.rel1.linux64_1.0.100.202403111256/tools/bin/../lib/gcc/arm-none-eabi/12.3.1/../../../../arm-none-eabi/lib/thumb/v7e-m+fp/hard/libnosys.a
END GROUP
LOAD /opt/st/stm32cubeide_1.15.0/plugins/com.st.stm32cube.ide.mcu.externaltools.gnu-tools-for-stm32.12.3.rel1.linux64_1.0.100.202403111256/tools/bin/../lib/gcc/arm-none-eabi/12.3.1/thumb/v7e-m+fp/hard/crtend.o
LOAD /opt/st/stm32cubeide_1.15.0/plugins/com.st.stm32cube.ide.mcu.externaltools.gnu-tools-for-stm32.12.3.rel1.linux64_1.0.100.202403111256/tools/bin/../lib/gcc/arm-none-eabi/12.3.1/thumb/v7e-m+fp/hard/crtn.o
                0x20010000                        _estack = (ORIGIN (RAM) + LENGTH (RAM))
                0x00000200                        _Min_Heap_Size = 0x200
                0x00000400                        _Min_Stack_Size = 0x400

.isr_vector     0x08000000      0x18c
                0x08000000                        . = ALIGN (0x4)
 *(.isr_vector)
 .isr_vector    0x08000000      0x18c ./Core/Startup/startup_stm32l432kcux.o
                0x08000000                g_pfnVectors
                0x0800018c                        . = ALIGN (0x4)

.text           0x08000190     0x6a54
                0x08000190                        . = ALIGN (0x4)
 *(.text)
 .text          0x08000190       0x40 /opt/st/stm32cubeide_1.15.0/plugins/com.st.stm32cube.ide.mcu.externaltools.gnu-tools-for-stm32.12.3.rel1.linux64_1.0.100.202403111256/tools/bin/../lib/gcc/arm-none-eabi/12.3.1/thumb/v7e-m+fp/hard/crtbegin.o
 .text          0x080001d0       0x10 /opt/st/stm32cubeide_1.15.0/plugins/com.st.stm32cube.ide.mcu.externaltools.gnu-tools-for-stm32.12.3.rel1.linux64_1.0.100.202403111256/tools/bin/../lib/gcc/arm-none-eabi/12.3.1/../../../../arm-none-eabi/lib/thumb/v7e-m+fp/hard/libc_nano.a(libc_a-strlen.o)
                0x080001d0                strlen
 .text          0x080001e0       0xa0 /opt/st/stm32cubeide_1.15.0/plugins/com.st.stm32cube.ide.mcu.externaltools.gnu-tools-for-stm32.12.3.rel1.linux64_1.0.100.202403111256/tools/bin/../lib/gcc/arm-none-eabi/12.3.1/../../../../arm-none-eabi/lib/thumb/v7e-m+fp/hard/libc_nano.a(libc_a-memchr.o)
                0x080001e0                memchr
 .text          0x08000280      0x378 /opt/st/stm32cubeide_1.15.0/plugins/com.st.stm32cube.ide.mcu.externaltools.gnu-tools-for-stm32.12.3.rel1.linux64_1.0.100.202403111256/tools/bin/../lib/gcc/arm-none-eabi/12.3.1/thumb/v7e-m+fp/hard/libgcc.a(_arm_addsubdf3.o)
                0x08000280                __aeabi_drsub
                0x08000288                __aeabi_dsub
                0x08000288                __subdf3
                0x0800028c                __adddf3
                0x0800028c                __aeabi_dadd
                0x08000504                __aeabi_ui2d
                0x08000504                __floatunsidf
                0x08000524                __floatsidf
                0x08000524                __aeabi_i2d
                0x08000548                __extendsfdf2
                0x08000548                __aeabi_f2d
                0x0800058c                __aeabi_ul2d
                0x0800058c                __floatundidf
                0x0800059c                __floatdidf
                0x0800059c                __aeabi_l2d
 .text          0x080005f8      0x424 /opt/st/stm32cubeide_1.15.0/plugins/com.st.stm32cube.ide.mcu.externaltools.gnu-tools-for-stm32.12.3.rel1.linux64_1.0.100.202403111256/tools/bin/../lib/gcc/arm-none-eabi/12.3.1/thumb/v7e-m+fp/hard/libgcc.a(_arm_muldivdf3.o)
                0x080005f8                __aeabi_dmul
                0x080005f8                __muldf3
                0x0800084c                __aeabi_ddiv
                0x0800084c                __divdf3
 .text          0x08000a1c      0x110 /opt/st/stm32cubeide_1.15.0/plugins/com.st.stm32cube.ide.mcu.externaltools.gnu-tools-for-stm32.12.3.rel1.linux64_1.0.100.202403111256/tools/bin/../lib/gcc/arm-none-eabi/12.3.1/thumb/v7e-m+fp/hard/libgcc.a(_arm_cmpdf2.o)
                0x08000a1c                __gtdf2
                0x08000a1c                __gedf2
                0x08000a24                __ltdf2
                0x08000a24                __ledf2
                0x08000a2c                __cmpdf2
                0x08000a2c                __eqdf2
                0x08000a2c                __nedf2
                0x08000aa8                __aeabi_cdrcmple
                0x08000ab8                __aeabi_cdcmple
                0x08000ab8                __aeabi_cdcmpeq
                0x08000ac8                __aeabi_dcmpeq
                0x08000adc                __aeabi_dcmplt
                0x08000af0                __aeabi_dcmple
                0x08000b04                __aeabi_dcmpge
                0x08000b18                __aeabi_dcmpgt
 .text          0x08000b2c       0x40 /opt/st/stm32cubeide_1.15.0/plugins/com.st.stm32cube.ide.mcu.externaltools.gnu-tools-for-stm32.12.3.rel1.linux64_1.0.100.202403111256/tools/bin/../lib/gcc/arm-none-eabi/12.3.1/thumb/v7e-m+fp/hard/libgcc.a(_arm_fixunsdfsi.o)
                0x08000b2c                __fixunsdfsi
                0x08000b2c                __aeabi_d2uiz
 .text          0x08000b6c       0x30 /opt/st/stm32cubeide_1.15.0/plugins/com.st.stm32cube.ide.mcu.externaltools.gnu-tools-for-stm32.12.3.rel1.linux64_1.0.100.202403111256/tools/bin/../lib/gcc/arm-none-eabi/12.3.1/thumb/v7e-m+fp/hard/libgcc.a(_aeabi_uldivmod.o)
                0x08000b6c                __aeabi_uldivmod
 .text          0x08000b9c      0x2bc /opt/st/stm32cubeide_1.15.0/plugins/com.st.stm32cube.ide.mcu.externaltools.gnu-tools-for-stm32.12.3.rel1.linux64_1.0.100.202403111256/tools/bin/../lib/gcc/arm-none-eabi/12.3.1/thumb/v7e-m+fp/hard/libgcc.a(_udivmoddi4.o)
                0x08000b9c                __udivmoddi4
 .text          0x08000e58        0x4 /opt/st/stm32cubeide_1.15.0/plugins/com.st.stm32cube.ide.mcu.externaltools.gnu-tools-for-stm32.12.3.rel1.linux64_1.0.100.202403111256/tools/bin/../lib/gcc/arm-none-eabi/12.3.1/thumb/v7e-m+fp/hard/libgcc.a(_dvmd_tls.o)
                0x08000e58                __aeabi_ldiv0
                0x08000e58                __aeabi_idiv0
 *(.text*)
 .text._ZN3AppC2EP17TIM_HandleTypeDefP20__UART_HandleTypeDef
                0x08000e5c       0x5c ./Core/Src/app/App.o
                0x08000e5c                App::App(TIM_HandleTypeDef*, __UART_HandleTypeDef*)
                0x08000e5c                App::App(TIM_HandleTypeDef*, __UART_HandleTypeDef*)
 .text._Z20allocateArrayOnStackR13MemoryMonitor
                0x08000eb8       0x40 ./Core/Src/app/App.o
                0x08000eb8                allocateArrayOnStack(MemoryMonitor&)
 .text._ZN3App4initEv
                0x08000ef8       0xc0 ./Core/Src/app/App.o
                0x08000ef8                App::init()
 .text._ZN3App4loopEv
                0x08000fb8       0x26 ./Core/Src/app/App.o
                0x08000fb8                App::loop()
 *fill*         0x08000fde        0x2 
 .text.App_Init
                0x08000fe0       0x38 ./Core/Src/app/AppWrapper.o
                0x08000fe0                App_Init
 .text.App_Loop
                0x08001018       0x18 ./Core/Src/app/AppWrapper.o
                0x08001018                App_Loop
 .text.App_TIM2_IRQHandler
                0x08001030       0x18 ./Core/Src/app/AppWrapper.o
                0x08001030                App_TIM2_IRQHandler
 .text._ZN13LedControllerC2EP12GPIO_TypeDeft
                0x08001048       0x34 ./Core/Src/app/model/LedController.o
                0x08001048                LedController::LedController(GPIO_TypeDef*, unsigned short)
                0x08001048                LedController::LedController(GPIO_TypeDef*, unsigned short)
 .text._ZN13LedController9toggleLedEv
                0x0800107c       0x2e ./Core/Src/app/model/LedController.o
                0x0800107c                LedController::toggleLed()
 .text._ZN13LedController6updateEm
                0x080010aa       0x2c ./Core/Src/app/model/LedController.o
                0x080010aa                LedController::update(unsigned long)
 .text._ZN12TimerManagerC2EP17TIM_HandleTypeDef
                0x080010d6       0x26 ./Core/Src/app/model/TimerManager.o
                0x080010d6                TimerManager::TimerManager(TIM_HandleTypeDef*)
                0x080010d6                TimerManager::TimerManager(TIM_HandleTypeDef*)
 .text._ZN12TimerManager15handleInterruptEv
                0x080010fc       0x1e ./Core/Src/app/model/TimerManager.o
                0x080010fc                TimerManager::handleInterrupt()
 .text._ZNK12TimerManager14getElapsedTimeEv
                0x0800111a       0x18 ./Core/Src/app/model/TimerManager.o
                0x0800111a                TimerManager::getElapsedTime() const
 *fill*         0x08001132        0x2 
 .text._ZN11DebugLogger11getInstanceEv
                0x08001134       0x50 ./Core/Src/app/util/DebugLogger.o
                0x08001134                DebugLogger::getInstance()
 .text._ZN11DebugLoggerC2Ev
                0x08001184       0x1c ./Core/Src/app/util/DebugLogger.o
                0x08001184                DebugLogger::DebugLogger()
                0x08001184                DebugLogger::DebugLogger()
 .text._ZN11DebugLogger4initEP20__UART_HandleTypeDef
                0x080011a0       0x24 ./Core/Src/app/util/DebugLogger.o
                0x080011a0                DebugLogger::init(__UART_HandleTypeDef*)
 .text._ZN11DebugLogger3logEPKcz
                0x080011c4       0x5a ./Core/Src/app/util/DebugLogger.o
                0x080011c4                DebugLogger::log(char const*, ...)
 .text._ZnwjPv  0x0800121e       0x18 ./Core/Src/app/util/MemoryMonitor.o
                0x0800121e                operator new(unsigned int, void*)
 .text._ZNSt8__detail15_Hash_node_baseC2Ev
                0x08001236       0x1c ./Core/Src/app/util/MemoryMonitor.o
                0x08001236                std::__detail::_Hash_node_base::_Hash_node_base()
                0x08001236                std::__detail::_Hash_node_base::_Hash_node_base()
 .text._ZNKSt8__detail18_Mod_range_hashingclEjj
                0x08001252       0x28 ./Core/Src/app/util/MemoryMonitor.o
                0x08001252                std::__detail::_Mod_range_hashing::operator()(unsigned int, unsigned int) const
 .text._ZNSt8__detail20_Prime_rehash_policyC2Ef
                0x0800127a       0x26 ./Core/Src/app/util/MemoryMonitor.o
                0x0800127a                std::__detail::_Prime_rehash_policy::_Prime_rehash_policy(float)
                0x0800127a                std::__detail::_Prime_rehash_policy::_Prime_rehash_policy(float)
 .text._ZNKSt8__detail20_Prime_rehash_policy8_M_stateEv
                0x080012a0       0x18 ./Core/Src/app/util/MemoryMonitor.o
                0x080012a0                std::__detail::_Prime_rehash_policy::_M_state() const
 .text._ZNSt13unordered_mapIPvjSt4hashIS0_ESt8equal_toIS0_ESaISt4pairIKS0_jEEED2Ev
                0x080012b8       0x1a ./Core/Src/app/util/MemoryMonitor.o
                0x080012b8                std::unordered_map<void*, unsigned int, std::hash<void*>, std::equal_to<void*>, std::allocator<std::pair<void* const, unsigned int> > >::~unordered_map()
                0x080012b8                std::unordered_map<void*, unsigned int, std::hash<void*>, std::equal_to<void*>, std::allocator<std::pair<void* const, unsigned int> > >::~unordered_map()
 .text._ZN13MemoryMonitorD2Ev
                0x080012d2       0x1c ./Core/Src/app/util/MemoryMonitor.o
                0x080012d2                MemoryMonitor::~MemoryMonitor()
                0x080012d2                MemoryMonitor::~MemoryMonitor()
 *fill*         0x080012ee        0x2 
 .text.__tcf_0  0x080012f0       0x10 ./Core/Src/app/util/MemoryMonitor.o
 .text._ZN13MemoryMonitor11getInstanceEv
                0x08001300       0x58 ./Core/Src/app/util/MemoryMonitor.o
                0x08001300                MemoryMonitor::getInstance()
 .text._ZNSt8__detail15_Hash_code_baseIPvSt4pairIKS1_jENS_10_Select1stESt4hashIS1_ENS_18_Mod_range_hashingENS_20_Default_ranged_hashELb0EEC2Ev
                0x08001358       0x18 ./Core/Src/app/util/MemoryMonitor.o
                0x08001358                std::__detail::_Hash_code_base<void*, std::pair<void* const, unsigned int>, std::__detail::_Select1st, std::hash<void*>, std::__detail::_Mod_range_hashing, std::__detail::_Default_ranged_hash, false>::_Hash_code_base()
                0x08001358                std::__detail::_Hash_code_base<void*, std::pair<void* const, unsigned int>, std::__detail::_Select1st, std::hash<void*>, std::__detail::_Mod_range_hashing, std::__detail::_Default_ranged_hash, false>::_Hash_code_base()
 .text._ZNSt8__detail15_Hashtable_baseIPvSt4pairIKS1_jENS_10_Select1stESt8equal_toIS1_ESt4hashIS1_ENS_18_Mod_range_hashingENS_20_Default_ranged_hashENS_17_Hashtable_traitsILb0ELb0ELb1EEEEC2Ev
                0x08001370       0x1e ./Core/Src/app/util/MemoryMonitor.o
                0x08001370                std::__detail::_Hashtable_base<void*, std::pair<void* const, unsigned int>, std::__detail::_Select1st, std::equal_to<void*>, std::hash<void*>, std::__detail::_Mod_range_hashing, std::__detail::_Default_ranged_hash, std::__detail::_Hashtable_traits<false, false, true> >::_Hashtable_base()
                0x08001370                std::__detail::_Hashtable_base<void*, std::pair<void* const, unsigned int>, std::__detail::_Select1st, std::equal_to<void*>, std::hash<void*>, std::__detail::_Mod_range_hashing, std::__detail::_Default_ranged_hash, std::__detail::_Hashtable_traits<false, false, true> >::_Hashtable_base()
 .text._ZNSt8__detail21_Hashtable_ebo_helperILi0ESaINS_10_Hash_nodeISt4pairIKPvjELb0EEEELb1EED2Ev
                0x0800138e       0x18 ./Core/Src/app/util/MemoryMonitor.o
                0x0800138e                std::__detail::_Hashtable_ebo_helper<0, std::allocator<std::__detail::_Hash_node<std::pair<void* const, unsigned int>, false> >, true>::~_Hashtable_ebo_helper()
                0x0800138e                std::__detail::_Hashtable_ebo_helper<0, std::allocator<std::__detail::_Hash_node<std::pair<void* const, unsigned int>, false> >, true>::~_Hashtable_ebo_helper()
 .text._ZNSt8__detail16_Hashtable_allocISaINS_10_Hash_nodeISt4pairIKPvjELb0EEEEEC2Ev
                0x080013a6       0x18 ./Core/Src/app/util/MemoryMonitor.o
                0x080013a6                std::__detail::_Hashtable_alloc<std::allocator<std::__detail::_Hash_node<std::pair<void* const, unsigned int>, false> > >::_Hashtable_alloc()
                0x080013a6                std::__detail::_Hashtable_alloc<std::allocator<std::__detail::_Hash_node<std::pair<void* const, unsigned int>, false> > >::_Hashtable_alloc()
 .text._ZNSt8__detail16_Hashtable_allocISaINS_10_Hash_nodeISt4pairIKPvjELb0EEEEED2Ev
                0x080013be       0x18 ./Core/Src/app/util/MemoryMonitor.o
                0x080013be                std::__detail::_Hashtable_alloc<std::allocator<std::__detail::_Hash_node<std::pair<void* const, unsigned int>, false> > >::~_Hashtable_alloc()
                0x080013be                std::__detail::_Hashtable_alloc<std::allocator<std::__detail::_Hash_node<std::pair<void* const, unsigned int>, false> > >::~_Hashtable_alloc()
 .text._ZNSt10_HashtableIPvSt4pairIKS0_jESaIS3_ENSt8__detail10_Select1stESt8equal_toIS0_ESt4hashIS0_ENS5_18_Mod_range_hashingENS5_20_Default_ranged_hashENS5_20_Prime_rehash_policyENS5_17_Hashtable_traitsILb0ELb0ELb1EEEEC2Ev
                0x080013d6       0x52 ./Core/Src/app/util/MemoryMonitor.o
                0x080013d6                std::_Hashtable<void*, std::pair<void* const, unsigned int>, std::allocator<std::pair<void* const, unsigned int> >, std::__detail::_Select1st, std::equal_to<void*>, std::hash<void*>, std::__detail::_Mod_range_hashing, std::__detail::_Default_ranged_hash, std::__detail::_Prime_rehash_policy, std::__detail::_Hashtable_traits<false, false, true> >::_Hashtable()
                0x080013d6                std::_Hashtable<void*, std::pair<void* const, unsigned int>, std::allocator<std::pair<void* const, unsigned int> >, std::__detail::_Select1st, std::equal_to<void*>, std::hash<void*>, std::__detail::_Mod_range_hashing, std::__detail::_Default_ranged_hash, std::__detail::_Prime_rehash_policy, std::__detail::_Hashtable_traits<false, false, true> >::_Hashtable()
 .text._ZNSt13unordered_mapIPvjSt4hashIS0_ESt8equal_toIS0_ESaISt4pairIKS0_jEEEC2Ev
                0x08001428       0x1a ./Core/Src/app/util/MemoryMonitor.o
                0x08001428                std::unordered_map<void*, unsigned int, std::hash<void*>, std::equal_to<void*>, std::allocator<std::pair<void* const, unsigned int> > >::unordered_map()
                0x08001428                std::unordered_map<void*, unsigned int, std::hash<void*>, std::equal_to<void*>, std::allocator<std::pair<void* const, unsigned int> > >::unordered_map()
 .text._ZN13MemoryMonitorC2Ev
                0x08001442       0x28 ./Core/Src/app/util/MemoryMonitor.o
                0x08001442                MemoryMonitor::MemoryMonitor()
                0x08001442                MemoryMonitor::MemoryMonitor()
 .text._ZN13MemoryMonitor15monitoredMallocEj
                0x0800146a       0x52 ./Core/Src/app/util/MemoryMonitor.o
                0x0800146a                MemoryMonitor::monitoredMalloc(unsigned int)
 .text._ZN13MemoryMonitor13monitoredFreeEPv
                0x080014bc       0x8e ./Core/Src/app/util/MemoryMonitor.o
                0x080014bc                MemoryMonitor::monitoredFree(void*)
 .text._ZNK13MemoryMonitor23getTotalAllocatedMemoryEv
                0x0800154a       0x18 ./Core/Src/app/util/MemoryMonitor.o
                0x0800154a                MemoryMonitor::getTotalAllocatedMemory() const
 .text._ZNK13MemoryMonitor25getCurrentAllocatedMemoryEv
                0x08001562       0x18 ./Core/Src/app/util/MemoryMonitor.o
                0x08001562                MemoryMonitor::getCurrentAllocatedMemory() const
 *fill*         0x0800157a        0x2 
 .text._ZNK13MemoryMonitor16printMemoryUsageEv
                0x0800157c      0x20c ./Core/Src/app/util/MemoryMonitor.o
                0x0800157c                MemoryMonitor::printMemoryUsage() const
 .text._ZNSt10_HashtableIPvSt4pairIKS0_jESaIS3_ENSt8__detail10_Select1stESt8equal_toIS0_ESt4hashIS0_ENS5_18_Mod_range_hashingENS5_20_Default_ranged_hashENS5_20_Prime_rehash_policyENS5_17_Hashtable_traitsILb0ELb0ELb1EEEED2Ev
                0x08001788       0x24 ./Core/Src/app/util/MemoryMonitor.o
                0x08001788                std::_Hashtable<void*, std::pair<void* const, unsigned int>, std::allocator<std::pair<void* const, unsigned int> >, std::__detail::_Select1st, std::equal_to<void*>, std::hash<void*>, std::__detail::_Mod_range_hashing, std::__detail::_Default_ranged_hash, std::__detail::_Prime_rehash_policy, std::__detail::_Hashtable_traits<false, false, true> >::~_Hashtable()
                0x08001788                std::_Hashtable<void*, std::pair<void* const, unsigned int>, std::allocator<std::pair<void* const, unsigned int> >, std::__detail::_Select1st, std::equal_to<void*>, std::hash<void*>, std::__detail::_Mod_range_hashing, std::__detail::_Default_ranged_hash, std::__detail::_Prime_rehash_policy, std::__detail::_Hashtable_traits<false, false, true> >::~_Hashtable()
 .text._ZNSt8__detail21_Hashtable_ebo_helperILi1ESt4hashIPvELb1EEC2Ev
                0x080017ac       0x16 ./Core/Src/app/util/MemoryMonitor.o
                0x080017ac                std::__detail::_Hashtable_ebo_helper<1, std::hash<void*>, true>::_Hashtable_ebo_helper()
                0x080017ac                std::__detail::_Hashtable_ebo_helper<1, std::hash<void*>, true>::_Hashtable_ebo_helper()
 .text._ZNSt8__detail21_Hashtable_ebo_helperILi0ESt8equal_toIPvELb1EEC2Ev
                0x080017c2       0x16 ./Core/Src/app/util/MemoryMonitor.o
                0x080017c2                std::__detail::_Hashtable_ebo_helper<0, std::equal_to<void*>, true>::_Hashtable_ebo_helper()
                0x080017c2                std::__detail::_Hashtable_ebo_helper<0, std::equal_to<void*>, true>::_Hashtable_ebo_helper()
 .text._ZNSt8__detail21_Hashtable_ebo_helperILi0ESaINS_10_Hash_nodeISt4pairIKPvjELb0EEEELb1EEC2Ev
                0x080017d8       0x18 ./Core/Src/app/util/MemoryMonitor.o
                0x080017d8                std::__detail::_Hashtable_ebo_helper<0, std::allocator<std::__detail::_Hash_node<std::pair<void* const, unsigned int>, false> >, true>::_Hashtable_ebo_helper()
                0x080017d8                std::__detail::_Hashtable_ebo_helper<0, std::allocator<std::__detail::_Hash_node<std::pair<void* const, unsigned int>, false> >, true>::_Hashtable_ebo_helper()
 .text._ZNSaINSt8__detail10_Hash_nodeISt4pairIKPvjELb0EEEED2Ev
                0x080017f0       0x18 ./Core/Src/app/util/MemoryMonitor.o
                0x080017f0                std::allocator<std::__detail::_Hash_node<std::pair<void* const, unsigned int>, false> >::~allocator()
                0x080017f0                std::allocator<std::__detail::_Hash_node<std::pair<void* const, unsigned int>, false> >::~allocator()
 .text._ZNSt13unordered_mapIPvjSt4hashIS0_ESt8equal_toIS0_ESaISt4pairIKS0_jEEEixERS6_
                0x08001808       0x1e ./Core/Src/app/util/MemoryMonitor.o
                0x08001808                std::unordered_map<void*, unsigned int, std::hash<void*>, std::equal_to<void*>, std::allocator<std::pair<void* const, unsigned int> > >::operator[](void* const&)
 .text._ZNSt13unordered_mapIPvjSt4hashIS0_ESt8equal_toIS0_ESaISt4pairIKS0_jEEE4findERS6_
                0x08001826       0x1e ./Core/Src/app/util/MemoryMonitor.o
                0x08001826                std::unordered_map<void*, unsigned int, std::hash<void*>, std::equal_to<void*>, std::allocator<std::pair<void* const, unsigned int> > >::find(void* const&)
 .text._ZNSt13unordered_mapIPvjSt4hashIS0_ESt8equal_toIS0_ESaISt4pairIKS0_jEEE3endEv
                0x08001844       0x1a ./Core/Src/app/util/MemoryMonitor.o
                0x08001844                std::unordered_map<void*, unsigned int, std::hash<void*>, std::equal_to<void*>, std::allocator<std::pair<void* const, unsigned int> > >::end()
 .text._ZNSt8__detailneERKNS_19_Node_iterator_baseISt4pairIKPvjELb0EEES7_
                0x0800185e       0x28 ./Core/Src/app/util/MemoryMonitor.o
                0x0800185e                std::__detail::operator!=(std::__detail::_Node_iterator_base<std::pair<void* const, unsigned int>, false> const&, std::__detail::_Node_iterator_base<std::pair<void* const, unsigned int>, false> const&)
 .text._ZNSt13unordered_mapIPvjSt4hashIS0_ESt8equal_toIS0_ESaISt4pairIKS0_jEEE5eraseERS6_
                0x08001886       0x1e ./Core/Src/app/util/MemoryMonitor.o
                0x08001886                std::unordered_map<void*, unsigned int, std::hash<void*>, std::equal_to<void*>, std::allocator<std::pair<void* const, unsigned int> > >::erase(void* const&)
 .text._ZNSt10_HashtableIPvSt4pairIKS0_jESaIS3_ENSt8__detail10_Select1stESt8equal_toIS0_ESt4hashIS0_ENS5_18_Mod_range_hashingENS5_20_Default_ranged_hashENS5_20_Prime_rehash_policyENS5_17_Hashtable_traitsILb0ELb0ELb1EEEE5clearEv
                0x080018a4       0x40 ./Core/Src/app/util/MemoryMonitor.o
                0x080018a4                std::_Hashtable<void*, std::pair<void* const, unsigned int>, std::allocator<std::pair<void* const, unsigned int> >, std::__detail::_Select1st, std::equal_to<void*>, std::hash<void*>, std::__detail::_Mod_range_hashing, std::__detail::_Default_ranged_hash, std::__detail::_Prime_rehash_policy, std::__detail::_Hashtable_traits<false, false, true> >::clear()
 .text._ZNSt10_HashtableIPvSt4pairIKS0_jESaIS3_ENSt8__detail10_Select1stESt8equal_toIS0_ESt4hashIS0_ENS5_18_Mod_range_hashingENS5_20_Default_ranged_hashENS5_20_Prime_rehash_policyENS5_17_Hashtable_traitsILb0ELb0ELb1EEEE21_M_deallocate_bucketsEv
                0x080018e4       0x20 ./Core/Src/app/util/MemoryMonitor.o
                0x080018e4                std::_Hashtable<void*, std::pair<void* const, unsigned int>, std::allocator<std::pair<void* const, unsigned int> >, std::__detail::_Select1st, std::equal_to<void*>, std::hash<void*>, std::__detail::_Mod_range_hashing, std::__detail::_Default_ranged_hash, std::__detail::_Prime_rehash_policy, std::__detail::_Hashtable_traits<false, false, true> >::_M_deallocate_buckets()
 .text._ZNSaINSt8__detail10_Hash_nodeISt4pairIKPvjELb0EEEEC2Ev
                0x08001904       0x18 ./Core/Src/app/util/MemoryMonitor.o
                0x08001904                std::allocator<std::__detail::_Hash_node<std::pair<void* const, unsigned int>, false> >::allocator()
                0x08001904                std::allocator<std::__detail::_Hash_node<std::pair<void* const, unsigned int>, false> >::allocator()
 .text._ZNSt15__new_allocatorINSt8__detail10_Hash_nodeISt4pairIKPvjELb0EEEED2Ev
                0x0800191c       0x16 ./Core/Src/app/util/MemoryMonitor.o
                0x0800191c                std::__new_allocator<std::__detail::_Hash_node<std::pair<void* const, unsigned int>, false> >::~__new_allocator()
                0x0800191c                std::__new_allocator<std::__detail::_Hash_node<std::pair<void* const, unsigned int>, false> >::~__new_allocator()
 *fill*         0x08001932        0x2 
 .text._ZNSt8__detail9_Map_baseIPvSt4pairIKS1_jESaIS4_ENS_10_Select1stESt8equal_toIS1_ESt4hashIS1_ENS_18_Mod_range_hashingENS_20_Default_ranged_hashENS_20_Prime_rehash_policyENS_17_Hashtable_traitsILb0ELb0ELb1EEELb1EEixERS3_
                0x08001934       0xac ./Core/Src/app/util/MemoryMonitor.o
                0x08001934                std::__detail::_Map_base<void*, std::pair<void* const, unsigned int>, std::allocator<std::pair<void* const, unsigned int> >, std::__detail::_Select1st, std::equal_to<void*>, std::hash<void*>, std::__detail::_Mod_range_hashing, std::__detail::_Default_ranged_hash, std::__detail::_Prime_rehash_policy, std::__detail::_Hashtable_traits<false, false, true>, true>::operator[](void* const&)
 .text._ZNSt10_HashtableIPvSt4pairIKS0_jESaIS3_ENSt8__detail10_Select1stESt8equal_toIS0_ESt4hashIS0_ENS5_18_Mod_range_hashingENS5_20_Default_ranged_hashENS5_20_Prime_rehash_policyENS5_17_Hashtable_traitsILb0ELb0ELb1EEEE4findERS2_
                0x080019e0       0xb6 ./Core/Src/app/util/MemoryMonitor.o
                0x080019e0                std::_Hashtable<void*, std::pair<void* const, unsigned int>, std::allocator<std::pair<void* const, unsigned int> >, std::__detail::_Select1st, std::equal_to<void*>, std::hash<void*>, std::__detail::_Mod_range_hashing, std::__detail::_Default_ranged_hash, std::__detail::_Prime_rehash_policy, std::__detail::_Hashtable_traits<false, false, true> >::find(void* const&)
 .text._ZNSt10_HashtableIPvSt4pairIKS0_jESaIS3_ENSt8__detail10_Select1stESt8equal_toIS0_ESt4hashIS0_ENS5_18_Mod_range_hashingENS5_20_Default_ranged_hashENS5_20_Prime_rehash_policyENS5_17_Hashtable_traitsILb0ELb0ELb1EEEE3endEv
                0x08001a96       0x1e ./Core/Src/app/util/MemoryMonitor.o
                0x08001a96                std::_Hashtable<void*, std::pair<void* const, unsigned int>, std::allocator<std::pair<void* const, unsigned int> >, std::__detail::_Select1st, std::equal_to<void*>, std::hash<void*>, std::__detail::_Mod_range_hashing, std::__detail::_Default_ranged_hash, std::__detail::_Prime_rehash_policy, std::__detail::_Hashtable_traits<false, false, true> >::end()
 .text._ZNSt10_HashtableIPvSt4pairIKS0_jESaIS3_ENSt8__detail10_Select1stESt8equal_toIS0_ESt4hashIS0_ENS5_18_Mod_range_hashingENS5_20_Default_ranged_hashENS5_20_Prime_rehash_policyENS5_17_Hashtable_traitsILb0ELb0ELb1EEEE5eraseERS2_
                0x08001ab4       0x1e ./Core/Src/app/util/MemoryMonitor.o
                0x08001ab4                std::_Hashtable<void*, std::pair<void* const, unsigned int>, std::allocator<std::pair<void* const, unsigned int> >, std::__detail::_Select1st, std::equal_to<void*>, std::hash<void*>, std::__detail::_Mod_range_hashing, std::__detail::_Default_ranged_hash, std::__detail::_Prime_rehash_policy, std::__detail::_Hashtable_traits<false, false, true> >::erase(void* const&)
 .text._ZNKSt10_HashtableIPvSt4pairIKS0_jESaIS3_ENSt8__detail10_Select1stESt8equal_toIS0_ESt4hashIS0_ENS5_18_Mod_range_hashingENS5_20_Default_ranged_hashENS5_20_Prime_rehash_policyENS5_17_Hashtable_traitsILb0ELb0ELb1EEEE8_M_beginEv
                0x08001ad2       0x18 ./Core/Src/app/util/MemoryMonitor.o
                0x08001ad2                std::_Hashtable<void*, std::pair<void* const, unsigned int>, std::allocator<std::pair<void* const, unsigned int> >, std::__detail::_Select1st, std::equal_to<void*>, std::hash<void*>, std::__detail::_Mod_range_hashing, std::__detail::_Default_ranged_hash, std::__detail::_Prime_rehash_policy, std::__detail::_Hashtable_traits<false, false, true> >::_M_begin() const
 .text._ZNSt8__detail16_Hashtable_allocISaINS_10_Hash_nodeISt4pairIKPvjELb0EEEEE19_M_deallocate_nodesEPS6_
                0x08001aea       0x30 ./Core/Src/app/util/MemoryMonitor.o
                0x08001aea                std::__detail::_Hashtable_alloc<std::allocator<std::__detail::_Hash_node<std::pair<void* const, unsigned int>, false> > >::_M_deallocate_nodes(std::__detail::_Hash_node<std::pair<void* const, unsigned int>, false>*)
 .text._ZNSt10_HashtableIPvSt4pairIKS0_jESaIS3_ENSt8__detail10_Select1stESt8equal_toIS0_ESt4hashIS0_ENS5_18_Mod_range_hashingENS5_20_Default_ranged_hashENS5_20_Prime_rehash_policyENS5_17_Hashtable_traitsILb0ELb0ELb1EEEE21_M_deallocate_bucketsEPPNS5_15_Hash_node_baseEj
                0x08001b1a       0x2e ./Core/Src/app/util/MemoryMonitor.o
                0x08001b1a                std::_Hashtable<void*, std::pair<void* const, unsigned int>, std::allocator<std::pair<void* const, unsigned int> >, std::__detail::_Select1st, std::equal_to<void*>, std::hash<void*>, std::__detail::_Mod_range_hashing, std::__detail::_Default_ranged_hash, std::__detail::_Prime_rehash_policy, std::__detail::_Hashtable_traits<false, false, true> >::_M_deallocate_buckets(std::__detail::_Hash_node_base**, unsigned int)
 .text._ZNSt15__new_allocatorINSt8__detail10_Hash_nodeISt4pairIKPvjELb0EEEEC2Ev
                0x08001b48       0x16 ./Core/Src/app/util/MemoryMonitor.o
                0x08001b48                std::__new_allocator<std::__detail::_Hash_node<std::pair<void* const, unsigned int>, false> >::__new_allocator()
                0x08001b48                std::__new_allocator<std::__detail::_Hash_node<std::pair<void* const, unsigned int>, false> >::__new_allocator()
 .text._ZNKSt8__detail15_Hash_code_baseIPvSt4pairIKS1_jENS_10_Select1stESt4hashIS1_ENS_18_Mod_range_hashingENS_20_Default_ranged_hashELb0EE12_M_hash_codeERS3_
                0x08001b5e       0x28 ./Core/Src/app/util/MemoryMonitor.o
                0x08001b5e                std::__detail::_Hash_code_base<void*, std::pair<void* const, unsigned int>, std::__detail::_Select1st, std::hash<void*>, std::__detail::_Mod_range_hashing, std::__detail::_Default_ranged_hash, false>::_M_hash_code(void* const&) const
 .text._ZNKSt10_HashtableIPvSt4pairIKS0_jESaIS3_ENSt8__detail10_Select1stESt8equal_toIS0_ESt4hashIS0_ENS5_18_Mod_range_hashingENS5_20_Default_ranged_hashENS5_20_Prime_rehash_policyENS5_17_Hashtable_traitsILb0ELb0ELb1EEEE15_M_bucket_indexEj
                0x08001b86       0x22 ./Core/Src/app/util/MemoryMonitor.o
                0x08001b86                std::_Hashtable<void*, std::pair<void* const, unsigned int>, std::allocator<std::pair<void* const, unsigned int> >, std::__detail::_Select1st, std::equal_to<void*>, std::hash<void*>, std::__detail::_Mod_range_hashing, std::__detail::_Default_ranged_hash, std::__detail::_Prime_rehash_policy, std::__detail::_Hashtable_traits<false, false, true> >::_M_bucket_index(unsigned int) const
 .text._ZNKSt10_HashtableIPvSt4pairIKS0_jESaIS3_ENSt8__detail10_Select1stESt8equal_toIS0_ESt4hashIS0_ENS5_18_Mod_range_hashingENS5_20_Default_ranged_hashENS5_20_Prime_rehash_policyENS5_17_Hashtable_traitsILb0ELb0ELb1EEEE12_M_find_nodeEjRS2_j
                0x08001ba8       0x32 ./Core/Src/app/util/MemoryMonitor.o
                0x08001ba8                std::_Hashtable<void*, std::pair<void* const, unsigned int>, std::allocator<std::pair<void* const, unsigned int> >, std::__detail::_Select1st, std::equal_to<void*>, std::hash<void*>, std::__detail::_Mod_range_hashing, std::__detail::_Default_ranged_hash, std::__detail::_Prime_rehash_policy, std::__detail::_Hashtable_traits<false, false, true> >::_M_find_node(unsigned int, void* const&, unsigned int) const
 .text._ZNSt8__detail21_Hash_node_value_baseISt4pairIKPvjEE4_M_vEv
                0x08001bda       0x18 ./Core/Src/app/util/MemoryMonitor.o
                0x08001bda                std::__detail::_Hash_node_value_base<std::pair<void* const, unsigned int> >::_M_v()
 .text._ZNSt5tupleIJRKPvEEC2ILb1ELb1EEES2_
                0x08001bf2       0x1e ./Core/Src/app/util/MemoryMonitor.o
                0x08001bf2                std::tuple<void* const&>::tuple<true, true>(void* const&)
                0x08001bf2                std::tuple<void* const&>::tuple<true, true>(void* const&)
 .text._ZNSt10_HashtableIPvSt4pairIKS0_jESaIS3_ENSt8__detail10_Select1stESt8equal_toIS0_ESt4hashIS0_ENS5_18_Mod_range_hashingENS5_20_Default_ranged_hashENS5_20_Prime_rehash_policyENS5_17_Hashtable_traitsILb0ELb0ELb1EEEE12_Scoped_nodeC2IJRKSt21piecewise_construct_tSt5tupleIJRS2_EESM_IJEEEEEPNS5_16_Hashtable_allocISaINS5_10_Hash_nodeIS3_Lb0EEEEEEDpOT_
                0x08001c10       0x48 ./Core/Src/app/util/MemoryMonitor.o
                0x08001c10                std::_Hashtable<void*, std::pair<void* const, unsigned int>, std::allocator<std::pair<void* const, unsigned int> >, std::__detail::_Select1st, std::equal_to<void*>, std::hash<void*>, std::__detail::_Mod_range_hashing, std::__detail::_Default_ranged_hash, std::__detail::_Prime_rehash_policy, std::__detail::_Hashtable_traits<false, false, true> >::_Scoped_node::_Scoped_node<std::piecewise_construct_t const&, std::tuple<void* const&>, std::tuple<> >(std::__detail::_Hashtable_alloc<std::allocator<std::__detail::_Hash_node<std::pair<void* const, unsigned int>, false> > >*, std::piecewise_construct_t const&, std::tuple<void* const&>&&, std::tuple<>&&)
                0x08001c10                std::_Hashtable<void*, std::pair<void* const, unsigned int>, std::allocator<std::pair<void* const, unsigned int> >, std::__detail::_Select1st, std::equal_to<void*>, std::hash<void*>, std::__detail::_Mod_range_hashing, std::__detail::_Default_ranged_hash, std::__detail::_Prime_rehash_policy, std::__detail::_Hashtable_traits<false, false, true> >::_Scoped_node::_Scoped_node<std::piecewise_construct_t const&, std::tuple<void* const&>, std::tuple<> >(std::__detail::_Hashtable_alloc<std::allocator<std::__detail::_Hash_node<std::pair<void* const, unsigned int>, false> > >*, std::piecewise_construct_t const&, std::tuple<void* const&>&&, std::tuple<>&&)
 .text._ZNSt10_HashtableIPvSt4pairIKS0_jESaIS3_ENSt8__detail10_Select1stESt8equal_toIS0_ESt4hashIS0_ENS5_18_Mod_range_hashingENS5_20_Default_ranged_hashENS5_20_Prime_rehash_policyENS5_17_Hashtable_traitsILb0ELb0ELb1EEEE12_Scoped_nodeD2Ev
                0x08001c58       0x2a ./Core/Src/app/util/MemoryMonitor.o
                0x08001c58                std::_Hashtable<void*, std::pair<void* const, unsigned int>, std::allocator<std::pair<void* const, unsigned int> >, std::__detail::_Select1st, std::equal_to<void*>, std::hash<void*>, std::__detail::_Mod_range_hashing, std::__detail::_Default_ranged_hash, std::__detail::_Prime_rehash_policy, std::__detail::_Hashtable_traits<false, false, true> >::_Scoped_node::~_Scoped_node()
                0x08001c58                std::_Hashtable<void*, std::pair<void* const, unsigned int>, std::allocator<std::pair<void* const, unsigned int> >, std::__detail::_Select1st, std::equal_to<void*>, std::hash<void*>, std::__detail::_Mod_range_hashing, std::__detail::_Default_ranged_hash, std::__detail::_Prime_rehash_policy, std::__detail::_Hashtable_traits<false, false, true> >::_Scoped_node::~_Scoped_node()
 .text._ZNSt10_HashtableIPvSt4pairIKS0_jESaIS3_ENSt8__detail10_Select1stESt8equal_toIS0_ESt4hashIS0_ENS5_18_Mod_range_hashingENS5_20_Default_ranged_hashENS5_20_Prime_rehash_policyENS5_17_Hashtable_traitsILb0ELb0ELb1EEEE21_M_insert_unique_nodeEjjPNS5_10_Hash_nodeIS3_Lb0EEEj
                0x08001c82       0x92 ./Core/Src/app/util/MemoryMonitor.o
                0x08001c82                std::_Hashtable<void*, std::pair<void* const, unsigned int>, std::allocator<std::pair<void* const, unsigned int> >, std::__detail::_Select1st, std::equal_to<void*>, std::hash<void*>, std::__detail::_Mod_range_hashing, std::__detail::_Default_ranged_hash, std::__detail::_Prime_rehash_policy, std::__detail::_Hashtable_traits<false, false, true> >::_M_insert_unique_node(unsigned int, unsigned int, std::__detail::_Hash_node<std::pair<void* const, unsigned int>, false>*, unsigned int)
 .text._ZNKSt8__detail14_Node_iteratorISt4pairIKPvjELb0ELb0EEptEv
                0x08001d14       0x1e ./Core/Src/app/util/MemoryMonitor.o
                0x08001d14                std::__detail::_Node_iterator<std::pair<void* const, unsigned int>, false, false>::operator->() const
 .text._ZNKSt10_HashtableIPvSt4pairIKS0_jESaIS3_ENSt8__detail10_Select1stESt8equal_toIS0_ESt4hashIS0_ENS5_18_Mod_range_hashingENS5_20_Default_ranged_hashENS5_20_Prime_rehash_policyENS5_17_Hashtable_traitsILb0ELb0ELb1EEEE4sizeEv
                0x08001d32       0x18 ./Core/Src/app/util/MemoryMonitor.o
                0x08001d32                std::_Hashtable<void*, std::pair<void* const, unsigned int>, std::allocator<std::pair<void* const, unsigned int> >, std::__detail::_Select1st, std::equal_to<void*>, std::hash<void*>, std::__detail::_Mod_range_hashing, std::__detail::_Default_ranged_hash, std::__detail::_Prime_rehash_policy, std::__detail::_Hashtable_traits<false, false, true> >::size() const
 .text._ZNSt10_HashtableIPvSt4pairIKS0_jESaIS3_ENSt8__detail10_Select1stESt8equal_toIS0_ESt4hashIS0_ENS5_18_Mod_range_hashingENS5_20_Default_ranged_hashENS5_20_Prime_rehash_policyENS5_17_Hashtable_traitsILb0ELb0ELb1EEEE22__small_size_thresholdEv
                0x08001d4a        0xe ./Core/Src/app/util/MemoryMonitor.o
                0x08001d4a                std::_Hashtable<void*, std::pair<void* const, unsigned int>, std::allocator<std::pair<void* const, unsigned int> >, std::__detail::_Select1st, std::equal_to<void*>, std::hash<void*>, std::__detail::_Mod_range_hashing, std::__detail::_Default_ranged_hash, std::__detail::_Prime_rehash_policy, std::__detail::_Hashtable_traits<false, false, true> >::__small_size_threshold()
 .text._ZNSt10_HashtableIPvSt4pairIKS0_jESaIS3_ENSt8__detail10_Select1stESt8equal_toIS0_ESt4hashIS0_ENS5_18_Mod_range_hashingENS5_20_Default_ranged_hashENS5_20_Prime_rehash_policyENS5_17_Hashtable_traitsILb0ELb0ELb1EEEE5beginEv
                0x08001d58       0x26 ./Core/Src/app/util/MemoryMonitor.o
                0x08001d58                std::_Hashtable<void*, std::pair<void* const, unsigned int>, std::allocator<std::pair<void* const, unsigned int> >, std::__detail::_Select1st, std::equal_to<void*>, std::hash<void*>, std::__detail::_Mod_range_hashing, std::__detail::_Default_ranged_hash, std::__detail::_Prime_rehash_policy, std::__detail::_Hashtable_traits<false, false, true> >::begin()
 .text._ZNSt8__detail14_Node_iteratorISt4pairIKPvjELb0ELb0EEppEv
                0x08001d7e       0x1a ./Core/Src/app/util/MemoryMonitor.o
                0x08001d7e                std::__detail::_Node_iterator<std::pair<void* const, unsigned int>, false, false>::operator++()
 .text._ZNKSt8__detail15_Hashtable_baseIPvSt4pairIKS1_jENS_10_Select1stESt8equal_toIS1_ESt4hashIS1_ENS_18_Mod_range_hashingENS_20_Default_ranged_hashENS_17_Hashtable_traitsILb0ELb0ELb1EEEE13_M_key_equalsERS3_RKNS_16_Hash_node_valueIS4_Lb0EEE
                0x08001d98       0x40 ./Core/Src/app/util/MemoryMonitor.o
                0x08001d98                std::__detail::_Hashtable_base<void*, std::pair<void* const, unsigned int>, std::__detail::_Select1st, std::equal_to<void*>, std::hash<void*>, std::__detail::_Mod_range_hashing, std::__detail::_Default_ranged_hash, std::__detail::_Hashtable_traits<false, false, true> >::_M_key_equals(void* const&, std::__detail::_Hash_node_value<std::pair<void* const, unsigned int>, false> const&) const
 .text._ZNSt8__detail14_Node_iteratorISt4pairIKPvjELb0ELb0EEC2EPNS_10_Hash_nodeIS4_Lb0EEE
                0x08001dd8       0x1e ./Core/Src/app/util/MemoryMonitor.o
                0x08001dd8                std::__detail::_Node_iterator<std::pair<void* const, unsigned int>, false, false>::_Node_iterator(std::__detail::_Hash_node<std::pair<void* const, unsigned int>, false>*)
                0x08001dd8                std::__detail::_Node_iterator<std::pair<void* const, unsigned int>, false, false>::_Node_iterator(std::__detail::_Hash_node<std::pair<void* const, unsigned int>, false>*)
 .text._ZNSt10_HashtableIPvSt4pairIKS0_jESaIS3_ENSt8__detail10_Select1stESt8equal_toIS0_ESt4hashIS0_ENS5_18_Mod_range_hashingENS5_20_Default_ranged_hashENS5_20_Prime_rehash_policyENS5_17_Hashtable_traitsILb0ELb0ELb1EEEE8_M_eraseESt17integral_constantIbLb1EERS2_
                0x08001df6       0x9a ./Core/Src/app/util/MemoryMonitor.o
                0x08001df6                std::_Hashtable<void*, std::pair<void* const, unsigned int>, std::allocator<std::pair<void* const, unsigned int> >, std::__detail::_Select1st, std::equal_to<void*>, std::hash<void*>, std::__detail::_Mod_range_hashing, std::__detail::_Default_ranged_hash, std::__detail::_Prime_rehash_policy, std::__detail::_Hashtable_traits<false, false, true> >::_M_erase(std::integral_constant<bool, true>, void* const&)
 .text._ZNKSt8__detail10_Hash_nodeISt4pairIKPvjELb0EE7_M_nextEv
                0x08001e90       0x18 ./Core/Src/app/util/MemoryMonitor.o
                0x08001e90                std::__detail::_Hash_node<std::pair<void* const, unsigned int>, false>::_M_next() const
 .text._ZNSt8__detail16_Hashtable_allocISaINS_10_Hash_nodeISt4pairIKPvjELb0EEEEE18_M_deallocate_nodeEPS6_
                0x08001ea8       0x36 ./Core/Src/app/util/MemoryMonitor.o
                0x08001ea8                std::__detail::_Hashtable_alloc<std::allocator<std::__detail::_Hash_node<std::pair<void* const, unsigned int>, false> > >::_M_deallocate_node(std::__detail::_Hash_node<std::pair<void* const, unsigned int>, false>*)
 .text._ZNKSt10_HashtableIPvSt4pairIKS0_jESaIS3_ENSt8__detail10_Select1stESt8equal_toIS0_ESt4hashIS0_ENS5_18_Mod_range_hashingENS5_20_Default_ranged_hashENS5_20_Prime_rehash_policyENS5_17_Hashtable_traitsILb0ELb0ELb1EEEE21_M_uses_single_bucketEPPNS5_15_Hash_node_baseE
                0x08001ede       0x30 ./Core/Src/app/util/MemoryMonitor.o
                0x08001ede                std::_Hashtable<void*, std::pair<void* const, unsigned int>, std::allocator<std::pair<void* const, unsigned int> >, std::__detail::_Select1st, std::equal_to<void*>, std::hash<void*>, std::__detail::_Mod_range_hashing, std::__detail::_Default_ranged_hash, std::__detail::_Prime_rehash_policy, std::__detail::_Hashtable_traits<false, false, true> >::_M_uses_single_bucket(std::__detail::_Hash_node_base**) const
 .text._ZNSt8__detail16_Hashtable_allocISaINS_10_Hash_nodeISt4pairIKPvjELb0EEEEE21_M_deallocate_bucketsEPPNS_15_Hash_node_baseEj
                0x08001f0e       0x46 ./Core/Src/app/util/MemoryMonitor.o
                0x08001f0e                std::__detail::_Hashtable_alloc<std::allocator<std::__detail::_Hash_node<std::pair<void* const, unsigned int>, false> > >::_M_deallocate_buckets(std::__detail::_Hash_node_base**, unsigned int)
 .text._ZNKSt8__detail15_Hash_code_baseIPvSt4pairIKS1_jENS_10_Select1stESt4hashIS1_ENS_18_Mod_range_hashingENS_20_Default_ranged_hashELb0EE7_M_hashEv
                0x08001f54       0x18 ./Core/Src/app/util/MemoryMonitor.o
                0x08001f54                std::__detail::_Hash_code_base<void*, std::pair<void* const, unsigned int>, std::__detail::_Select1st, std::hash<void*>, std::__detail::_Mod_range_hashing, std::__detail::_Default_ranged_hash, false>::_M_hash() const
 .text._ZNKSt4hashIPvEclES0_
                0x08001f6c       0x18 ./Core/Src/app/util/MemoryMonitor.o
                0x08001f6c                std::hash<void*>::operator()(void*) const
 .text._ZNKSt8__detail15_Hash_code_baseIPvSt4pairIKS1_jENS_10_Select1stESt4hashIS1_ENS_18_Mod_range_hashingENS_20_Default_ranged_hashELb0EE15_M_bucket_indexEjj
                0x08001f84       0x24 ./Core/Src/app/util/MemoryMonitor.o
                0x08001f84                std::__detail::_Hash_code_base<void*, std::pair<void* const, unsigned int>, std::__detail::_Select1st, std::hash<void*>, std::__detail::_Mod_range_hashing, std::__detail::_Default_ranged_hash, false>::_M_bucket_index(unsigned int, unsigned int) const
 .text._ZNKSt10_HashtableIPvSt4pairIKS0_jESaIS3_ENSt8__detail10_Select1stESt8equal_toIS0_ESt4hashIS0_ENS5_18_Mod_range_hashingENS5_20_Default_ranged_hashENS5_20_Prime_rehash_policyENS5_17_Hashtable_traitsILb0ELb0ELb1EEEE19_M_find_before_nodeEjRS2_j
                0x08001fa8       0x8a ./Core/Src/app/util/MemoryMonitor.o
                0x08001fa8                std::_Hashtable<void*, std::pair<void* const, unsigned int>, std::allocator<std::pair<void* const, unsigned int> >, std::__detail::_Select1st, std::equal_to<void*>, std::hash<void*>, std::__detail::_Mod_range_hashing, std::__detail::_Default_ranged_hash, std::__detail::_Prime_rehash_policy, std::__detail::_Hashtable_traits<false, false, true> >::_M_find_before_node(unsigned int, void* const&, unsigned int) const
 .text._ZNSt8__detail21_Hash_node_value_baseISt4pairIKPvjEE9_M_valptrEv
                0x08002032       0x1a ./Core/Src/app/util/MemoryMonitor.o
                0x08002032                std::__detail::_Hash_node_value_base<std::pair<void* const, unsigned int> >::_M_valptr()
 .text._ZNSt11_Tuple_implILj0EJRKPvEEC2ES2_
                0x0800204c       0x1e ./Core/Src/app/util/MemoryMonitor.o
                0x0800204c                std::_Tuple_impl<0u, void* const&>::_Tuple_impl(void* const&)
                0x0800204c                std::_Tuple_impl<0u, void* const&>::_Tuple_impl(void* const&)
 .text._ZSt7forwardIRKSt21piecewise_construct_tEOT_RNSt16remove_referenceIS3_E4typeE
                0x0800206a       0x16 ./Core/Src/app/util/MemoryMonitor.o
                0x0800206a                std::piecewise_construct_t const& std::forward<std::piecewise_construct_t const&>(std::remove_reference<std::piecewise_construct_t const&>::type&)
 .text._ZSt7forwardISt5tupleIJRKPvEEEOT_RNSt16remove_referenceIS5_E4typeE
                0x08002080       0x16 ./Core/Src/app/util/MemoryMonitor.o
                0x08002080                std::tuple<void* const&>&& std::forward<std::tuple<void* const&> >(std::remove_reference<std::tuple<void* const&> >::type&)
 .text._ZSt7forwardISt5tupleIJEEEOT_RNSt16remove_referenceIS2_E4typeE
                0x08002096       0x16 ./Core/Src/app/util/MemoryMonitor.o
                0x08002096                std::tuple<>&& std::forward<std::tuple<> >(std::remove_reference<std::tuple<> >::type&)
 .text._ZNSt8__detail10_Hash_nodeISt4pairIKPvjELb0EEC2Ev
                0x080020ac       0x1a ./Core/Src/app/util/MemoryMonitor.o
                0x080020ac                std::__detail::_Hash_node<std::pair<void* const, unsigned int>, false>::_Hash_node()
                0x080020ac                std::__detail::_Hash_node<std::pair<void* const, unsigned int>, false>::_Hash_node()
 .text._ZNSt8__detail16_Hashtable_allocISaINS_10_Hash_nodeISt4pairIKPvjELb0EEEEE16_M_allocate_nodeIJRKSt21piecewise_construct_tSt5tupleIJRS4_EESD_IJEEEEEPS6_DpOT_
                0x080020c6       0x82 ./Core/Src/app/util/MemoryMonitor.o
                0x080020c6                std::__detail::_Hash_node<std::pair<void* const, unsigned int>, false>* std::__detail::_Hashtable_alloc<std::allocator<std::__detail::_Hash_node<std::pair<void* const, unsigned int>, false> > >::_M_allocate_node<std::piecewise_construct_t const&, std::tuple<void* const&>, std::tuple<> >(std::piecewise_construct_t const&, std::tuple<void* const&>&&, std::tuple<>&&)
 .text._ZNSt10_HashtableIPvSt4pairIKS0_jESaIS3_ENSt8__detail10_Select1stESt8equal_toIS0_ESt4hashIS0_ENS5_18_Mod_range_hashingENS5_20_Default_ranged_hashENS5_20_Prime_rehash_policyENS5_17_Hashtable_traitsILb0ELb0ELb1EEEE9_M_rehashEjRKj
                0x08002148       0x1e ./Core/Src/app/util/MemoryMonitor.o
                0x08002148                std::_Hashtable<void*, std::pair<void* const, unsigned int>, std::allocator<std::pair<void* const, unsigned int> >, std::__detail::_Select1st, std::equal_to<void*>, std::hash<void*>, std::__detail::_Mod_range_hashing, std::__detail::_Default_ranged_hash, std::__detail::_Prime_rehash_policy, std::__detail::_Hashtable_traits<false, false, true> >::_M_rehash(unsigned int, unsigned int const&)
 .text._ZNKSt8__detail15_Hash_code_baseIPvSt4pairIKS1_jENS_10_Select1stESt4hashIS1_ENS_18_Mod_range_hashingENS_20_Default_ranged_hashELb0EE13_M_store_codeERNS_21_Hash_node_code_cacheILb0EEEj
                0x08002166       0x18 ./Core/Src/app/util/MemoryMonitor.o
                0x08002166                std::__detail::_Hash_code_base<void*, std::pair<void* const, unsigned int>, std::__detail::_Select1st, std::hash<void*>, std::__detail::_Mod_range_hashing, std::__detail::_Default_ranged_hash, false>::_M_store_code(std::__detail::_Hash_node_code_cache<false>&, unsigned int) const
 .text._ZNSt10_HashtableIPvSt4pairIKS0_jESaIS3_ENSt8__detail10_Select1stESt8equal_toIS0_ESt4hashIS0_ENS5_18_Mod_range_hashingENS5_20_Default_ranged_hashENS5_20_Prime_rehash_policyENS5_17_Hashtable_traitsILb0ELb0ELb1EEEE22_M_insert_bucket_beginEjPNS5_10_Hash_nodeIS3_Lb0EEE
                0x0800217e       0x8e ./Core/Src/app/util/MemoryMonitor.o
                0x0800217e                std::_Hashtable<void*, std::pair<void* const, unsigned int>, std::allocator<std::pair<void* const, unsigned int> >, std::__detail::_Select1st, std::equal_to<void*>, std::hash<void*>, std::__detail::_Mod_range_hashing, std::__detail::_Default_ranged_hash, std::__detail::_Prime_rehash_policy, std::__detail::_Hashtable_traits<false, false, true> >::_M_insert_bucket_begin(unsigned int, std::__detail::_Hash_node<std::pair<void* const, unsigned int>, false>*)
 .text._ZNSt8__detail22_Hashtable_hash_traitsISt4hashIPvEE22__small_size_thresholdEv
                0x0800220c       0x10 ./Core/Src/app/util/MemoryMonitor.o
                0x0800220c                std::__detail::_Hashtable_hash_traits<std::hash<void*> >::__small_size_threshold()
 .text._ZNSt8__detail19_Node_iterator_baseISt4pairIKPvjELb0EE7_M_incrEv
                0x0800221c       0x20 ./Core/Src/app/util/MemoryMonitor.o
                0x0800221c                std::__detail::_Node_iterator_base<std::pair<void* const, unsigned int>, false>::_M_incr()
 .text._ZNKSt8__detail15_Hashtable_baseIPvSt4pairIKS1_jENS_10_Select1stESt8equal_toIS1_ESt4hashIS1_ENS_18_Mod_range_hashingENS_20_Default_ranged_hashENS_17_Hashtable_traitsILb0ELb0ELb1EEEE5_M_eqEv
                0x0800223c       0x18 ./Core/Src/app/util/MemoryMonitor.o
                0x0800223c                std::__detail::_Hashtable_base<void*, std::pair<void* const, unsigned int>, std::__detail::_Select1st, std::equal_to<void*>, std::hash<void*>, std::__detail::_Mod_range_hashing, std::__detail::_Default_ranged_hash, std::__detail::_Hashtable_traits<false, false, true> >::_M_eq() const
 .text._ZNKSt8__detail21_Hash_node_value_baseISt4pairIKPvjEE4_M_vEv
                0x08002254       0x18 ./Core/Src/app/util/MemoryMonitor.o
                0x08002254                std::__detail::_Hash_node_value_base<std::pair<void* const, unsigned int> >::_M_v() const
 .text._ZNKSt8__detail10_Select1stclIRKSt4pairIKPvjEEEONS0_10__1st_typeIT_E4typeEOS9_
                0x0800226c       0x1a ./Core/Src/app/util/MemoryMonitor.o
                0x0800226c                std::__detail::_Select1st::__1st_type<std::pair<void* const, unsigned int> const&>::type&& std::__detail::_Select1st::operator()<std::pair<void* const, unsigned int> const&>(std::pair<void* const, unsigned int> const&) const
 .text._ZNKSt8equal_toIPvEclERKS0_S3_
                0x08002286       0x2a ./Core/Src/app/util/MemoryMonitor.o
                0x08002286                std::equal_to<void*>::operator()(void* const&, void* const&) const
 .text._ZNSt8__detail19_Node_iterator_baseISt4pairIKPvjELb0EEC2EPNS_10_Hash_nodeIS4_Lb0EEE
                0x080022b0       0x1e ./Core/Src/app/util/MemoryMonitor.o
                0x080022b0                std::__detail::_Node_iterator_base<std::pair<void* const, unsigned int>, false>::_Node_iterator_base(std::__detail::_Hash_node<std::pair<void* const, unsigned int>, false>*)
                0x080022b0                std::__detail::_Node_iterator_base<std::pair<void* const, unsigned int>, false>::_Node_iterator_base(std::__detail::_Hash_node<std::pair<void* const, unsigned int>, false>*)
 .text._ZNSt10_HashtableIPvSt4pairIKS0_jESaIS3_ENSt8__detail10_Select1stESt8equal_toIS0_ESt4hashIS0_ENS5_18_Mod_range_hashingENS5_20_Default_ranged_hashENS5_20_Prime_rehash_policyENS5_17_Hashtable_traitsILb0ELb0ELb1EEEE19_M_find_before_nodeERS2_
                0x080022ce       0x58 ./Core/Src/app/util/MemoryMonitor.o
                0x080022ce                std::_Hashtable<void*, std::pair<void* const, unsigned int>, std::allocator<std::pair<void* const, unsigned int> >, std::__detail::_Select1st, std::equal_to<void*>, std::hash<void*>, std::__detail::_Mod_range_hashing, std::__detail::_Default_ranged_hash, std::__detail::_Prime_rehash_policy, std::__detail::_Hashtable_traits<false, false, true> >::_M_find_before_node(void* const&)
 .text._ZNKSt10_HashtableIPvSt4pairIKS0_jESaIS3_ENSt8__detail10_Select1stESt8equal_toIS0_ESt4hashIS0_ENS5_18_Mod_range_hashingENS5_20_Default_ranged_hashENS5_20_Prime_rehash_policyENS5_17_Hashtable_traitsILb0ELb0ELb1EEEE15_M_bucket_indexERKNS5_16_Hash_node_valueIS3_Lb0EEE
                0x08002326       0x22 ./Core/Src/app/util/MemoryMonitor.o
                0x08002326                std::_Hashtable<void*, std::pair<void* const, unsigned int>, std::allocator<std::pair<void* const, unsigned int> >, std::__detail::_Select1st, std::equal_to<void*>, std::hash<void*>, std::__detail::_Mod_range_hashing, std::__detail::_Default_ranged_hash, std::__detail::_Prime_rehash_policy, std::__detail::_Hashtable_traits<false, false, true> >::_M_bucket_index(std::__detail::_Hash_node_value<std::pair<void* const, unsigned int>, false> const&) const
 .text._ZNSt10_HashtableIPvSt4pairIKS0_jESaIS3_ENSt8__detail10_Select1stESt8equal_toIS0_ESt4hashIS0_ENS5_18_Mod_range_hashingENS5_20_Default_ranged_hashENS5_20_Prime_rehash_policyENS5_17_Hashtable_traitsILb0ELb0ELb1EEEE8_M_eraseEjPNS5_15_Hash_node_baseEPNS5_10_Hash_nodeIS3_Lb0EEE
                0x08002348       0xbe ./Core/Src/app/util/MemoryMonitor.o
                0x08002348                std::_Hashtable<void*, std::pair<void* const, unsigned int>, std::allocator<std::pair<void* const, unsigned int> >, std::__detail::_Select1st, std::equal_to<void*>, std::hash<void*>, std::__detail::_Mod_range_hashing, std::__detail::_Default_ranged_hash, std::__detail::_Prime_rehash_policy, std::__detail::_Hashtable_traits<false, false, true> >::_M_erase(unsigned int, std::__detail::_Hash_node_base*, std::__detail::_Hash_node<std::pair<void* const, unsigned int>, false>*)
 .text._ZNSt8__detail16_Hashtable_allocISaINS_10_Hash_nodeISt4pairIKPvjELb0EEEEE17_M_node_allocatorEv
                0x08002406       0x18 ./Core/Src/app/util/MemoryMonitor.o
                0x08002406                std::__detail::_Hashtable_alloc<std::allocator<std::__detail::_Hash_node<std::pair<void* const, unsigned int>, false> > >::_M_node_allocator()
 .text._ZNSt16allocator_traitsISaINSt8__detail10_Hash_nodeISt4pairIKPvjELb0EEEEE7destroyIS5_EEvRS7_PT_
                0x0800241e       0x1a ./Core/Src/app/util/MemoryMonitor.o
                0x0800241e                void std::allocator_traits<std::allocator<std::__detail::_Hash_node<std::pair<void* const, unsigned int>, false> > >::destroy<std::pair<void* const, unsigned int> >(std::allocator<std::__detail::_Hash_node<std::pair<void* const, unsigned int>, false> >&, std::pair<void* const, unsigned int>*)
 .text._ZNSt8__detail16_Hashtable_allocISaINS_10_Hash_nodeISt4pairIKPvjELb0EEEEE22_M_deallocate_node_ptrEPS6_
                0x08002438       0x2c ./Core/Src/app/util/MemoryMonitor.o
                0x08002438                std::__detail::_Hashtable_alloc<std::allocator<std::__detail::_Hash_node<std::pair<void* const, unsigned int>, false> > >::_M_deallocate_node_ptr(std::__detail::_Hash_node<std::pair<void* const, unsigned int>, false>*)
 .text._ZNSt19__ptr_traits_ptr_toIPPNSt8__detail15_Hash_node_baseES2_Lb0EE10pointer_toERS2_
                0x08002464       0x18 ./Core/Src/app/util/MemoryMonitor.o
                0x08002464                std::__ptr_traits_ptr_to<std::__detail::_Hash_node_base**, std::__detail::_Hash_node_base*, false>::pointer_to(std::__detail::_Hash_node_base*&)
 .text._ZNSaIPNSt8__detail15_Hash_node_baseEEC2INS_10_Hash_nodeISt4pairIKPvjELb0EEEEERKSaIT_E
                0x0800247c       0x1a ./Core/Src/app/util/MemoryMonitor.o
                0x0800247c                std::allocator<std::__detail::_Hash_node_base*>::allocator<std::__detail::_Hash_node<std::pair<void* const, unsigned int>, false> >(std::allocator<std::__detail::_Hash_node<std::pair<void* const, unsigned int>, false> > const&)
                0x0800247c                std::allocator<std::__detail::_Hash_node_base*>::allocator<std::__detail::_Hash_node<std::pair<void* const, unsigned int>, false> >(std::allocator<std::__detail::_Hash_node<std::pair<void* const, unsigned int>, false> > const&)
 .text._ZNSaIPNSt8__detail15_Hash_node_baseEED2Ev
                0x08002496       0x18 ./Core/Src/app/util/MemoryMonitor.o
                0x08002496                std::allocator<std::__detail::_Hash_node_base*>::~allocator()
                0x08002496                std::allocator<std::__detail::_Hash_node_base*>::~allocator()
 .text._ZNSt16allocator_traitsISaIPNSt8__detail15_Hash_node_baseEEE10deallocateERS3_PS2_j
                0x080024ae       0x1e ./Core/Src/app/util/MemoryMonitor.o
                0x080024ae                std::allocator_traits<std::allocator<std::__detail::_Hash_node_base*> >::deallocate(std::allocator<std::__detail::_Hash_node_base*>&, std::__detail::_Hash_node_base**, unsigned int)
 .text._ZNKSt8__detail21_Hashtable_ebo_helperILi1ESt4hashIPvELb1EE7_M_cgetEv
                0x080024cc       0x16 ./Core/Src/app/util/MemoryMonitor.o
                0x080024cc                std::__detail::_Hashtable_ebo_helper<1, std::hash<void*>, true>::_M_cget() const
 .text._ZNKSt8__detail15_Hashtable_baseIPvSt4pairIKS1_jENS_10_Select1stESt8equal_toIS1_ESt4hashIS1_ENS_18_Mod_range_hashingENS_20_Default_ranged_hashENS_17_Hashtable_traitsILb0ELb0ELb1EEEE9_M_equalsERS3_jRKNS_16_Hash_node_valueIS4_Lb0EEE
                0x080024e2       0x3a ./Core/Src/app/util/MemoryMonitor.o
                0x080024e2                std::__detail::_Hashtable_base<void*, std::pair<void* const, unsigned int>, std::__detail::_Select1st, std::equal_to<void*>, std::hash<void*>, std::__detail::_Mod_range_hashing, std::__detail::_Default_ranged_hash, std::__detail::_Hashtable_traits<false, false, true> >::_M_equals(void* const&, unsigned int, std::__detail::_Hash_node_value<std::pair<void* const, unsigned int>, false> const&) const
 .text._ZN9__gnu_cxx16__aligned_bufferISt4pairIKPvjEE6_M_ptrEv
                0x0800251c       0x18 ./Core/Src/app/util/MemoryMonitor.o
                0x0800251c                __gnu_cxx::__aligned_buffer<std::pair<void* const, unsigned int> >::_M_ptr()
 .text._ZNSt10_Head_baseILj0ERKPvLb0EEC2ES2_
                0x08002534       0x1e ./Core/Src/app/util/MemoryMonitor.o
                0x08002534                std::_Head_base<0u, void* const&, false>::_Head_base(void* const&)
                0x08002534                std::_Head_base<0u, void* const&, false>::_Head_base(void* const&)
 .text._ZNSt16allocator_traitsISaINSt8__detail10_Hash_nodeISt4pairIKPvjELb0EEEEE8allocateERS7_j
                0x08002552       0x1e ./Core/Src/app/util/MemoryMonitor.o
                0x08002552                std::allocator_traits<std::allocator<std::__detail::_Hash_node<std::pair<void* const, unsigned int>, false> > >::allocate(std::allocator<std::__detail::_Hash_node<std::pair<void* const, unsigned int>, false> >&, unsigned int)
 .text._ZSt12__to_addressINSt8__detail10_Hash_nodeISt4pairIKPvjELb0EEEEPT_S8_
                0x08002570       0x16 ./Core/Src/app/util/MemoryMonitor.o
                0x08002570                std::__detail::_Hash_node<std::pair<void* const, unsigned int>, false>* std::__to_address<std::__detail::_Hash_node<std::pair<void* const, unsigned int>, false> >(std::__detail::_Hash_node<std::pair<void* const, unsigned int>, false>*)
 .text._ZNSt16allocator_traitsISaINSt8__detail10_Hash_nodeISt4pairIKPvjELb0EEEEE9constructIS5_JRKSt21piecewise_construct_tSt5tupleIJRS4_EESD_IJEEEEEvRS7_PT_DpOT0_
                0x08002586       0x3c ./Core/Src/app/util/MemoryMonitor.o
                0x08002586                void std::allocator_traits<std::allocator<std::__detail::_Hash_node<std::pair<void* const, unsigned int>, false> > >::construct<std::pair<void* const, unsigned int>, std::piecewise_construct_t const&, std::tuple<void* const&>, std::tuple<> >(std::allocator<std::__detail::_Hash_node<std::pair<void* const, unsigned int>, false> >&, std::pair<void* const, unsigned int>*, std::piecewise_construct_t const&, std::tuple<void* const&>&&, std::tuple<>&&)
 .text._ZNSt16allocator_traitsISaINSt8__detail10_Hash_nodeISt4pairIKPvjELb0EEEEE10deallocateERS7_PS6_j
                0x080025c2       0x1e ./Core/Src/app/util/MemoryMonitor.o
                0x080025c2                std::allocator_traits<std::allocator<std::__detail::_Hash_node<std::pair<void* const, unsigned int>, false> > >::deallocate(std::allocator<std::__detail::_Hash_node<std::pair<void* const, unsigned int>, false> >&, std::__detail::_Hash_node<std::pair<void* const, unsigned int>, false>*, unsigned int)
 .text._ZNSt10_HashtableIPvSt4pairIKS0_jESaIS3_ENSt8__detail10_Select1stESt8equal_toIS0_ESt4hashIS0_ENS5_18_Mod_range_hashingENS5_20_Default_ranged_hashENS5_20_Prime_rehash_policyENS5_17_Hashtable_traitsILb0ELb0ELb1EEEE13_M_rehash_auxEjSt17integral_constantIbLb1EE
                0x080025e0       0xc8 ./Core/Src/app/util/MemoryMonitor.o
                0x080025e0                std::_Hashtable<void*, std::pair<void* const, unsigned int>, std::allocator<std::pair<void* const, unsigned int> >, std::__detail::_Select1st, std::equal_to<void*>, std::hash<void*>, std::__detail::_Mod_range_hashing, std::__detail::_Default_ranged_hash, std::__detail::_Prime_rehash_policy, std::__detail::_Hashtable_traits<false, false, true> >::_M_rehash_aux(unsigned int, std::integral_constant<bool, true>)
 .text._ZNKSt8__detail21_Hashtable_ebo_helperILi0ESt8equal_toIPvELb1EE7_M_cgetEv
                0x080026a8       0x16 ./Core/Src/app/util/MemoryMonitor.o
                0x080026a8                std::__detail::_Hashtable_ebo_helper<0, std::equal_to<void*>, true>::_M_cget() const
 .text._ZNKSt8__detail21_Hash_node_value_baseISt4pairIKPvjEE9_M_valptrEv
                0x080026be       0x1a ./Core/Src/app/util/MemoryMonitor.o
                0x080026be                std::__detail::_Hash_node_value_base<std::pair<void* const, unsigned int> >::_M_valptr() const
 .text._ZSt7forwardIRKSt4pairIKPvjEEOT_RNSt16remove_referenceIS6_E4typeE
                0x080026d8       0x16 ./Core/Src/app/util/MemoryMonitor.o
                0x080026d8                std::pair<void* const, unsigned int> const& std::forward<std::pair<void* const, unsigned int> const&>(std::remove_reference<std::pair<void* const, unsigned int> const&>::type&)
 .text._ZNKSt8__detail15_Hash_code_baseIPvSt4pairIKS1_jENS_10_Select1stESt4hashIS1_ENS_18_Mod_range_hashingENS_20_Default_ranged_hashELb0EE15_M_bucket_indexERKNS_16_Hash_node_valueIS4_Lb0EEEj
                0x080026ee       0x44 ./Core/Src/app/util/MemoryMonitor.o
                0x080026ee                std::__detail::_Hash_code_base<void*, std::pair<void* const, unsigned int>, std::__detail::_Select1st, std::hash<void*>, std::__detail::_Mod_range_hashing, std::__detail::_Default_ranged_hash, false>::_M_bucket_index(std::__detail::_Hash_node_value<std::pair<void* const, unsigned int>, false> const&, unsigned int) const
 .text._ZNSt10_HashtableIPvSt4pairIKS0_jESaIS3_ENSt8__detail10_Select1stESt8equal_toIS0_ESt4hashIS0_ENS5_18_Mod_range_hashingENS5_20_Default_ranged_hashENS5_20_Prime_rehash_policyENS5_17_Hashtable_traitsILb0ELb0ELb1EEEE22_M_remove_bucket_beginEjPNS5_10_Hash_nodeIS3_Lb0EEEj
                0x08002732       0x70 ./Core/Src/app/util/MemoryMonitor.o
                0x08002732                std::_Hashtable<void*, std::pair<void* const, unsigned int>, std::allocator<std::pair<void* const, unsigned int> >, std::__detail::_Select1st, std::equal_to<void*>, std::hash<void*>, std::__detail::_Mod_range_hashing, std::__detail::_Default_ranged_hash, std::__detail::_Prime_rehash_policy, std::__detail::_Hashtable_traits<false, false, true> >::_M_remove_bucket_begin(unsigned int, std::__detail::_Hash_node<std::pair<void* const, unsigned int>, false>*, unsigned int)
 .text._ZNSt8__detail21_Hashtable_ebo_helperILi0ESaINS_10_Hash_nodeISt4pairIKPvjELb0EEEELb1EE6_M_getEv
                0x080027a2       0x16 ./Core/Src/app/util/MemoryMonitor.o
                0x080027a2                std::__detail::_Hashtable_ebo_helper<0, std::allocator<std::__detail::_Hash_node<std::pair<void* const, unsigned int>, false> >, true>::_M_get()
 .text._ZNSt15__new_allocatorINSt8__detail10_Hash_nodeISt4pairIKPvjELb0EEEE7destroyIS5_EEvPT_
                0x080027b8       0x16 ./Core/Src/app/util/MemoryMonitor.o
                0x080027b8                void std::__new_allocator<std::__detail::_Hash_node<std::pair<void* const, unsigned int>, false> >::destroy<std::pair<void* const, unsigned int> >(std::pair<void* const, unsigned int>*)
 .text._ZNSt19__ptr_traits_ptr_toIPNSt8__detail10_Hash_nodeISt4pairIKPvjELb0EEES6_Lb0EE10pointer_toERS6_
                0x080027ce       0x18 ./Core/Src/app/util/MemoryMonitor.o
                0x080027ce                std::__ptr_traits_ptr_to<std::__detail::_Hash_node<std::pair<void* const, unsigned int>, false>*, std::__detail::_Hash_node<std::pair<void* const, unsigned int>, false>, false>::pointer_to(std::__detail::_Hash_node<std::pair<void* const, unsigned int>, false>&)
 .text._ZSt9addressofIPNSt8__detail15_Hash_node_baseEEPT_RS3_
                0x080027e6       0x18 ./Core/Src/app/util/MemoryMonitor.o
                0x080027e6                std::__detail::_Hash_node_base** std::addressof<std::__detail::_Hash_node_base*>(std::__detail::_Hash_node_base*&)
 .text._ZNSt15__new_allocatorIPNSt8__detail15_Hash_node_baseEEC2Ev
                0x080027fe       0x16 ./Core/Src/app/util/MemoryMonitor.o
                0x080027fe                std::__new_allocator<std::__detail::_Hash_node_base*>::__new_allocator()
                0x080027fe                std::__new_allocator<std::__detail::_Hash_node_base*>::__new_allocator()
 .text._ZNSt15__new_allocatorIPNSt8__detail15_Hash_node_baseEED2Ev
                0x08002814       0x16 ./Core/Src/app/util/MemoryMonitor.o
                0x08002814                std::__new_allocator<std::__detail::_Hash_node_base*>::~__new_allocator()
                0x08002814                std::__new_allocator<std::__detail::_Hash_node_base*>::~__new_allocator()
 .text._ZNSt15__new_allocatorIPNSt8__detail15_Hash_node_baseEE10deallocateEPS2_j
                0x0800282a       0x20 ./Core/Src/app/util/MemoryMonitor.o
                0x0800282a                std::__new_allocator<std::__detail::_Hash_node_base*>::deallocate(std::__detail::_Hash_node_base**, unsigned int)
 .text._ZNSt8__detail15_Hashtable_baseIPvSt4pairIKS1_jENS_10_Select1stESt8equal_toIS1_ESt4hashIS1_ENS_18_Mod_range_hashingENS_20_Default_ranged_hashENS_17_Hashtable_traitsILb0ELb0ELb1EEEE9_S_equalsEjRKNS_21_Hash_node_code_cacheILb0EEE
                0x0800284a       0x18 ./Core/Src/app/util/MemoryMonitor.o
                0x0800284a                std::__detail::_Hashtable_base<void*, std::pair<void* const, unsigned int>, std::__detail::_Select1st, std::equal_to<void*>, std::hash<void*>, std::__detail::_Mod_range_hashing, std::__detail::_Default_ranged_hash, std::__detail::_Hashtable_traits<false, false, true> >::_S_equals(unsigned int, std::__detail::_Hash_node_code_cache<false> const&)
 .text._ZN9__gnu_cxx16__aligned_bufferISt4pairIKPvjEE7_M_addrEv
                0x08002862       0x16 ./Core/Src/app/util/MemoryMonitor.o
                0x08002862                __gnu_cxx::__aligned_buffer<std::pair<void* const, unsigned int> >::_M_addr()
 .text._ZNSt15__new_allocatorINSt8__detail10_Hash_nodeISt4pairIKPvjELb0EEEE8allocateEjPKv
                0x08002878       0x5c ./Core/Src/app/util/MemoryMonitor.o
                0x08002878                std::__new_allocator<std::__detail::_Hash_node<std::pair<void* const, unsigned int>, false> >::allocate(unsigned int, void const*)
 .text._ZNSt5tupleIJRKPvEEC2EOS3_
                0x080028d4       0x20 ./Core/Src/app/util/MemoryMonitor.o
                0x080028d4                std::tuple<void* const&>::tuple(std::tuple<void* const&>&&)
                0x080028d4                std::tuple<void* const&>::tuple(std::tuple<void* const&>&&)
 .text._ZNSt15__new_allocatorINSt8__detail10_Hash_nodeISt4pairIKPvjELb0EEEE9constructIS5_JRKSt21piecewise_construct_tSt5tupleIJRS4_EESC_IJEEEEEvPT_DpOT0_
                0x080028f4       0x50 ./Core/Src/app/util/MemoryMonitor.o
                0x080028f4                void std::__new_allocator<std::__detail::_Hash_node<std::pair<void* const, unsigned int>, false> >::construct<std::pair<void* const, unsigned int>, std::piecewise_construct_t const&, std::tuple<void* const&>, std::tuple<> >(std::pair<void* const, unsigned int>*, std::piecewise_construct_t const&, std::tuple<void* const&>&&, std::tuple<>&&)
 .text._ZNSt15__new_allocatorINSt8__detail10_Hash_nodeISt4pairIKPvjELb0EEEE10deallocateEPS6_j
                0x08002944       0x26 ./Core/Src/app/util/MemoryMonitor.o
                0x08002944                std::__new_allocator<std::__detail::_Hash_node<std::pair<void* const, unsigned int>, false> >::deallocate(std::__detail::_Hash_node<std::pair<void* const, unsigned int>, false>*, unsigned int)
 .text._ZNSt10_HashtableIPvSt4pairIKS0_jESaIS3_ENSt8__detail10_Select1stESt8equal_toIS0_ESt4hashIS0_ENS5_18_Mod_range_hashingENS5_20_Default_ranged_hashENS5_20_Prime_rehash_policyENS5_17_Hashtable_traitsILb0ELb0ELb1EEEE19_M_allocate_bucketsEj
                0x0800296a       0x3a ./Core/Src/app/util/MemoryMonitor.o
                0x0800296a                std::_Hashtable<void*, std::pair<void* const, unsigned int>, std::allocator<std::pair<void* const, unsigned int> >, std::__detail::_Select1st, std::equal_to<void*>, std::hash<void*>, std::__detail::_Mod_range_hashing, std::__detail::_Default_ranged_hash, std::__detail::_Prime_rehash_policy, std::__detail::_Hashtable_traits<false, false, true> >::_M_allocate_buckets(unsigned int)
 .text._ZNK9__gnu_cxx16__aligned_bufferISt4pairIKPvjEE6_M_ptrEv
                0x080029a4       0x18 ./Core/Src/app/util/MemoryMonitor.o
                0x080029a4                __gnu_cxx::__aligned_buffer<std::pair<void* const, unsigned int> >::_M_ptr() const
 .text._ZSt9addressofINSt8__detail10_Hash_nodeISt4pairIKPvjELb0EEEEPT_RS7_
                0x080029bc       0x18 ./Core/Src/app/util/MemoryMonitor.o
                0x080029bc                std::__detail::_Hash_node<std::pair<void* const, unsigned int>, false>* std::addressof<std::__detail::_Hash_node<std::pair<void* const, unsigned int>, false> >(std::__detail::_Hash_node<std::pair<void* const, unsigned int>, false>&)
 .text._ZSt11__addressofIPNSt8__detail15_Hash_node_baseEEPT_RS3_
                0x080029d4       0x16 ./Core/Src/app/util/MemoryMonitor.o
                0x080029d4                std::__detail::_Hash_node_base** std::__addressof<std::__detail::_Hash_node_base*>(std::__detail::_Hash_node_base*&)
 *fill*         0x080029ea        0x2 
 .text._ZNKSt15__new_allocatorINSt8__detail10_Hash_nodeISt4pairIKPvjELb0EEEE11_M_max_sizeEv
                0x080029ec       0x1c ./Core/Src/app/util/MemoryMonitor.o
                0x080029ec                std::__new_allocator<std::__detail::_Hash_node<std::pair<void* const, unsigned int>, false> >::_M_max_size() const
 .text._ZNSt11_Tuple_implILj0EJRKPvEEC2EOS3_
                0x08002a08       0x20 ./Core/Src/app/util/MemoryMonitor.o
                0x08002a08                std::_Tuple_impl<0u, void* const&>::_Tuple_impl(std::_Tuple_impl<0u, void* const&>&&)
                0x08002a08                std::_Tuple_impl<0u, void* const&>::_Tuple_impl(std::_Tuple_impl<0u, void* const&>&&)
 .text._ZNSt4pairIKPvjEC2IJRS1_EJEEESt21piecewise_construct_tSt5tupleIJDpT_EES6_IJDpT0_EE
                0x08002a28       0x28 ./Core/Src/app/util/MemoryMonitor.o
                0x08002a28                std::pair<void* const, unsigned int>::pair<void* const&>(std::piecewise_construct_t, std::tuple<void* const&>, std::tuple<>)
                0x08002a28                std::pair<void* const, unsigned int>::pair<void* const&>(std::piecewise_construct_t, std::tuple<void* const&>, std::tuple<>)
 .text._ZNSt8__detail16_Hashtable_allocISaINS_10_Hash_nodeISt4pairIKPvjELb0EEEEE19_M_allocate_bucketsEj
                0x08002a50       0x5a ./Core/Src/app/util/MemoryMonitor.o
                0x08002a50                std::__detail::_Hashtable_alloc<std::allocator<std::__detail::_Hash_node<std::pair<void* const, unsigned int>, false> > >::_M_allocate_buckets(unsigned int)
 .text._ZNK9__gnu_cxx16__aligned_bufferISt4pairIKPvjEE7_M_addrEv
                0x08002aaa       0x16 ./Core/Src/app/util/MemoryMonitor.o
                0x08002aaa                __gnu_cxx::__aligned_buffer<std::pair<void* const, unsigned int> >::_M_addr() const
 .text._ZSt11__addressofINSt8__detail10_Hash_nodeISt4pairIKPvjELb0EEEEPT_RS7_
                0x08002ac0       0x16 ./Core/Src/app/util/MemoryMonitor.o
                0x08002ac0                std::__detail::_Hash_node<std::pair<void* const, unsigned int>, false>* std::__addressof<std::__detail::_Hash_node<std::pair<void* const, unsigned int>, false> >(std::__detail::_Hash_node<std::pair<void* const, unsigned int>, false>&)
 .text._ZNSt4pairIKPvjEC2IJRS1_EJLj0EEJEJEEERSt5tupleIJDpT_EERS5_IJDpT1_EESt12_Index_tupleIJXspT0_EEESE_IJXspT2_EEE
                0x08002ad6       0x34 ./Core/Src/app/util/MemoryMonitor.o
                0x08002ad6                std::pair<void* const, unsigned int>::pair<void* const&, 0u>(std::tuple<void* const&>&, std::tuple<>&, std::_Index_tuple<0u>, std::_Index_tuple<>)
                0x08002ad6                std::pair<void* const, unsigned int>::pair<void* const&, 0u>(std::tuple<void* const&>&, std::tuple<>&, std::_Index_tuple<0u>, std::_Index_tuple<>)
 .text._ZNSt16allocator_traitsISaIPNSt8__detail15_Hash_node_baseEEE8allocateERS3_j
                0x08002b0a       0x1e ./Core/Src/app/util/MemoryMonitor.o
                0x08002b0a                std::allocator_traits<std::allocator<std::__detail::_Hash_node_base*> >::allocate(std::allocator<std::__detail::_Hash_node_base*>&, unsigned int)
 .text._ZSt12__to_addressIPNSt8__detail15_Hash_node_baseEEPT_S4_
                0x08002b28       0x16 ./Core/Src/app/util/MemoryMonitor.o
                0x08002b28                std::__detail::_Hash_node_base** std::__to_address<std::__detail::_Hash_node_base*>(std::__detail::_Hash_node_base**)
 .text._ZSt3getILj0EJRKPvEERNSt13tuple_elementIXT_ESt5tupleIJDpT0_EEE4typeERS7_
                0x08002b3e       0x1a ./Core/Src/app/util/MemoryMonitor.o
                0x08002b3e                std::tuple_element<0u, std::tuple<void* const&> >::type& std::get<0u, void* const&>(std::tuple<void* const&>&)
 .text._ZSt7forwardIRKPvEOT_RNSt16remove_referenceIS3_E4typeE
                0x08002b58       0x16 ./Core/Src/app/util/MemoryMonitor.o
                0x08002b58                void* const& std::forward<void* const&>(std::remove_reference<void* const&>::type&)
 .text._ZNSt15__new_allocatorIPNSt8__detail15_Hash_node_baseEE8allocateEjPKv
                0x08002b6e       0x52 ./Core/Src/app/util/MemoryMonitor.o
                0x08002b6e                std::__new_allocator<std::__detail::_Hash_node_base*>::allocate(unsigned int, void const*)
 .text._ZSt12__get_helperILj0ERKPvJEERT0_RSt11_Tuple_implIXT_EJS3_DpT1_EE
                0x08002bc0       0x18 ./Core/Src/app/util/MemoryMonitor.o
                0x08002bc0                void* const& std::__get_helper<0u, void* const&>(std::_Tuple_impl<0u, void* const&>&)
 .text._ZNKSt15__new_allocatorIPNSt8__detail15_Hash_node_baseEE11_M_max_sizeEv
                0x08002bd8       0x18 ./Core/Src/app/util/MemoryMonitor.o
                0x08002bd8                std::__new_allocator<std::__detail::_Hash_node_base*>::_M_max_size() const
 .text._ZNSt11_Tuple_implILj0EJRKPvEE7_M_headERS3_
                0x08002bf0       0x1a ./Core/Src/app/util/MemoryMonitor.o
                0x08002bf0                std::_Tuple_impl<0u, void* const&>::_M_head(std::_Tuple_impl<0u, void* const&>&)
 .text._ZNSt10_Head_baseILj0ERKPvLb0EE7_M_headERS3_
                0x08002c0a       0x18 ./Core/Src/app/util/MemoryMonitor.o
                0x08002c0a                std::_Head_base<0u, void* const&, false>::_M_head(std::_Head_base<0u, void* const&, false>&)
 .text.main     0x08002c22       0x22 ./Core/Src/main.o
                0x08002c22                main
 .text.SystemClock_Config
                0x08002c44       0xc4 ./Core/Src/main.o
                0x08002c44                SystemClock_Config
 .text.MX_TIM2_Init
                0x08002d08       0x9c ./Core/Src/main.o
 .text.MX_USART2_UART_Init
                0x08002da4       0x60 ./Core/Src/main.o
 .text.MX_GPIO_Init
                0x08002e04       0x94 ./Core/Src/main.o
 .text.Error_Handler
                0x08002e98        0xc ./Core/Src/main.o
                0x08002e98                Error_Handler
 .text.HAL_MspInit
                0x08002ea4       0x48 ./Core/Src/stm32l4xx_hal_msp.o
                0x08002ea4                HAL_MspInit
 .text.HAL_TIM_Base_MspInit
                0x08002eec       0x48 ./Core/Src/stm32l4xx_hal_msp.o
                0x08002eec                HAL_TIM_Base_MspInit
 .text.HAL_UART_MspInit
                0x08002f34       0xd4 ./Core/Src/stm32l4xx_hal_msp.o
                0x08002f34                HAL_UART_MspInit
 .text.NMI_Handler
                0x08003008        0x8 ./Core/Src/stm32l4xx_it.o
                0x08003008                NMI_Handler
 .text.HardFault_Handler
                0x08003010        0x8 ./Core/Src/stm32l4xx_it.o
                0x08003010                HardFault_Handler
 .text.MemManage_Handler
                0x08003018        0x8 ./Core/Src/stm32l4xx_it.o
                0x08003018                MemManage_Handler
 .text.BusFault_Handler
                0x08003020        0x8 ./Core/Src/stm32l4xx_it.o
                0x08003020                BusFault_Handler
 .text.UsageFault_Handler
                0x08003028        0x8 ./Core/Src/stm32l4xx_it.o
                0x08003028                UsageFault_Handler
 .text.SVC_Handler
                0x08003030        0xe ./Core/Src/stm32l4xx_it.o
                0x08003030                SVC_Handler
 .text.DebugMon_Handler
                0x0800303e        0xe ./Core/Src/stm32l4xx_it.o
                0x0800303e                DebugMon_Handler
 .text.PendSV_Handler
                0x0800304c        0xe ./Core/Src/stm32l4xx_it.o
                0x0800304c                PendSV_Handler
 .text.SysTick_Handler
                0x0800305a        0xc ./Core/Src/stm32l4xx_it.o
                0x0800305a                SysTick_Handler
 *fill*         0x08003066        0x2 
 .text.TIM2_IRQHandler
                0x08003068       0x18 ./Core/Src/stm32l4xx_it.o
                0x08003068                TIM2_IRQHandler
 .text._getpid  0x08003080       0x10 ./Core/Src/syscalls.o
                0x08003080                _getpid
 .text._kill    0x08003090       0x20 ./Core/Src/syscalls.o
                0x08003090                _kill
 .text._exit    0x080030b0       0x16 ./Core/Src/syscalls.o
                0x080030b0                _exit
 *fill*         0x080030c6        0x2 
 .text._sbrk    0x080030c8       0x6c ./Core/Src/sysmem.o
                0x080030c8                _sbrk
 .text.SystemInit
                0x08003134       0x24 ./Core/Src/system_stm32l4xx.o
                0x08003134                SystemInit
 .text.Reset_Handler
                0x08003158       0x50 ./Core/Startup/startup_stm32l432kcux.o
                0x08003158                Reset_Handler
 .text.Default_Handler
                0x080031a8        0x2 ./Core/Startup/startup_stm32l432kcux.o
                0x080031a8                RTC_Alarm_IRQHandler
                0x080031a8                EXTI2_IRQHandler
                0x080031a8                TIM1_CC_IRQHandler
                0x080031a8                TSC_IRQHandler
                0x080031a8                TAMP_STAMP_IRQHandler
                0x080031a8                EXTI3_IRQHandler
                0x080031a8                LPTIM2_IRQHandler
                0x080031a8                I2C3_ER_IRQHandler
                0x080031a8                EXTI0_IRQHandler
                0x080031a8                CAN1_RX0_IRQHandler
                0x080031a8                FPU_IRQHandler
                0x080031a8                TIM1_UP_TIM16_IRQHandler
                0x080031a8                SPI1_IRQHandler
                0x080031a8                TIM6_DAC_IRQHandler
                0x080031a8                DMA2_Channel2_IRQHandler
                0x080031a8                DMA1_Channel4_IRQHandler
                0x080031a8                ADC1_IRQHandler
                0x080031a8                DMA1_Channel7_IRQHandler
                0x080031a8                CAN1_RX1_IRQHandler
                0x080031a8                DMA2_Channel1_IRQHandler
                0x080031a8                QUADSPI_IRQHandler
                0x080031a8                I2C1_EV_IRQHandler
                0x080031a8                DMA1_Channel6_IRQHandler
                0x080031a8                DMA2_Channel4_IRQHandler
                0x080031a8                RCC_IRQHandler
                0x080031a8                TIM1_TRG_COM_IRQHandler
                0x080031a8                DMA1_Channel1_IRQHandler
                0x080031a8                Default_Handler
                0x080031a8                DMA2_Channel7_IRQHandler
                0x080031a8                EXTI15_10_IRQHandler
                0x080031a8                TIM7_IRQHandler
                0x080031a8                I2C3_EV_IRQHandler
                0x080031a8                USB_IRQHandler
                0x080031a8                EXTI9_5_IRQHandler
                0x080031a8                RTC_WKUP_IRQHandler
                0x080031a8                PVD_PVM_IRQHandler
                0x080031a8                CAN1_TX_IRQHandler
                0x080031a8                DMA2_Channel5_IRQHandler
                0x080031a8                CRS_IRQHandler
                0x080031a8                DMA1_Channel5_IRQHandler
                0x080031a8                EXTI4_IRQHandler
                0x080031a8                RNG_IRQHandler
                0x080031a8                DMA1_Channel3_IRQHandler
                0x080031a8                COMP_IRQHandler
                0x080031a8                WWDG_IRQHandler
                0x080031a8                LPUART1_IRQHandler
                0x080031a8                DMA2_Channel6_IRQHandler
                0x080031a8                EXTI1_IRQHandler
                0x080031a8                USART2_IRQHandler
                0x080031a8                DMA1_Channel2_IRQHandler
                0x080031a8                CAN1_SCE_IRQHandler
                0x080031a8                FLASH_IRQHandler
                0x080031a8                USART1_IRQHandler
                0x080031a8                SPI3_IRQHandler
                0x080031a8                I2C1_ER_IRQHandler
                0x080031a8                SWPMI1_IRQHandler
                0x080031a8                LPTIM1_IRQHandler
                0x080031a8                SAI1_IRQHandler
                0x080031a8                DMA2_Channel3_IRQHandler
                0x080031a8                TIM1_BRK_TIM15_IRQHandler
 .text.HAL_Init
                0x080031aa       0x30 ./Drivers/STM32L4xx_HAL_Driver/Src/stm32l4xx_hal.o
                0x080031aa                HAL_Init
 *fill*         0x080031da        0x2 
 .text.HAL_InitTick
                0x080031dc       0x78 ./Drivers/STM32L4xx_HAL_Driver/Src/stm32l4xx_hal.o
                0x080031dc                HAL_InitTick
 .text.HAL_IncTick
                0x08003254       0x28 ./Drivers/STM32L4xx_HAL_Driver/Src/stm32l4xx_hal.o
                0x08003254                HAL_IncTick
 .text.HAL_GetTick
                0x0800327c       0x18 ./Drivers/STM32L4xx_HAL_Driver/Src/stm32l4xx_hal.o
                0x0800327c                HAL_GetTick
 .text.__NVIC_SetPriorityGrouping
                0x08003294       0x48 ./Drivers/STM32L4xx_HAL_Driver/Src/stm32l4xx_hal_cortex.o
 .text.__NVIC_GetPriorityGrouping
                0x080032dc       0x1c ./Drivers/STM32L4xx_HAL_Driver/Src/stm32l4xx_hal_cortex.o
 .text.__NVIC_EnableIRQ
                0x080032f8       0x3c ./Drivers/STM32L4xx_HAL_Driver/Src/stm32l4xx_hal_cortex.o
 .text.__NVIC_SetPriority
                0x08003334       0x54 ./Drivers/STM32L4xx_HAL_Driver/Src/stm32l4xx_hal_cortex.o
 .text.NVIC_EncodePriority
                0x08003388       0x66 ./Drivers/STM32L4xx_HAL_Driver/Src/stm32l4xx_hal_cortex.o
 *fill*         0x080033ee        0x2 
 .text.SysTick_Config
                0x080033f0       0x44 ./Drivers/STM32L4xx_HAL_Driver/Src/stm32l4xx_hal_cortex.o
 .text.HAL_NVIC_SetPriorityGrouping
                0x08003434       0x16 ./Drivers/STM32L4xx_HAL_Driver/Src/stm32l4xx_hal_cortex.o
                0x08003434                HAL_NVIC_SetPriorityGrouping
 .text.HAL_NVIC_SetPriority
                0x0800344a       0x38 ./Drivers/STM32L4xx_HAL_Driver/Src/stm32l4xx_hal_cortex.o
                0x0800344a                HAL_NVIC_SetPriority
 .text.HAL_NVIC_EnableIRQ
                0x08003482       0x1c ./Drivers/STM32L4xx_HAL_Driver/Src/stm32l4xx_hal_cortex.o
                0x08003482                HAL_NVIC_EnableIRQ
 .text.HAL_SYSTICK_Config
                0x0800349e       0x18 ./Drivers/STM32L4xx_HAL_Driver/Src/stm32l4xx_hal_cortex.o
                0x0800349e                HAL_SYSTICK_Config
 *fill*         0x080034b6        0x2 
 .text.HAL_GPIO_Init
                0x080034b8      0x2d4 ./Drivers/STM32L4xx_HAL_Driver/Src/stm32l4xx_hal_gpio.o
                0x080034b8                HAL_GPIO_Init
 .text.HAL_GPIO_WritePin
                0x0800378c       0x30 ./Drivers/STM32L4xx_HAL_Driver/Src/stm32l4xx_hal_gpio.o
                0x0800378c                HAL_GPIO_WritePin
 .text.HAL_GPIO_TogglePin
                0x080037bc       0x34 ./Drivers/STM32L4xx_HAL_Driver/Src/stm32l4xx_hal_gpio.o
                0x080037bc                HAL_GPIO_TogglePin
 .text.HAL_PWR_EnableBkUpAccess
                0x080037f0       0x20 ./Drivers/STM32L4xx_HAL_Driver/Src/stm32l4xx_hal_pwr.o
                0x080037f0                HAL_PWR_EnableBkUpAccess
 .text.HAL_PWREx_GetVoltageRange
                0x08003810       0x1c ./Drivers/STM32L4xx_HAL_Driver/Src/stm32l4xx_hal_pwr_ex.o
                0x08003810                HAL_PWREx_GetVoltageRange
 .text.HAL_PWREx_ControlVoltageScaling
                0x0800382c       0xac ./Drivers/STM32L4xx_HAL_Driver/Src/stm32l4xx_hal_pwr_ex.o
                0x0800382c                HAL_PWREx_ControlVoltageScaling
 .text.HAL_RCC_OscConfig
                0x080038d8      0x828 ./Drivers/STM32L4xx_HAL_Driver/Src/stm32l4xx_hal_rcc.o
                0x080038d8                HAL_RCC_OscConfig
 .text.HAL_RCC_ClockConfig
                0x08004100      0x200 ./Drivers/STM32L4xx_HAL_Driver/Src/stm32l4xx_hal_rcc.o
                0x08004100                HAL_RCC_ClockConfig
 .text.HAL_RCC_GetSysClockFreq
                0x08004300      0x118 ./Drivers/STM32L4xx_HAL_Driver/Src/stm32l4xx_hal_rcc.o
                0x08004300                HAL_RCC_GetSysClockFreq
 .text.HAL_RCC_GetHCLKFreq
                0x08004418       0x18 ./Drivers/STM32L4xx_HAL_Driver/Src/stm32l4xx_hal_rcc.o