Archive member included to satisfy reference by file (symbol)

/opt/st/stm32cubeide_1.15.0/plugins/com.st.stm32cube.ide.mcu.externaltools.gnu-tools-for-stm32.12.3.rel1.linux64_1.0.100.202403111256/tools/bin/../lib/gcc/arm-none-eabi/12.3.1/../../../../arm-none-eabi/lib/thumb/v7e-m+fp/hard/libstdc++_nano.a(del_ops.o)
                              ./Core/Src/app/App.o (operator delete(void*, unsigned int))
/opt/st/stm32cubeide_1.15.0/plugins/com.st.stm32cube.ide.mcu.externaltools.gnu-tools-for-stm32.12.3.rel1.linux64_1.0.100.202403111256/tools/bin/../lib/gcc/arm-none-eabi/12.3.1/../../../../arm-none-eabi/lib/thumb/v7e-m+fp/hard/libstdc++_nano.a(guard.o)
                              ./Core/Src/app/util/DebugLogger.o (__cxa_guard_acquire)
/opt/st/stm32cubeide_1.15.0/plugins/com.st.stm32cube.ide.mcu.externaltools.gnu-tools-for-stm32.12.3.rel1.linux64_1.0.100.202403111256/tools/bin/../lib/gcc/arm-none-eabi/12.3.1/../../../../arm-none-eabi/lib/thumb/v7e-m+fp/hard/libstdc++_nano.a(new_op.o)
                              ./Core/Src/app/App.o (operator new(unsigned int))
/opt/st/stm32cubeide_1.15.0/plugins/com.st.stm32cube.ide.mcu.externaltools.gnu-tools-for-stm32.12.3.rel1.linux64_1.0.100.202403111256/tools/bin/../lib/gcc/arm-none-eabi/12.3.1/../../../../arm-none-eabi/lib/thumb/v7e-m+fp/hard/libstdc++_nano.a(functexcept.o)
                              ./Core/Src/app/util/MemoryMonitor.o (std::__throw_bad_alloc())
/opt/st/stm32cubeide_1.15.0/plugins/com.st.stm32cube.ide.mcu.externaltools.gnu-tools-for-stm32.12.3.rel1.linux64_1.0.100.202403111256/tools/bin/../lib/gcc/arm-none-eabi/12.3.1/../../../../arm-none-eabi/lib/thumb/v7e-m+fp/hard/libstdc++_nano.a(hashtable_c++0x.o)
                              ./Core/Src/app/util/MemoryMonitor.o (std::__detail::_Prime_rehash_policy::_M_need_rehash(unsigned int, unsigned int, unsigned int) const)
/opt/st/stm32cubeide_1.15.0/plugins/com.st.stm32cube.ide.mcu.externaltools.gnu-tools-for-stm32.12.3.rel1.linux64_1.0.100.202403111256/tools/bin/../lib/gcc/arm-none-eabi/12.3.1/../../../../arm-none-eabi/lib/thumb/v7e-m+fp/hard/libstdc++_nano.a(del_op.o)
                              /opt/st/stm32cubeide_1.15.0/plugins/com.st.stm32cube.ide.mcu.externaltools.gnu-tools-for-stm32.12.3.rel1.linux64_1.0.100.202403111256/tools/bin/../lib/gcc/arm-none-eabi/12.3.1/../../../../arm-none-eabi/lib/thumb/v7e-m+fp/hard/libstdc++_nano.a(del_ops.o) (operator delete(void*))
/opt/st/stm32cubeide_1.15.0/plugins/com.st.stm32cube.ide.mcu.externaltools.gnu-tools-for-stm32.12.3.rel1.linux64_1.0.100.202403111256/tools/bin/../lib/gcc/arm-none-eabi/12.3.1/../../../../arm-none-eabi/lib/thumb/v7e-m+fp/hard/libstdc++_nano.a(new_handler.o)
                              /opt/st/stm32cubeide_1.15.0/plugins/com.st.stm32cube.ide.mcu.externaltools.gnu-tools-for-stm32.12.3.rel1.linux64_1.0.100.202403111256/tools/bin/../lib/gcc/arm-none-eabi/12.3.1/../../../../arm-none-eabi/lib/thumb/v7e-m+fp/hard/libstdc++_nano.a(new_op.o) (std::get_new_handler())
/opt/st/stm32cubeide_1.15.0/plugins/com.st.stm32cube.ide.mcu.externaltools.gnu-tools-for-stm32.12.3.rel1.linux64_1.0.100.202403111256/tools/bin/../lib/gcc/arm-none-eabi/12.3.1/../../../../arm-none-eabi/lib/thumb/v7e-m+fp/hard/libm.a(libm_a-s_floor.o)
                              /opt/st/stm32cubeide_1.15.0/plugins/com.st.stm32cube.ide.mcu.externaltools.gnu-tools-for-stm32.12.3.rel1.linux64_1.0.100.202403111256/tools/bin/../lib/gcc/arm-none-eabi/12.3.1/../../../../arm-none-eabi/lib/thumb/v7e-m+fp/hard/libstdc++_nano.a(hashtable_c++0x.o) (floor)
/opt/st/stm32cubeide_1.15.0/plugins/com.st.stm32cube.ide.mcu.externaltools.gnu-tools-for-stm32.12.3.rel1.linux64_1.0.100.202403111256/tools/bin/../lib/gcc/arm-none-eabi/12.3.1/../../../../arm-none-eabi/lib/thumb/v7e-m+fp/hard/libc_nano.a(libc_a-abort.o)
                              /opt/st/stm32cubeide_1.15.0/plugins/com.st.stm32cube.ide.mcu.externaltools.gnu-tools-for-stm32.12.3.rel1.linux64_1.0.100.202403111256/tools/bin/../lib/gcc/arm-none-eabi/12.3.1/../../../../arm-none-eabi/lib/thumb/v7e-m+fp/hard/libstdc++_nano.a(new_op.o) (abort)
/opt/st/stm32cubeide_1.15.0/plugins/com.st.stm32cube.ide.mcu.externaltools.gnu-tools-for-stm32.12.3.rel1.linux64_1.0.100.202403111256/tools/bin/../lib/gcc/arm-none-eabi/12.3.1/../../../../arm-none-eabi/lib/thumb/v7e-m+fp/hard/libc_nano.a(libc_a-atexit.o)
                              ./Core/Src/app/util/MemoryMonitor.o (atexit)
/opt/st/stm32cubeide_1.15.0/plugins/com.st.stm32cube.ide.mcu.externaltools.gnu-tools-for-stm32.12.3.rel1.linux64_1.0.100.202403111256/tools/bin/../lib/gcc/arm-none-eabi/12.3.1/../../../../arm-none-eabi/lib/thumb/v7e-m+fp/hard/libc_nano.a(libc_a-exit.o)
                              /opt/st/stm32cubeide_1.15.0/plugins/com.st.stm32cube.ide.mcu.externaltools.gnu-tools-for-stm32.12.3.rel1.linux64_1.0.100.202403111256/tools/bin/../lib/gcc/arm-none-eabi/12.3.1/../../../../arm-none-eabi/lib/thumb/v7e-m+fp/hard/crt0.o (exit)
[...]
Memory Configuration

Name             Origin             Length             Attributes
RAM              0x20000000         0x00010000         xrw
RAM2             0x10000000         0x00004000         xrw
FLASH            0x08000000         0x00040000         xr
*default*        0x00000000         0xffffffff

Linker script and memory map

LOAD /opt/st/stm32cubeide_1.15.0/plugins/com.st.stm32cube.ide.mcu.externaltools.gnu-tools-for-stm32.12.3.rel1.linux64_1.0.100.202403111256/tools/bin/../lib/gcc/arm-none-eabi/12.3.1/thumb/v7e-m+fp/hard/crti.o
LOAD /opt/st/stm32cubeide_1.15.0/plugins/com.st.stm32cube.ide.mcu.externaltools.gnu-tools-for-stm32.12.3.rel1.linux64_1.0.100.202403111256/tools/bin/../lib/gcc/arm-none-eabi/12.3.1/thumb/v7e-m+fp/hard/crtbegin.o
LOAD /opt/st/stm32cubeide_1.15.0/plugins/com.st.stm32cube.ide.mcu.externaltools.gnu-tools-for-stm32.12.3.rel1.linux64_1.0.100.202403111256/tools/bin/../lib/gcc/arm-none-eabi/12.3.1/../../../../arm-none-eabi/lib/thumb/v7e-m+fp/hard/crt0.o
LOAD ./Core/Src/app/App.o
LOAD ./Core/Src/app/AppWrapper.o
LOAD ./Core/Src/app/model/LedController.o
LOAD ./Core/Src/app/model/TimerManager.o
LOAD ./Core/Src/app/util/DebugLogger.o
LOAD ./Core/Src/app/util/MemoryMonitor.o
LOAD ./Core/Src/main.o
LOAD ./Core/Src/stm32l4xx_hal_msp.o
LOAD ./Core/Src/stm32l4xx_it.o
LOAD ./Core/Src/syscalls.o
LOAD ./Core/Src/sysmem.o
LOAD ./Core/Src/system_stm32l4xx.o
LOAD ./Core/Startup/startup_stm32l432kcux.o
LOAD ./Drivers/STM32L4xx_HAL_Driver/Src/stm32l4xx_hal.o
LOAD ./Drivers/STM32L4xx_HAL_Driver/Src/stm32l4xx_hal_cortex.o
LOAD ./Drivers/STM32L4xx_HAL_Driver/Src/stm32l4xx_hal_dma.o
LOAD ./Drivers/STM32L4xx_HAL_Driver/Src/stm32l4xx_hal_dma_ex.o
LOAD ./Drivers/STM32L4xx_HAL_Driver/Src/stm32l4xx_hal_exti.o
LOAD ./Drivers/STM32L4xx_HAL_Driver/Src/stm32l4xx_hal_flash.o
LOAD ./Drivers/STM32L4xx_HAL_Driver/Src/stm32l4xx_hal_flash_ex.o
LOAD ./Drivers/STM32L4xx_HAL_Driver/Src/stm32l4xx_hal_flash_ramfunc.o
LOAD ./Drivers/STM32L4xx_HAL_Driver/Src/stm32l4xx_hal_gpio.o
LOAD ./Drivers/STM32L4xx_HAL_Driver/Src/stm32l4xx_hal_i2c.o
LOAD ./Drivers/STM32L4xx_HAL_Driver/Src/stm32l4xx_hal_i2c_ex.o
LOAD ./Drivers/STM32L4xx_HAL_Driver/Src/stm32l4xx_hal_pwr.o
LOAD ./Drivers/STM32L4xx_HAL_Driver/Src/stm32l4xx_hal_pwr_ex.o
LOAD ./Drivers/STM32L4xx_HAL_Driver/Src/stm32l4xx_hal_rcc.o
LOAD ./Drivers/STM32L4xx_HAL_Driver/Src/stm32l4xx_hal_rcc_ex.o
LOAD ./Drivers/STM32L4xx_HAL_Driver/Src/stm32l4xx_hal_tim.o
LOAD ./Drivers/STM32L4xx_HAL_Driver/Src/stm32l4xx_hal_tim_ex.o
LOAD ./Drivers/STM32L4xx_HAL_Driver/Src/stm32l4xx_hal_uart.o
LOAD ./Drivers/STM32L4xx_HAL_Driver/Src/stm32l4xx_hal_uart_ex.o
START GROUP
LOAD /opt/st/stm32cubeide_1.15.0/plugins/com.st.stm32cube.ide.mcu.externaltools.gnu-tools-for-stm32.12.3.rel1.linux64_1.0.100.202403111256/tools/bin/../lib/gcc/arm-none-eabi/12.3.1/../../../../arm-none-eabi/lib/thumb/v7e-m+fp/hard/libstdc++_nano.a
LOAD /opt/st/stm32cubeide_1.15.0/plugins/com.st.stm32cube.ide.mcu.externaltools.gnu-tools-for-stm32.12.3.rel1.linux64_1.0.100.202403111256/tools/bin/../lib/gcc/arm-none-eabi/12.3.1/../../../../arm-none-eabi/lib/thumb/v7e-m+fp/hard/libsupc++_nano.a
END GROUP
LOAD /opt/st/stm32cubeide_1.15.0/plugins/com.st.stm32cube.ide.mcu.externaltools.gnu-tools-for-stm32.12.3.rel1.linux64_1.0.100.202403111256/tools/bin/../lib/gcc/arm-none-eabi/12.3.1/../../../../arm-none-eabi/lib/thumb/v7e-m+fp/hard/libstdc++_nano.a
LOAD /opt/st/stm32cubeide_1.15.0/plugins/com.st.stm32cube.ide.mcu.externaltools.gnu-tools-for-stm32.12.3.rel1.linux64_1.0.100.202403111256/tools/bin/../lib/gcc/arm-none-eabi/12.3.1/../../../../arm-none-eabi/lib/thumb/v7e-m+fp/hard/libm.a
LOAD /opt/st/stm32cubeide_1.15.0/plugins/com.st.stm32cube.ide.mcu.externaltools.gnu-tools-for-stm32.12.3.rel1.linux64_1.0.100.202403111256/tools/bin/../lib/gcc/arm-none-eabi/12.3.1/../../../../arm-none-eabi/lib/thumb/v7e-m+fp/hard/libc_nano.a
START GROUP
LOAD /opt/st/stm32cubeide_1.15.0/plugins/com.st.stm32cube.ide.mcu.externaltools.gnu-tools-for-stm32.12.3.rel1.linux64_1.0.100.202403111256/tools/bin/../lib/gcc/arm-none-eabi/12.3.1/thumb/v7e-m+fp/hard/libgcc.a
LOAD /opt/st/stm32cubeide_1.15.0/plugins/com.st.stm32cube.ide.mcu.externaltools.gnu-tools-for-stm32.12.3.rel1.linux64_1.0.100.202403111256/tools/bin/../lib/gcc/arm-none-eabi/12.3.1/../../../../arm-none-eabi/lib/thumb/v7e-m+fp/hard/libc_nano.a
END GROUP
START GROUP
LOAD /opt/st/stm32cubeide_1.15.0/plugins/com.st.stm32cube.ide.mcu.externaltools.gnu-tools-for-stm32.12.3.rel1.linux64_1.0.100.202403111256/tools/bin/../lib/gcc/arm-none-eabi/12.3.1/thumb/v7e-m+fp/hard/libgcc.a
LOAD /opt/st/stm32cubeide_1.15.0/plugins/com.st.stm32cube.ide.mcu.externaltools.gnu-tools-for-stm32.12.3.rel1.linux64_1.0.100.202403111256/tools/bin/../lib/gcc/arm-none-eabi/12.3.1/../../../../arm-none-eabi/lib/thumb/v7e-m+fp/hard/libc_nano.a
LOAD /opt/st/stm32cubeide_1.15.0/plugins/com.st.stm32cube.ide.mcu.externaltools.gnu-tools-for-stm32.12.3.rel1.linux64_1.0.100.202403111256/tools/bin/../lib/gcc/arm-none-eabi/12.3.1/../../../../arm-none-eabi/lib/thumb/v7e-m+fp/hard/libnosys.a
END GROUP
START GROUP
LOAD /opt/st/stm32cubeide_1.15.0/plugins/com.st.stm32cube.ide.mcu.externaltools.gnu-tools-for-stm32.12.3.rel1.linux64_1.0.100.202403111256/tools/bin/../lib/gcc/arm-none-eabi/12.3.1/thumb/v7e-m+fp/hard/libgcc.a
LOAD /opt/st/stm32cubeide_1.15.0/plugins/com.st.stm32cube.ide.mcu.externaltools.gnu-tools-for-stm32.12.3.rel1.linux64_1.0.100.202403111256/tools/bin/../lib/gcc/arm-none-eabi/12.3.1/../../../../arm-none-eabi/lib/thumb/v7e-m+fp/hard/libc_nano.a
LOAD /opt/st/stm32cubeide_1.15.0/plugins/com.st.stm32cube.ide.mcu.externaltools.gnu-tools-for-stm32.12.3.rel1.linux64_1.0.100.202403111256/tools/bin/../lib/gcc/arm-none-eabi/12.3.1/../../../../arm-none-eabi/lib/thumb/v7e-m+fp/hard/libnosys.a
END GROUP
LOAD /opt/st/stm32cubeide_1.15.0/plugins/com.st.stm32cube.ide.mcu.externaltools.gnu-tools-for-stm32.12.3.rel1.linux64_1.0.100.202403111256/tools/bin/../lib/gcc/arm-none-eabi/12.3.1/thumb/v7e-m+fp/hard/crtend.o
LOAD /opt/st/stm32cubeide_1.15.0/plugins/com.st.stm32cube.ide.mcu.externaltools.gnu-tools-for-stm32.12.3.rel1.linux64_1.0.100.202403111256/tools/bin/../lib/gcc/arm-none-eabi/12.3.1/thumb/v7e-m+fp/hard/crtn.o
                0x20010000                        _estack = (ORIGIN (RAM) + LENGTH (RAM))
                0x00000200                        _Min_Heap_Size = 0x200
                0x00000400                        _Min_Stack_Size = 0x400

.isr_vector     0x08000000      0x18c
                0x08000000                        . = ALIGN (0x4)
 *(.isr_vector)
 .isr_vector    0x08000000      0x18c ./Core/Startup/startup_stm32l432kcux.o
                0x08000000                g_pfnVectors
                0x0800018c                        . = ALIGN (0x4)

.text           0x08000190     0x69c4
                0x08000190                        . = ALIGN (0x4)
 *(.text)
 .text          0x08000190       0x40 /opt/st/stm32cubeide_1.15.0/plugins/com.st.stm32cube.ide.mcu.externaltools.gnu-tools-for-stm32.12.3.rel1.linux64_1.0.100.202403111256/tools/bin/../lib/gcc/arm-none-eabi/12.3.1/thumb/v7e-m+fp/hard/crtbegin.o
 .text          0x080001d0       0x10 /opt/st/stm32cubeide_1.15.0/plugins/com.st.stm32cube.ide.mcu.externaltools.gnu-tools-for-stm32.12.3.rel1.linux64_1.0.100.202403111256/tools/bin/../lib/gcc/arm-none-eabi/12.3.1/../../../../arm-none-eabi/lib/thumb/v7e-m+fp/hard/libc_nano.a(libc_a-strlen.o)
                0x080001d0                strlen
 .text          0x080001e0       0xa0 /opt/st/stm32cubeide_1.15.0/plugins/com.st.stm32cube.ide.mcu.externaltools.gnu-tools-for-stm32.12.3.rel1.linux64_1.0.100.202403111256/tools/bin/../lib/gcc/arm-none-eabi/12.3.1/../../../../arm-none-eabi/lib/thumb/v7e-m+fp/hard/libc_nano.a(libc_a-memchr.o)
                0x080001e0                memchr
 .text          0x08000280      0x378 /opt/st/stm32cubeide_1.15.0/plugins/com.st.stm32cube.ide.mcu.externaltools.gnu-tools-for-stm32.12.3.rel1.linux64_1.0.100.202403111256/tools/bin/../lib/gcc/arm-none-eabi/12.3.1/thumb/v7e-m+fp/hard/libgcc.a(_arm_addsubdf3.o)
                0x08000280                __aeabi_drsub
                0x08000288                __aeabi_dsub
                0x08000288                __subdf3
                0x0800028c                __adddf3
                0x0800028c                __aeabi_dadd
                0x08000504                __aeabi_ui2d
                0x08000504                __floatunsidf
                0x08000524                __floatsidf
                0x08000524                __aeabi_i2d
                0x08000548                __extendsfdf2
                0x08000548                __aeabi_f2d
                0x0800058c                __aeabi_ul2d
                0x0800058c                __floatundidf
                0x0800059c                __floatdidf
                0x0800059c                __aeabi_l2d
 .text          0x080005f8      0x424 /opt/st/stm32cubeide_1.15.0/plugins/com.st.stm32cube.ide.mcu.externaltools.gnu-tools-for-stm32.12.3.rel1.linux64_1.0.100.202403111256/tools/bin/../lib/gcc/arm-none-eabi/12.3.1/thumb/v7e-m+fp/hard/libgcc.a(_arm_muldivdf3.o)
                0x080005f8                __aeabi_dmul
                0x080005f8                __muldf3
                0x0800084c                __aeabi_ddiv
                0x0800084c                __divdf3
 .text          0x08000a1c      0x110 /opt/st/stm32cubeide_1.15.0/plugins/com.st.stm32cube.ide.mcu.externaltools.gnu-tools-for-stm32.12.3.rel1.linux64_1.0.100.202403111256/tools/bin/../lib/gcc/arm-none-eabi/12.3.1/thumb/v7e-m+fp/hard/libgcc.a(_arm_cmpdf2.o)
                0x08000a1c                __gtdf2
                0x08000a1c                __gedf2
                0x08000a24                __ltdf2
                0x08000a24                __ledf2
                0x08000a2c                __cmpdf2
                0x08000a2c                __eqdf2
                0x08000a2c                __nedf2
                0x08000aa8                __aeabi_cdrcmple
                0x08000ab8                __aeabi_cdcmple
                0x08000ab8                __aeabi_cdcmpeq
                0x08000ac8                __aeabi_dcmpeq
                0x08000adc                __aeabi_dcmplt
                0x08000af0                __aeabi_dcmple
                0x08000b04                __aeabi_dcmpge
                0x08000b18                __aeabi_dcmpgt
 .text          0x08000b2c       0x40 /opt/st/stm32cubeide_1.15.0/plugins/com.st.stm32cube.ide.mcu.externaltools.gnu-tools-for-stm32.12.3.rel1.linux64_1.0.100.202403111256/tools/bin/../lib/gcc/arm-none-eabi/12.3.1/thumb/v7e-m+fp/hard/libgcc.a(_arm_fixunsdfsi.o)
                0x08000b2c                __fixunsdfsi
                0x08000b2c                __aeabi_d2uiz
 .text          0x08000b6c       0x30 /opt/st/stm32cubeide_1.15.0/plugins/com.st.stm32cube.ide.mcu.externaltools.gnu-tools-for-stm32.12.3.rel1.linux64_1.0.100.202403111256/tools/bin/../lib/gcc/arm-none-eabi/12.3.1/thumb/v7e-m+fp/hard/libgcc.a(_aeabi_uldivmod.o)
                0x08000b6c                __aeabi_uldivmod
 .text          0x08000b9c      0x2bc /opt/st/stm32cubeide_1.15.0/plugins/com.st.stm32cube.ide.mcu.externaltools.gnu-tools-for-stm32.12.3.rel1.linux64_1.0.100.202403111256/tools/bin/../lib/gcc/arm-none-eabi/12.3.1/thumb/v7e-m+fp/hard/libgcc.a(_udivmoddi4.o)
                0x08000b9c                __udivmoddi4
 .text          0x08000e58        0x4 /opt/st/stm32cubeide_1.15.0/plugins/com.st.stm32cube.ide.mcu.externaltools.gnu-tools-for-stm32.12.3.rel1.linux64_1.0.100.202403111256/tools/bin/../lib/gcc/arm-none-eabi/12.3.1/thumb/v7e-m+fp/hard/libgcc.a(_dvmd_tls.o)
                0x08000e58                __aeabi_ldiv0
                0x08000e58                __aeabi_idiv0
 *(.text*)
 .text._ZN3AppC2EP17TIM_HandleTypeDefP20__UART_HandleTypeDef
                0x08000e5c       0x5c ./Core/Src/app/App.o
                0x08000e5c                App::App(TIM_HandleTypeDef*, __UART_HandleTypeDef*)
                0x08000e5c                App::App(TIM_HandleTypeDef*, __UART_HandleTypeDef*)
 .text._ZN3App4initEv
                0x08000eb8       0xbc ./Core/Src/app/App.o
                0x08000eb8                App::init()
 .text._ZN3App4loopEv
                0x08000f74       0x26 ./Core/Src/app/App.o
                0x08000f74                App::loop()
 *fill*         0x08000f9a        0x2 
 .text.App_Init
                0x08000f9c       0x38 ./Core/Src/app/AppWrapper.o
                0x08000f9c                App_Init
 .text.App_Loop
                0x08000fd4       0x18 ./Core/Src/app/AppWrapper.o
                0x08000fd4                App_Loop
 .text.App_TIM2_IRQHandler
                0x08000fec       0x18 ./Core/Src/app/AppWrapper.o
                0x08000fec                App_TIM2_IRQHandler
 .text._ZN13LedControllerC2EP12GPIO_TypeDeft
                0x08001004       0x34 ./Core/Src/app/model/LedController.o
                0x08001004                LedController::LedController(GPIO_TypeDef*, unsigned short)
                0x08001004                LedController::LedController(GPIO_TypeDef*, unsigned short)
 .text._ZN13LedController9toggleLedEv
                0x08001038       0x2e ./Core/Src/app/model/LedController.o
                0x08001038                LedController::toggleLed()
 .text._ZN13LedController6updateEm
                0x08001066       0x2c ./Core/Src/app/model/LedController.o
                0x08001066                LedController::update(unsigned long)
 .text._ZN12TimerManagerC2EP17TIM_HandleTypeDef
                0x08001092       0x26 ./Core/Src/app/model/TimerManager.o
                0x08001092                TimerManager::TimerManager(TIM_HandleTypeDef*)
                0x08001092                TimerManager::TimerManager(TIM_HandleTypeDef*)
 .text._ZN12TimerManager15handleInterruptEv
                0x080010b8       0x1e ./Core/Src/app/model/TimerManager.o
                0x080010b8                TimerManager::handleInterrupt()
 .text._ZNK12TimerManager14getElapsedTimeEv
                0x080010d6       0x18 ./Core/Src/app/model/TimerManager.o
                0x080010d6                TimerManager::getElapsedTime() const
 *fill*         0x080010ee        0x2 
 .text._ZN11DebugLogger11getInstanceEv
                0x080010f0       0x50 ./Core/Src/app/util/DebugLogger.o
                0x080010f0                DebugLogger::getInstance()
 .text._ZN11DebugLoggerC2Ev
                0x08001140       0x1c ./Core/Src/app/util/DebugLogger.o
                0x08001140                DebugLogger::DebugLogger()
                0x08001140                DebugLogger::DebugLogger()
 .text._ZN11DebugLogger4initEP20__UART_HandleTypeDef
                0x0800115c       0x24 ./Core/Src/app/util/DebugLogger.o
                0x0800115c                DebugLogger::init(__UART_HandleTypeDef*)
 .text._ZN11DebugLogger3logEPKcz
                0x08001180       0x5a ./Core/Src/app/util/DebugLogger.o
                0x08001180                DebugLogger::log(char const*, ...)
 .text._ZnwjPv  0x080011da       0x18 ./Core/Src/app/util/MemoryMonitor.o
                0x080011da                operator new(unsigned int, void*)
 .text._ZNSt8__detail15_Hash_node_baseC2Ev
                0x080011f2       0x1c ./Core/Src/app/util/MemoryMonitor.o
                0x080011f2                std::__detail::_Hash_node_base::_Hash_node_base()
                0x080011f2                std::__detail::_Hash_node_base::_Hash_node_base()
 .text._ZNKSt8__detail18_Mod_range_hashingclEjj
                0x0800120e       0x28 ./Core/Src/app/util/MemoryMonitor.o
                0x0800120e                std::__detail::_Mod_range_hashing::operator()(unsigned int, unsigned int) const
 .text._ZNSt8__detail20_Prime_rehash_policyC2Ef
                0x08001236       0x26 ./Core/Src/app/util/MemoryMonitor.o
                0x08001236                std::__detail::_Prime_rehash_policy::_Prime_rehash_policy(float)
                0x08001236                std::__detail::_Prime_rehash_policy::_Prime_rehash_policy(float)
 .text._ZNKSt8__detail20_Prime_rehash_policy8_M_stateEv
                0x0800125c       0x18 ./Core/Src/app/util/MemoryMonitor.o
                0x0800125c                std::__detail::_Prime_rehash_policy::_M_state() const
 .text._ZNSt13unordered_mapIPvjSt4hashIS0_ESt8equal_toIS0_ESaISt4pairIKS0_jEEED2Ev
                0x08001274       0x1a ./Core/Src/app/util/MemoryMonitor.o
                0x08001274                std::unordered_map<void*, unsigned int, std::hash<void*>, std::equal_to<void*>, std::allocator<std::pair<void* const, unsigned int> > >::~unordered_map()
                0x08001274                std::unordered_map<void*, unsigned int, std::hash<void*>, std::equal_to<void*>, std::allocator<std::pair<void* const, unsigned int> > >::~unordered_map()
 .text._ZN13MemoryMonitorD2Ev
                0x0800128e       0x1c ./Core/Src/app/util/MemoryMonitor.o
                0x0800128e                MemoryMonitor::~MemoryMonitor()
                0x0800128e                MemoryMonitor::~MemoryMonitor()
 *fill*         0x080012aa        0x2 
 .text.__tcf_0  0x080012ac       0x10 ./Core/Src/app/util/MemoryMonitor.o
 .text._ZN13MemoryMonitor11getInstanceEv
                0x080012bc       0x58 ./Core/Src/app/util/MemoryMonitor.o
                0x080012bc                MemoryMonitor::getInstance()
 .text._ZNSt8__detail15_Hash_code_baseIPvSt4pairIKS1_jENS_10_Select1stESt4hashIS1_ENS_18_Mod_range_hashingENS_20_Default_ranged_hashELb0EEC2Ev
                0x08001314       0x18 ./Core/Src/app/util/MemoryMonitor.o
                0x08001314                std::__detail::_Hash_code_base<void*, std::pair<void* const, unsigned int>, std::__detail::_Select1st, std::hash<void*>, std::__detail::_Mod_range_hashing, std::__detail::_Default_ranged_hash, false>::_Hash_code_base()
                0x08001314                std::__detail::_Hash_code_base<void*, std::pair<void* const, unsigned int>, std::__detail::_Select1st, std::hash<void*>, std::__detail::_Mod_range_hashing, std::__detail::_Default_ranged_hash, false>::_Hash_code_base()
 .text._ZNSt8__detail15_Hashtable_baseIPvSt4pairIKS1_jENS_10_Select1stESt8equal_toIS1_ESt4hashIS1_ENS_18_Mod_range_hashingENS_20_Default_ranged_hashENS_17_Hashtable_traitsILb0ELb0ELb1EEEEC2Ev
                0x0800132c       0x1e ./Core/Src/app/util/MemoryMonitor.o
                0x0800132c                std::__detail::_Hashtable_base<void*, std::pair<void* const, unsigned int>, std::__detail::_Select1st, std::equal_to<void*>, std::hash<void*>, std::__detail::_Mod_range_hashing, std::__detail::_Default_ranged_hash, std::__detail::_Hashtable_traits<false, false, true> >::_Hashtable_base()
                0x0800132c                std::__detail::_Hashtable_base<void*, std::pair<void* const, unsigned int>, std::__detail::_Select1st, std::equal_to<void*>, std::hash<void*>, std::__detail::_Mod_range_hashing, std::__detail::_Default_ranged_hash, std::__detail::_Hashtable_traits<false, false, true> >::_Hashtable_base()
 .text._ZNSt8__detail21_Hashtable_ebo_helperILi0ESaINS_10_Hash_nodeISt4pairIKPvjELb0EEEELb1EED2Ev
                0x0800134a       0x18 ./Core/Src/app/util/MemoryMonitor.o
                0x0800134a                std::__detail::_Hashtable_ebo_helper<0, std::allocator<std::__detail::_Hash_node<std::pair<void* const, unsigned int>, false> >, true>::~_Hashtable_ebo_helper()
                0x0800134a                std::__detail::_Hashtable_ebo_helper<0, std::allocator<std::__detail::_Hash_node<std::pair<void* const, unsigned int>, false> >, true>::~_Hashtable_ebo_helper()
 .text._ZNSt8__detail16_Hashtable_allocISaINS_10_Hash_nodeISt4pairIKPvjELb0EEEEEC2Ev
                0x08001362       0x18 ./Core/Src/app/util/MemoryMonitor.o
                0x08001362                std::__detail::_Hashtable_alloc<std::allocator<std::__detail::_Hash_node<std::pair<void* const, unsigned int>, false> > >::_Hashtable_alloc()
                0x08001362                std::__detail::_Hashtable_alloc<std::allocator<std::__detail::_Hash_node<std::pair<void* const, unsigned int>, false> > >::_Hashtable_alloc()
 .text._ZNSt8__detail16_Hashtable_allocISaINS_10_Hash_nodeISt4pairIKPvjELb0EEEEED2Ev
                0x0800137a       0x18 ./Core/Src/app/util/MemoryMonitor.o
                0x0800137a                std::__detail::_Hashtable_alloc<std::allocator<std::__detail::_Hash_node<std::pair<void* const, unsigned int>, false> > >::~_Hashtable_alloc()
                0x0800137a                std::__detail::_Hashtable_alloc<std::allocator<std::__detail::_Hash_node<std::pair<void* const, unsigned int>, false> > >::~_Hashtable_alloc()
 .text._ZNSt10_HashtableIPvSt4pairIKS0_jESaIS3_ENSt8__detail10_Select1stESt8equal_toIS0_ESt4hashIS0_ENS5_18_Mod_range_hashingENS5_20_Default_ranged_hashENS5_20_Prime_rehash_policyENS5_17_Hashtable_traitsILb0ELb0ELb1EEEEC2Ev
                0x08001392       0x52 ./Core/Src/app/util/MemoryMonitor.o
                0x08001392                std::_Hashtable<void*, std::pair<void* const, unsigned int>, std::allocator<std::pair<void* const, unsigned int> >, std::__detail::_Select1st, std::equal_to<void*>, std::hash<void*>, std::__detail::_Mod_range_hashing, std::__detail::_Default_ranged_hash, std::__detail::_Prime_rehash_policy, std::__detail::_Hashtable_traits<false, false, true> >::_Hashtable()
                0x08001392                std::_Hashtable<void*, std::pair<void* const, unsigned int>, std::allocator<std::pair<void* const, unsigned int> >, std::__detail::_Select1st, std::equal_to<void*>, std::hash<void*>, std::__detail::_Mod_range_hashing, std::__detail::_Default_ranged_hash, std::__detail::_Prime_rehash_policy, std::__detail::_Hashtable_traits<false, false, true> >::_Hashtable()
 .text._ZNSt13unordered_mapIPvjSt4hashIS0_ESt8equal_toIS0_ESaISt4pairIKS0_jEEEC2Ev
                0x080013e4       0x1a ./Core/Src/app/util/MemoryMonitor.o
                0x080013e4                std::unordered_map<void*, unsigned int, std::hash<void*>, std::equal_to<void*>, std::allocator<std::pair<void* const, unsigned int> > >::unordered_map()
                0x080013e4                std::unordered_map<void*, unsigned int, std::hash<void*>, std::equal_to<void*>, std::allocator<std::pair<void* const, unsigned int> > >::unordered_map()
 .text._ZN13MemoryMonitorC2Ev
                0x080013fe       0x28 ./Core/Src/app/util/MemoryMonitor.o
                0x080013fe                MemoryMonitor::MemoryMonitor()
                0x080013fe                MemoryMonitor::MemoryMonitor()
 .text._ZN13MemoryMonitor15monitoredMallocEj
                0x08001426       0x52 ./Core/Src/app/util/MemoryMonitor.o
                0x08001426                MemoryMonitor::monitoredMalloc(unsigned int)
 .text._ZN13MemoryMonitor13monitoredFreeEPv
                0x08001478       0x8e ./Core/Src/app/util/MemoryMonitor.o
                0x08001478                MemoryMonitor::monitoredFree(void*)
 .text._ZNK13MemoryMonitor23getTotalAllocatedMemoryEv
                0x08001506       0x18 ./Core/Src/app/util/MemoryMonitor.o
                0x08001506                MemoryMonitor::getTotalAllocatedMemory() const
 .text._ZNK13MemoryMonitor25getCurrentAllocatedMemoryEv
                0x0800151e       0x18 ./Core/Src/app/util/MemoryMonitor.o
                0x0800151e                MemoryMonitor::getCurrentAllocatedMemory() const
 *fill*         0x08001536        0x2 
 .text._ZNK13MemoryMonitor16printMemoryUsageEv
                0x08001538      0x1c0 ./Core/Src/app/util/MemoryMonitor.o
                0x08001538                MemoryMonitor::printMemoryUsage() const
 .text._ZNSt10_HashtableIPvSt4pairIKS0_jESaIS3_ENSt8__detail10_Select1stESt8equal_toIS0_ESt4hashIS0_ENS5_18_Mod_range_hashingENS5_20_Default_ranged_hashENS5_20_Prime_rehash_policyENS5_17_Hashtable_traitsILb0ELb0ELb1EEEED2Ev
                0x080016f8       0x24 ./Core/Src/app/util/MemoryMonitor.o
                0x080016f8                std::_Hashtable<void*, std::pair<void* const, unsigned int>, std::allocator<std::pair<void* const, unsigned int> >, std::__detail::_Select1st, std::equal_to<void*>, std::hash<void*>, std::__detail::_Mod_range_hashing, std::__detail::_Default_ranged_hash, std::__detail::_Prime_rehash_policy, std::__detail::_Hashtable_traits<false, false, true> >::~_Hashtable()
                0x080016f8                std::_Hashtable<void*, std::pair<void* const, unsigned int>, std::allocator<std::pair<void* const, unsigned int> >, std::__detail::_Select1st, std::equal_to<void*>, std::hash<void*>, std::__detail::_Mod_range_hashing, std::__detail::_Default_ranged_hash, std::__detail::_Prime_rehash_policy, std::__detail::_Hashtable_traits<false, false, true> >::~_Hashtable()
 .text._ZNSt8__detail21_Hashtable_ebo_helperILi1ESt4hashIPvELb1EEC2Ev
                0x0800171c       0x16 ./Core/Src/app/util/MemoryMonitor.o
                0x0800171c                std::__detail::_Hashtable_ebo_helper<1, std::hash<void*>, true>::_Hashtable_ebo_helper()
                0x0800171c                std::__detail::_Hashtable_ebo_helper<1, std::hash<void*>, true>::_Hashtable_ebo_helper()
 .text._ZNSt8__detail21_Hashtable_ebo_helperILi0ESt8equal_toIPvELb1EEC2Ev
                0x08001732       0x16 ./Core/Src/app/util/MemoryMonitor.o
                0x08001732                std::__detail::_Hashtable_ebo_helper<0, std::equal_to<void*>, true>::_Hashtable_ebo_helper()
                0x08001732                std::__detail::_Hashtable_ebo_helper<0, std::equal_to<void*>, true>::_Hashtable_ebo_helper()
 .text._ZNSt8__detail21_Hashtable_ebo_helperILi0ESaINS_10_Hash_nodeISt4pairIKPvjELb0EEEELb1EEC2Ev
                0x08001748       0x18 ./Core/Src/app/util/MemoryMonitor.o
                0x08001748                std::__detail::_Hashtable_ebo_helper<0, std::allocator<std::__detail::_Hash_node<std::pair<void* const, unsigned int>, false> >, true>::_Hashtable_ebo_helper()
                0x08001748                std::__detail::_Hashtable_ebo_helper<0, std::allocator<std::__detail::_Hash_node<std::pair<void* const, unsigned int>, false> >, true>::_Hashtable_ebo_helper()
 .text._ZNSaINSt8__detail10_Hash_nodeISt4pairIKPvjELb0EEEED2Ev
                0x08001760       0x18 ./Core/Src/app/util/MemoryMonitor.o
                0x08001760                std::allocator<std::__detail::_Hash_node<std::pair<void* const, unsigned int>, false> >::~allocator()
                0x08001760                std::allocator<std::__detail::_Hash_node<std::pair<void* const, unsigned int>, false> >::~allocator()
 .text._ZNSt13unordered_mapIPvjSt4hashIS0_ESt8equal_toIS0_ESaISt4pairIKS0_jEEEixERS6_
                0x08001778       0x1e ./Core/Src/app/util/MemoryMonitor.o
                0x08001778                std::unordered_map<void*, unsigned int, std::hash<void*>, std::equal_to<void*>, std::allocator<std::pair<void* const, unsigned int> > >::operator[](void* const&)
 .text._ZNSt13unordered_mapIPvjSt4hashIS0_ESt8equal_toIS0_ESaISt4pairIKS0_jEEE4findERS6_
                0x08001796       0x1e ./Core/Src/app/util/MemoryMonitor.o
                0x08001796                std::unordered_map<void*, unsigned int, std::hash<void*>, std::equal_to<void*>, std::allocator<std::pair<void* const, unsigned int> > >::find(void* const&)
 .text._ZNSt13unordered_mapIPvjSt4hashIS0_ESt8equal_toIS0_ESaISt4pairIKS0_jEEE3endEv
                0x080017b4       0x1a ./Core/Src/app/util/MemoryMonitor.o
                0x080017b4                std::unordered_map<void*, unsigned int, std::hash<void*>, std::equal_to<void*>, std::allocator<std::pair<void* const, unsigned int> > >::end()
 .text._ZNSt8__detailneERKNS_19_Node_iterator_baseISt4pairIKPvjELb0EEES7_
                0x080017ce       0x28 ./Core/Src/app/util/MemoryMonitor.o
                0x080017ce                std::__detail::operator!=(std::__detail::_Node_iterator_base<std::pair<void* const, unsigned int>, false> const&, std::__detail::_Node_iterator_base<std::pair<void* const, unsigned int>, false> const&)
 .text._ZNSt13unordered_mapIPvjSt4hashIS0_ESt8equal_toIS0_ESaISt4pairIKS0_jEEE5eraseERS6_
                0x080017f6       0x1e ./Core/Src/app/util/MemoryMonitor.o
                0x080017f6                std::unordered_map<void*, unsigned int, std::hash<void*>, std::equal_to<void*>, std::allocator<std::pair<void* const, unsigned int> > >::erase(void* const&)
 .text._ZNSt10_HashtableIPvSt4pairIKS0_jESaIS3_ENSt8__detail10_Select1stESt8equal_toIS0_ESt4hashIS0_ENS5_18_Mod_range_hashingENS5_20_Default_ranged_hashENS5_20_Prime_rehash_policyENS5_17_Hashtable_traitsILb0ELb0ELb1EEEE5clearEv
                0x08001814       0x40 ./Core/Src/app/util/MemoryMonitor.o
                0x08001814                std::_Hashtable<void*, std::pair<void* const, unsigned int>, std::allocator<std::pair<void* const, unsigned int> >, std::__detail::_Select1st, std::equal_to<void*>, std::hash<void*>, std::__detail::_Mod_range_hashing, std::__detail::_Default_ranged_hash, std::__detail::_Prime_rehash_policy, std::__detail::_Hashtable_traits<false, false, true> >::clear()
 .text._ZNSt10_HashtableIPvSt4pairIKS0_jESaIS3_ENSt8__detail10_Select1stESt8equal_toIS0_ESt4hashIS0_ENS5_18_Mod_range_hashingENS5_20_Default_ranged_hashENS5_20_Prime_rehash_policyENS5_17_Hashtable_traitsILb0ELb0ELb1EEEE21_M_deallocate_bucketsEv
                0x08001854       0x20 ./Core/Src/app/util/MemoryMonitor.o
                0x08001854                std::_Hashtable<void*, std::pair<void* const, unsigned int>, std::allocator<std::pair<void* const, unsigned int> >, std::__detail::_Select1st, std::equal_to<void*>, std::hash<void*>, std::__detail::_Mod_range_hashing, std::__detail::_Default_ranged_hash, std::__detail::_Prime_rehash_policy, std::__detail::_Hashtable_traits<false, false, true> >::_M_deallocate_buckets()
 .text._ZNSaINSt8__detail10_Hash_nodeISt4pairIKPvjELb0EEEEC2Ev
                0x08001874       0x18 ./Core/Src/app/util/MemoryMonitor.o
                0x08001874                std::allocator<std::__detail::_Hash_node<std::pair<void* const, unsigned int>, false> >::allocator()
                0x08001874                std::allocator<std::__detail::_Hash_node<std::pair<void* const, unsigned int>, false> >::allocator()
 .text._ZNSt15__new_allocatorINSt8__detail10_Hash_nodeISt4pairIKPvjELb0EEEED2Ev
                0x0800188c       0x16 ./Core/Src/app/util/MemoryMonitor.o
                0x0800188c                std::__new_allocator<std::__detail::_Hash_node<std::pair<void* const, unsigned int>, false> >::~__new_allocator()
                0x0800188c                std::__new_allocator<std::__detail::_Hash_node<std::pair<void* const, unsigned int>, false> >::~__new_allocator()
 *fill*         0x080018a2        0x2 
 .text._ZNSt8__detail9_Map_baseIPvSt4pairIKS1_jESaIS4_ENS_10_Select1stESt8equal_toIS1_ESt4hashIS1_ENS_18_Mod_range_hashingENS_20_Default_ranged_hashENS_20_Prime_rehash_policyENS_17_Hashtable_traitsILb0ELb0ELb1EEELb1EEixERS3_
                0x080018a4       0xac ./Core/Src/app/util/MemoryMonitor.o
                0x080018a4                std::__detail::_Map_base<void*, std::pair<void* const, unsigned int>, std::allocator<std::pair<void* const, unsigned int> >, std::__detail::_Select1st, std::equal_to<void*>, std::hash<void*>, std::__detail::_Mod_range_hashing, std::__detail::_Default_ranged_hash, std::__detail::_Prime_rehash_policy, std::__detail::_Hashtable_traits<false, false, true>, true>::operator[](void* const&)
 .text._ZNSt10_HashtableIPvSt4pairIKS0_jESaIS3_ENSt8__detail10_Select1stESt8equal_toIS0_ESt4hashIS0_ENS5_18_Mod_range_hashingENS5_20_Default_ranged_hashENS5_20_Prime_rehash_policyENS5_17_Hashtable_traitsILb0ELb0ELb1EEEE4findERS2_
                0x08001950       0xb6 ./Core/Src/app/util/MemoryMonitor.o
                0x08001950                std::_Hashtable<void*, std::pair<void* const, unsigned int>, std::allocator<std::pair<void* const, unsigned int> >, std::__detail::_Select1st, std::equal_to<void*>, std::hash<void*>, std::__detail::_Mod_range_hashing, std::__detail::_Default_ranged_hash, std::__detail::_Prime_rehash_policy, std::__detail::_Hashtable_traits<false, false, true> >::find(void* const&)
 .text._ZNSt10_HashtableIPvSt4pairIKS0_jESaIS3_ENSt8__detail10_Select1stESt8equal_toIS0_ESt4hashIS0_ENS5_18_Mod_range_hashingENS5_20_Default_ranged_hashENS5_20_Prime_rehash_policyENS5_17_Hashtable_traitsILb0ELb0ELb1EEEE3endEv
                0x08001a06       0x1e ./Core/Src/app/util/MemoryMonitor.o
                0x08001a06                std::_Hashtable<void*, std::pair<void* const, unsigned int>, std::allocator<std::pair<void* const, unsigned int> >, std::__detail::_Select1st, std::equal_to<void*>, std::hash<void*>, std::__detail::_Mod_range_hashing, std::__detail::_Default_ranged_hash, std::__detail::_Prime_rehash_policy, std::__detail::_Hashtable_traits<false, false, true> >::end()
 .text._ZNSt10_HashtableIPvSt4pairIKS0_jESaIS3_ENSt8__detail10_Select1stESt8equal_toIS0_ESt4hashIS0_ENS5_18_Mod_range_hashingENS5_20_Default_ranged_hashENS5_20_Prime_rehash_policyENS5_17_Hashtable_traitsILb0ELb0ELb1EEEE5eraseERS2_
                0x08001a24       0x1e ./Core/Src/app/util/MemoryMonitor.o
                0x08001a24                std::_Hashtable<void*, std::pair<void* const, unsigned int>, std::allocator<std::pair<void* const, unsigned int> >, std::__detail::_Select1st, std::equal_to<void*>, std::hash<void*>, std::__detail::_Mod_range_hashing, std::__detail::_Default_ranged_hash, std::__detail::_Prime_rehash_policy, std::__detail::_Hashtable_traits<false, false, true> >::erase(void* const&)
 .text._ZNKSt10_HashtableIPvSt4pairIKS0_jESaIS3_ENSt8__detail10_Select1stESt8equal_toIS0_ESt4hashIS0_ENS5_18_Mod_range_hashingENS5_20_Default_ranged_hashENS5_20_Prime_rehash_policyENS5_17_Hashtable_traitsILb0ELb0ELb1EEEE8_M_beginEv
                0x08001a42       0x18 ./Core/Src/app/util/MemoryMonitor.o
                0x08001a42                std::_Hashtable<void*, std::pair<void* const, unsigned int>, std::allocator<std::pair<void* const, unsigned int> >, std::__detail::_Select1st, std::equal_to<void*>, std::hash<void*>, std::__detail::_Mod_range_hashing, std::__detail::_Default_ranged_hash, std::__detail::_Prime_rehash_policy, std::__detail::_Hashtable_traits<false, false, true> >::_M_begin() const
 .text._ZNSt8__detail16_Hashtable_allocISaINS_10_Hash_nodeISt4pairIKPvjELb0EEEEE19_M_deallocate_nodesEPS6_
                0x08001a5a       0x30 ./Core/Src/app/util/MemoryMonitor.o
                0x08001a5a                std::__detail::_Hashtable_alloc<std::allocator<std::__detail::_Hash_node<std::pair<void* const, unsigned int>, false> > >::_M_deallocate_nodes(std::__detail::_Hash_node<std::pair<void* const, unsigned int>, false>*)
 .text._ZNSt10_HashtableIPvSt4pairIKS0_jESaIS3_ENSt8__detail10_Select1stESt8equal_toIS0_ESt4hashIS0_ENS5_18_Mod_range_hashingENS5_20_Default_ranged_hashENS5_20_Prime_rehash_policyENS5_17_Hashtable_traitsILb0ELb0ELb1EEEE21_M_deallocate_bucketsEPPNS5_15_Hash_node_baseEj
                0x08001a8a       0x2e ./Core/Src/app/util/MemoryMonitor.o
                0x08001a8a                std::_Hashtable<void*, std::pair<void* const, unsigned int>, std::allocator<std::pair<void* const, unsigned int> >, std::__detail::_Select1st, std::equal_to<void*>, std::hash<void*>, std::__detail::_Mod_range_hashing, std::__detail::_Default_ranged_hash, std::__detail::_Prime_rehash_policy, std::__detail::_Hashtable_traits<false, false, true> >::_M_deallocate_buckets(std::__detail::_Hash_node_base**, unsigned int)
 .text._ZNSt15__new_allocatorINSt8__detail10_Hash_nodeISt4pairIKPvjELb0EEEEC2Ev
                0x08001ab8       0x16 ./Core/Src/app/util/MemoryMonitor.o
                0x08001ab8                std::__new_allocator<std::__detail::_Hash_node<std::pair<void* const, unsigned int>, false> >::__new_allocator()
                0x08001ab8                std::__new_allocator<std::__detail::_Hash_node<std::pair<void* const, unsigned int>, false> >::__new_allocator()
 .text._ZNKSt8__detail15_Hash_code_baseIPvSt4pairIKS1_jENS_10_Select1stESt4hashIS1_ENS_18_Mod_range_hashingENS_20_Default_ranged_hashELb0EE12_M_hash_codeERS3_
                0x08001ace       0x28 ./Core/Src/app/util/MemoryMonitor.o
                0x08001ace                std::__detail::_Hash_code_base<void*, std::pair<void* const, unsigned int>, std::__detail::_Select1st, std::hash<void*>, std::__detail::_Mod_range_hashing, std::__detail::_Default_ranged_hash, false>::_M_hash_code(void* const&) const
 .text._ZNKSt10_HashtableIPvSt4pairIKS0_jESaIS3_ENSt8__detail10_Select1stESt8equal_toIS0_ESt4hashIS0_ENS5_18_Mod_range_hashingENS5_20_Default_ranged_hashENS5_20_Prime_rehash_policyENS5_17_Hashtable_traitsILb0ELb0ELb1EEEE15_M_bucket_indexEj
                0x08001af6       0x22 ./Core/Src/app/util/MemoryMonitor.o
                0x08001af6                std::_Hashtable<void*, std::pair<void* const, unsigned int>, std::allocator<std::pair<void* const, unsigned int> >, std::__detail::_Select1st, std::equal_to<void*>, std::hash<void*>, std::__detail::_Mod_range_hashing, std::__detail::_Default_ranged_hash, std::__detail::_Prime_rehash_policy, std::__detail::_Hashtable_traits<false, false, true> >::_M_bucket_index(unsigned int) const
 .text._ZNKSt10_HashtableIPvSt4pairIKS0_jESaIS3_ENSt8__detail10_Select1stESt8equal_toIS0_ESt4hashIS0_ENS5_18_Mod_range_hashingENS5_20_Default_ranged_hashENS5_20_Prime_rehash_policyENS5_17_Hashtable_traitsILb0ELb0ELb1EEEE12_M_find_nodeEjRS2_j
                0x08001b18       0x32 ./Core/Src/app/util/MemoryMonitor.o
                0x08001b18                std::_Hashtable<void*, std::pair<void* const, unsigned int>, std::allocator<std::pair<void* const, unsigned int> >, std::__detail::_Select1st, std::equal_to<void*>, std::hash<void*>, std::__detail::_Mod_range_hashing, std::__detail::_Default_ranged_hash, std::__detail::_Prime_rehash_policy, std::__detail::_Hashtable_traits<false, false, true> >::_M_find_node(unsigned int, void* const&, unsigned int) const
 .text._ZNSt8__detail21_Hash_node_value_baseISt4pairIKPvjEE4_M_vEv
                0x08001b4a       0x18 ./Core/Src/app/util/MemoryMonitor.o
                0x08001b4a                std::__detail::_Hash_node_value_base<std::pair<void* const, unsigned int> >::_M_v()
 .text._ZNSt5tupleIJRKPvEEC2ILb1ELb1EEES2_
                0x08001b62       0x1e ./Core/Src/app/util/MemoryMonitor.o
                0x08001b62                std::tuple<void* const&>::tuple<true, true>(void* const&)
                0x08001b62                std::tuple<void* const&>::tuple<true, true>(void* const&)
 .text._ZNSt10_HashtableIPvSt4pairIKS0_jESaIS3_ENSt8__detail10_Select1stESt8equal_toIS0_ESt4hashIS0_ENS5_18_Mod_range_hashingENS5_20_Default_ranged_hashENS5_20_Prime_rehash_policyENS5_17_Hashtable_traitsILb0ELb0ELb1EEEE12_Scoped_nodeC2IJRKSt21piecewise_construct_tSt5tupleIJRS2_EESM_IJEEEEEPNS5_16_Hashtable_allocISaINS5_10_Hash_nodeIS3_Lb0EEEEEEDpOT_
                0x08001b80       0x48 ./Core/Src/app/util/MemoryMonitor.o
                0x08001b80                std::_Hashtable<void*, std::pair<void* const, unsigned int>, std::allocator<std::pair<void* const, unsigned int> >, std::__detail::_Select1st, std::equal_to<void*>, std::hash<void*>, std::__detail::_Mod_range_hashing, std::__detail::_Default_ranged_hash, std::__detail::_Prime_rehash_policy, std::__detail::_Hashtable_traits<false, false, true> >::_Scoped_node::_Scoped_node<std::piecewise_construct_t const&, std::tuple<void* const&>, std::tuple<> >(std::__detail::_Hashtable_alloc<std::allocator<std::__detail::_Hash_node<std::pair<void* const, unsigned int>, false> > >*, std::piecewise_construct_t const&, std::tuple<void* const&>&&, std::tuple<>&&)
                0x08001b80                std::_Hashtable<void*, std::pair<void* const, unsigned int>, std::allocator<std::pair<void* const, unsigned int> >, std::__detail::_Select1st, std::equal_to<void*>, std::hash<void*>, std::__detail::_Mod_range_hashing, std::__detail::_Default_ranged_hash, std::__detail::_Prime_rehash_policy, std::__detail::_Hashtable_traits<false, false, true> >::_Scoped_node::_Scoped_node<std::piecewise_construct_t const&, std::tuple<void* const&>, std::tuple<> >(std::__detail::_Hashtable_alloc<std::allocator<std::__detail::_Hash_node<std::pair<void* const, unsigned int>, false> > >*, std::piecewise_construct_t const&, std::tuple<void* const&>&&, std::tuple<>&&)
 .text._ZNSt10_HashtableIPvSt4pairIKS0_jESaIS3_ENSt8__detail10_Select1stESt8equal_toIS0_ESt4hashIS0_ENS5_18_Mod_range_hashingENS5_20_Default_ranged_hashENS5_20_Prime_rehash_policyENS5_17_Hashtable_traitsILb0ELb0ELb1EEEE12_Scoped_nodeD2Ev
                0x08001bc8       0x2a ./Core/Src/app/util/MemoryMonitor.o
                0x08001bc8                std::_Hashtable<void*, std::pair<void* const, unsigned int>, std::allocator<std::pair<void* const, unsigned int> >, std::__detail::_Select1st, std::equal_to<void*>, std::hash<void*>, std::__detail::_Mod_range_hashing, std::__detail::_Default_ranged_hash, std::__detail::_Prime_rehash_policy, std::__detail::_Hashtable_traits<false, false, true> >::_Scoped_node::~_Scoped_node()
                0x08001bc8                std::_Hashtable<void*, std::pair<void* const, unsigned int>, std::allocator<std::pair<void* const, unsigned int> >, std::__detail::_Select1st, std::equal_to<void*>, std::hash<void*>, std::__detail::_Mod_range_hashing, std::__detail::_Default_ranged_hash, std::__detail::_Prime_rehash_policy, std::__detail::_Hashtable_traits<false, false, true> >::_Scoped_node::~_Scoped_node()
 .text._ZNSt10_HashtableIPvSt4pairIKS0_jESaIS3_ENSt8__detail10_Select1stESt8equal_toIS0_ESt4hashIS0_ENS5_18_Mod_range_hashingENS5_20_Default_ranged_hashENS5_20_Prime_rehash_policyENS5_17_Hashtable_traitsILb0ELb0ELb1EEEE21_M_insert_unique_nodeEjjPNS5_10_Hash_nodeIS3_Lb0EEEj
                0x08001bf2       0x92 ./Core/Src/app/util/MemoryMonitor.o
                0x08001bf2                std::_Hashtable<void*, std::pair<void* const, unsigned int>, std::allocator<std::pair<void* const, unsigned int> >, std::__detail::_Select1st, std::equal_to<void*>, std::hash<void*>, std::__detail::_Mod_range_hashing, std::__detail::_Default_ranged_hash, std::__detail::_Prime_rehash_policy, std::__detail::_Hashtable_traits<false, false, true> >::_M_insert_unique_node(unsigned int, unsigned int, std::__detail::_Hash_node<std::pair<void* const, unsigned int>, false>*, unsigned int)
 .text._ZNKSt8__detail14_Node_iteratorISt4pairIKPvjELb0ELb0EEptEv
                0x08001c84       0x1e ./Core/Src/app/util/MemoryMonitor.o
                0x08001c84                std::__detail::_Node_iterator<std::pair<void* const, unsigned int>, false, false>::operator->() const
 .text._ZNKSt10_HashtableIPvSt4pairIKS0_jESaIS3_ENSt8__detail10_Select1stESt8equal_toIS0_ESt4hashIS0_ENS5_18_Mod_range_hashingENS5_20_Default_ranged_hashENS5_20_Prime_rehash_policyENS5_17_Hashtable_traitsILb0ELb0ELb1EEEE4sizeEv
                0x08001ca2       0x18 ./Core/Src/app/util/MemoryMonitor.o
                0x08001ca2                std::_Hashtable<void*, std::pair<void* const, unsigned int>, std::allocator<std::pair<void* const, unsigned int> >, std::__detail::_Select1st, std::equal_to<void*>, std::hash<void*>, std::__detail::_Mod_range_hashing, std::__detail::_Default_ranged_hash, std::__detail::_Prime_rehash_policy, std::__detail::_Hashtable_traits<false, false, true> >::size() const
 .text._ZNSt10_HashtableIPvSt4pairIKS0_jESaIS3_ENSt8__detail10_Select1stESt8equal_toIS0_ESt4hashIS0_ENS5_18_Mod_range_hashingENS5_20_Default_ranged_hashENS5_20_Prime_rehash_policyENS5_17_Hashtable_traitsILb0ELb0ELb1EEEE22__small_size_thresholdEv
                0x08001cba        0xe ./Core/Src/app/util/MemoryMonitor.o
                0x08001cba                std::_Hashtable<void*, std::pair<void* const, unsigned int>, std::allocator<std::pair<void* const, unsigned int> >, std::__detail::_Select1st, std::equal_to<void*>, std::hash<void*>, std::__detail::_Mod_range_hashing, std::__detail::_Default_ranged_hash, std::__detail::_Prime_rehash_policy, std::__detail::_Hashtable_traits<false, false, true> >::__small_size_threshold()
 .text._ZNSt10_HashtableIPvSt4pairIKS0_jESaIS3_ENSt8__detail10_Select1stESt8equal_toIS0_ESt4hashIS0_ENS5_18_Mod_range_hashingENS5_20_Default_ranged_hashENS5_20_Prime_rehash_policyENS5_17_Hashtable_traitsILb0ELb0ELb1EEEE5beginEv
                0x08001cc8       0x26 ./Core/Src/app/util/MemoryMonitor.o
                0x08001cc8                std::_Hashtable<void*, std::pair<void* const, unsigned int>, std::allocator<std::pair<void* const, unsigned int> >, std::__detail::_Select1st, std::equal_to<void*>, std::hash<void*>, std::__detail::_Mod_range_hashing, std::__detail::_Default_ranged_hash, std::__detail::_Prime_rehash_policy, std::__detail::_Hashtable_traits<false, false, true> >::begin()
 .text._ZNSt8__detail14_Node_iteratorISt4pairIKPvjELb0ELb0EEppEv
                0x08001cee       0x1a ./Core/Src/app/util/MemoryMonitor.o
                0x08001cee                std::__detail::_Node_iterator<std::pair<void* const, unsigned int>, false, false>::operator++()
 .text._ZNKSt8__detail15_Hashtable_baseIPvSt4pairIKS1_jENS_10_Select1stESt8equal_toIS1_ESt4hashIS1_ENS_18_Mod_range_hashingENS_20_Default_ranged_hashENS_17_Hashtable_traitsILb0ELb0ELb1EEEE13_M_key_equalsERS3_RKNS_16_Hash_node_valueIS4_Lb0EEE
                0x08001d08       0x40 ./Core/Src/app/util/MemoryMonitor.o
                0x08001d08                std::__detail::_Hashtable_base<void*, std::pair<void* const, unsigned int>, std::__detail::_Select1st, std::equal_to<void*>, std::hash<void*>, std::__detail::_Mod_range_hashing, std::__detail::_Default_ranged_hash, std::__detail::_Hashtable_traits<false, false, true> >::_M_key_equals(void* const&, std::__detail::_Hash_node_value<std::pair<void* const, unsigned int>, false> const&) const
 .text._ZNSt8__detail14_Node_iteratorISt4pairIKPvjELb0ELb0EEC2EPNS_10_Hash_nodeIS4_Lb0EEE
                0x08001d48       0x1e ./Core/Src/app/util/MemoryMonitor.o
                0x08001d48                std::__detail::_Node_iterator<std::pair<void* const, unsigned int>, false, false>::_Node_iterator(std::__detail::_Hash_node<std::pair<void* const, unsigned int>, false>*)
                0x08001d48                std::__detail::_Node_iterator<std::pair<void* const, unsigned int>, false, false>::_Node_iterator(std::__detail::_Hash_node<std::pair<void* const, unsigned int>, false>*)
 .text._ZNSt10_HashtableIPvSt4pairIKS0_jESaIS3_ENSt8__detail10_Select1stESt8equal_toIS0_ESt4hashIS0_ENS5_18_Mod_range_hashingENS5_20_Default_ranged_hashENS5_20_Prime_rehash_policyENS5_17_Hashtable_traitsILb0ELb0ELb1EEEE8_M_eraseESt17integral_constantIbLb1EERS2_
                0x08001d66       0x9a ./Core/Src/app/util/MemoryMonitor.o
                0x08001d66                std::_Hashtable<void*, std::pair<void* const, unsigned int>, std::allocator<std::pair<void* const, unsigned int> >, std::__detail::_Select1st, std::equal_to<void*>, std::hash<void*>, std::__detail::_Mod_range_hashing, std::__detail::_Default_ranged_hash, std::__detail::_Prime_rehash_policy, std::__detail::_Hashtable_traits<false, false, true> >::_M_erase(std::integral_constant<bool, true>, void* const&)
 .text._ZNKSt8__detail10_Hash_nodeISt4pairIKPvjELb0EE7_M_nextEv
                0x08001e00       0x18 ./Core/Src/app/util/MemoryMonitor.o
                0x08001e00                std::__detail::_Hash_node<std::pair<void* const, unsigned int>, false>::_M_next() const
 .text._ZNSt8__detail16_Hashtable_allocISaINS_10_Hash_nodeISt4pairIKPvjELb0EEEEE18_M_deallocate_nodeEPS6_
                0x08001e18       0x36 ./Core/Src/app/util/MemoryMonitor.o
                0x08001e18                std::__detail::_Hashtable_alloc<std::allocator<std::__detail::_Hash_node<std::pair<void* const, unsigned int>, false> > >::_M_deallocate_node(std::__detail::_Hash_node<std::pair<void* const, unsigned int>, false>*)
 .text._ZNKSt10_HashtableIPvSt4pairIKS0_jESaIS3_ENSt8__detail10_Select1stESt8equal_toIS0_ESt4hashIS0_ENS5_18_Mod_range_hashingENS5_20_Default_ranged_hashENS5_20_Prime_rehash_policyENS5_17_Hashtable_traitsILb0ELb0ELb1EEEE21_M_uses_single_bucketEPPNS5_15_Hash_node_baseE
                0x08001e4e       0x30 ./Core/Src/app/util/MemoryMonitor.o
                0x08001e4e                std::_Hashtable<void*, std::pair<void* const, unsigned int>, std::allocator<std::pair<void* const, unsigned int> >, std::__detail::_Select1st, std::equal_to<void*>, std::hash<void*>, std::__detail::_Mod_range_hashing, std::__detail::_Default_ranged_hash, std::__detail::_Prime_rehash_policy, std::__detail::_Hashtable_traits<false, false, true> >::_M_uses_single_bucket(std::__detail::_Hash_node_base**) const
 .text._ZNSt8__detail16_Hashtable_allocISaINS_10_Hash_nodeISt4pairIKPvjELb0EEEEE21_M_deallocate_bucketsEPPNS_15_Hash_node_baseEj
                0x08001e7e       0x46 ./Core/Src/app/util/MemoryMonitor.o
                0x08001e7e                std::__detail::_Hashtable_alloc<std::allocator<std::__detail::_Hash_node<std::pair<void* const, unsigned int>, false> > >::_M_deallocate_buckets(std::__detail::_Hash_node_base**, unsigned int)
 .text._ZNKSt8__detail15_Hash_code_baseIPvSt4pairIKS1_jENS_10_Select1stESt4hashIS1_ENS_18_Mod_range_hashingENS_20_Default_ranged_hashELb0EE7_M_hashEv
                0x08001ec4       0x18 ./Core/Src/app/util/MemoryMonitor.o
                0x08001ec4                std::__detail::_Hash_code_base<void*, std::pair<void* const, unsigned int>, std::__detail::_Select1st, std::hash<void*>, std::__detail::_Mod_range_hashing, std::__detail::_Default_ranged_hash, false>::_M_hash() const
 .text._ZNKSt4hashIPvEclES0_
                0x08001edc       0x18 ./Core/Src/app/util/MemoryMonitor.o
                0x08001edc                std::hash<void*>::operator()(void*) const
 .text._ZNKSt8__detail15_Hash_code_baseIPvSt4pairIKS1_jENS_10_Select1stESt4hashIS1_ENS_18_Mod_range_hashingENS_20_Default_ranged_hashELb0EE15_M_bucket_indexEjj
                0x08001ef4       0x24 ./Core/Src/app/util/MemoryMonitor.o
                0x08001ef4                std::__detail::_Hash_code_base<void*, std::pair<void* const, unsigned int>, std::__detail::_Select1st, std::hash<void*>, std::__detail::_Mod_range_hashing, std::__detail::_Default_ranged_hash, false>::_M_bucket_index(unsigned int, unsigned int) const
 .text._ZNKSt10_HashtableIPvSt4pairIKS0_jESaIS3_ENSt8__detail10_Select1stESt8equal_toIS0_ESt4hashIS0_ENS5_18_Mod_range_hashingENS5_20_Default_ranged_hashENS5_20_Prime_rehash_policyENS5_17_Hashtable_traitsILb0ELb0ELb1EEEE19_M_find_before_nodeEjRS2_j
                0x08001f18       0x8a ./Core/Src/app/util/MemoryMonitor.o
                0x08001f18                std::_Hashtable<void*, std::pair<void* const, unsigned int>, std::allocator<std::pair<void* const, unsigned int> >, std::__detail::_Select1st, std::equal_to<void*>, std::hash<void*>, std::__detail::_Mod_range_hashing, std::__detail::_Default_ranged_hash, std::__detail::_Prime_rehash_policy, std::__detail::_Hashtable_traits<false, false, true> >::_M_find_before_node(unsigned int, void* const&, unsigned int) const
 .text._ZNSt8__detail21_Hash_node_value_baseISt4pairIKPvjEE9_M_valptrEv
                0x08001fa2       0x1a ./Core/Src/app/util/MemoryMonitor.o
                0x08001fa2                std::__detail::_Hash_node_value_base<std::pair<void* const, unsigned int> >::_M_valptr()
 .text._ZNSt11_Tuple_implILj0EJRKPvEEC2ES2_
                0x08001fbc       0x1e ./Core/Src/app/util/MemoryMonitor.o
                0x08001fbc                std::_Tuple_impl<0u, void* const&>::_Tuple_impl(void* const&)
                0x08001fbc                std::_Tuple_impl<0u, void* const&>::_Tuple_impl(void* const&)
 .text._ZSt7forwardIRKSt21piecewise_construct_tEOT_RNSt16remove_referenceIS3_E4typeE
                0x08001fda       0x16 ./Core/Src/app/util/MemoryMonitor.o
                0x08001fda                std::piecewise_construct_t const& std::forward<std::piecewise_construct_t const&>(std::remove_reference<std::piecewise_construct_t const&>::type&)
 .text._ZSt7forwardISt5tupleIJRKPvEEEOT_RNSt16remove_referenceIS5_E4typeE
                0x08001ff0       0x16 ./Core/Src/app/util/MemoryMonitor.o
                0x08001ff0                std::tuple<void* const&>&& std::forward<std::tuple<void* const&> >(std::remove_reference<std::tuple<void* const&> >::type&)
 .text._ZSt7forwardISt5tupleIJEEEOT_RNSt16remove_referenceIS2_E4typeE
                0x08002006       0x16 ./Core/Src/app/util/MemoryMonitor.o
                0x08002006                std::tuple<>&& std::forward<std::tuple<> >(std::remove_reference<std::tuple<> >::type&)
 .text._ZNSt8__detail10_Hash_nodeISt4pairIKPvjELb0EEC2Ev
                0x0800201c       0x1a ./Core/Src/app/util/MemoryMonitor.o
                0x0800201c                std::__detail::_Hash_node<std::pair<void* const, unsigned int>, false>::_Hash_node()
                0x0800201c                std::__detail::_Hash_node<std::pair<void* const, unsigned int>, false>::_Hash_node()
 .text._ZNSt8__detail16_Hashtable_allocISaINS_10_Hash_nodeISt4pairIKPvjELb0EEEEE16_M_allocate_nodeIJRKSt21piecewise_construct_tSt5tupleIJRS4_EESD_IJEEEEEPS6_DpOT_
                0x08002036       0x82 ./Core/Src/app/util/MemoryMonitor.o
                0x08002036                std::__detail::_Hash_node<std::pair<void* const, unsigned int>, false>* std::__detail::_Hashtable_alloc<std::allocator<std::__detail::_Hash_node<std::pair<void* const, unsigned int>, false> > >::_M_allocate_node<std::piecewise_construct_t const&, std::tuple<void* const&>, std::tuple<> >(std::piecewise_construct_t const&, std::tuple<void* const&>&&, std::tuple<>&&)
 .text._ZNSt10_HashtableIPvSt4pairIKS0_jESaIS3_ENSt8__detail10_Select1stESt8equal_toIS0_ESt4hashIS0_ENS5_18_Mod_range_hashingENS5_20_Default_ranged_hashENS5_20_Prime_rehash_policyENS5_17_Hashtable_traitsILb0ELb0ELb1EEEE9_M_rehashEjRKj
                0x080020b8       0x1e ./Core/Src/app/util/MemoryMonitor.o
                0x080020b8                std::_Hashtable<void*, std::pair<void* const, unsigned int>, std::allocator<std::pair<void* const, unsigned int> >, std::__detail::_Select1st, std::equal_to<void*>, std::hash<void*>, std::__detail::_Mod_range_hashing, std::__detail::_Default_ranged_hash, std::__detail::_Prime_rehash_policy, std::__detail::_Hashtable_traits<false, false, true> >::_M_rehash(unsigned int, unsigned int const&)
 .text._ZNKSt8__detail15_Hash_code_baseIPvSt4pairIKS1_jENS_10_Select1stESt4hashIS1_ENS_18_Mod_range_hashingENS_20_Default_ranged_hashELb0EE13_M_store_codeERNS_21_Hash_node_code_cacheILb0EEEj
                0x080020d6       0x18 ./Core/Src/app/util/MemoryMonitor.o
                0x080020d6                std::__detail::_Hash_code_base<void*, std::pair<void* const, unsigned int>, std::__detail::_Select1st, std::hash<void*>, std::__detail::_Mod_range_hashing, std::__detail::_Default_ranged_hash, false>::_M_store_code(std::__detail::_Hash_node_code_cache<false>&, unsigned int) const
 .text._ZNSt10_HashtableIPvSt4pairIKS0_jESaIS3_ENSt8__detail10_Select1stESt8equal_toIS0_ESt4hashIS0_ENS5_18_Mod_range_hashingENS5_20_Default_ranged_hashENS5_20_Prime_rehash_policyENS5_17_Hashtable_traitsILb0ELb0ELb1EEEE22_M_insert_bucket_beginEjPNS5_10_Hash_nodeIS3_Lb0EEE
                0x080020ee       0x8e ./Core/Src/app/util/MemoryMonitor.o
                0x080020ee                std::_Hashtable<void*, std::pair<void* const, unsigned int>, std::allocator<std::pair<void* const, unsigned int> >, std::__detail::_Select1st, std::equal_to<void*>, std::hash<void*>, std::__detail::_Mod_range_hashing, std::__detail::_Default_ranged_hash, std::__detail::_Prime_rehash_policy, std::__detail::_Hashtable_traits<false, false, true> >::_M_insert_bucket_begin(unsigned int, std::__detail::_Hash_node<std::pair<void* const, unsigned int>, false>*)
 .text._ZNSt8__detail22_Hashtable_hash_traitsISt4hashIPvEE22__small_size_thresholdEv
                0x0800217c       0x10 ./Core/Src/app/util/MemoryMonitor.o
                0x0800217c                std::__detail::_Hashtable_hash_traits<std::hash<void*> >::__small_size_threshold()
 .text._ZNSt8__detail19_Node_iterator_baseISt4pairIKPvjELb0EE7_M_incrEv
                0x0800218c       0x20 ./Core/Src/app/util/MemoryMonitor.o
                0x0800218c                std::__detail::_Node_iterator_base<std::pair<void* const, unsigned int>, false>::_M_incr()
 .text._ZNKSt8__detail15_Hashtable_baseIPvSt4pairIKS1_jENS_10_Select1stESt8equal_toIS1_ESt4hashIS1_ENS_18_Mod_range_hashingENS_20_Default_ranged_hashENS_17_Hashtable_traitsILb0ELb0ELb1EEEE5_M_eqEv
                0x080021ac       0x18 ./Core/Src/app/util/MemoryMonitor.o
                0x080021ac                std::__detail::_Hashtable_base<void*, std::pair<void* const, unsigned int>, std::__detail::_Select1st, std::equal_to<void*>, std::hash<void*>, std::__detail::_Mod_range_hashing, std::__detail::_Default_ranged_hash, std::__detail::_Hashtable_traits<false, false, true> >::_M_eq() const
 .text._ZNKSt8__detail21_Hash_node_value_baseISt4pairIKPvjEE4_M_vEv
                0x080021c4       0x18 ./Core/Src/app/util/MemoryMonitor.o
                0x080021c4                std::__detail::_Hash_node_value_base<std::pair<void* const, unsigned int> >::_M_v() const
 .text._ZNKSt8__detail10_Select1stclIRKSt4pairIKPvjEEEONS0_10__1st_typeIT_E4typeEOS9_
                0x080021dc       0x1a ./Core/Src/app/util/MemoryMonitor.o
                0x080021dc                std::__detail::_Select1st::__1st_type<std::pair<void* const, unsigned int> const&>::type&& std::__detail::_Select1st::operator()<std::pair<void* const, unsigned int> const&>(std::pair<void* const, unsigned int> const&) const
 .text._ZNKSt8equal_toIPvEclERKS0_S3_
                0x080021f6       0x2a ./Core/Src/app/util/MemoryMonitor.o
                0x080021f6                std::equal_to<void*>::operator()(void* const&, void* const&) const
 .text._ZNSt8__detail19_Node_iterator_baseISt4pairIKPvjELb0EEC2EPNS_10_Hash_nodeIS4_Lb0EEE
                0x08002220       0x1e ./Core/Src/app/util/MemoryMonitor.o
                0x08002220                std::__detail::_Node_iterator_base<std::pair<void* const, unsigned int>, false>::_Node_iterator_base(std::__detail::_Hash_node<std::pair<void* const, unsigned int>, false>*)
                0x08002220                std::__detail::_Node_iterator_base<std::pair<void* const, unsigned int>, false>::_Node_iterator_base(std::__detail::_Hash_node<std::pair<void* const, unsigned int>, false>*)
 .text._ZNSt10_HashtableIPvSt4pairIKS0_jESaIS3_ENSt8__detail10_Select1stESt8equal_toIS0_ESt4hashIS0_ENS5_18_Mod_range_hashingENS5_20_Default_ranged_hashENS5_20_Prime_rehash_policyENS5_17_Hashtable_traitsILb0ELb0ELb1EEEE19_M_find_before_nodeERS2_
                0x0800223e       0x58 ./Core/Src/app/util/MemoryMonitor.o
                0x0800223e                std::_Hashtable<void*, std::pair<void* const, unsigned int>, std::allocator<std::pair<void* const, unsigned int> >, std::__detail::_Select1st, std::equal_to<void*>, std::hash<void*>, std::__detail::_Mod_range_hashing, std::__detail::_Default_ranged_hash, std::__detail::_Prime_rehash_policy, std::__detail::_Hashtable_traits<false, false, true> >::_M_find_before_node(void* const&)
 .text._ZNKSt10_HashtableIPvSt4pairIKS0_jESaIS3_ENSt8__detail10_Select1stESt8equal_toIS0_ESt4hashIS0_ENS5_18_Mod_range_hashingENS5_20_Default_ranged_hashENS5_20_Prime_rehash_policyENS5_17_Hashtable_traitsILb0ELb0ELb1EEEE15_M_bucket_indexERKNS5_16_Hash_node_valueIS3_Lb0EEE
                0x08002296       0x22 ./Core/Src/app/util/MemoryMonitor.o
                0x08002296                std::_Hashtable<void*, std::pair<void* const, unsigned int>, std::allocator<std::pair<void* const, unsigned int> >, std::__detail::_Select1st, std::equal_to<void*>, std::hash<void*>, std::__detail::_Mod_range_hashing, std::__detail::_Default_ranged_hash, std::__detail::_Prime_rehash_policy, std::__detail::_Hashtable_traits<false, false, true> >::_M_bucket_index(std::__detail::_Hash_node_value<std::pair<void* const, unsigned int>, false> const&) const
 .text._ZNSt10_HashtableIPvSt4pairIKS0_jESaIS3_ENSt8__detail10_Select1stESt8equal_toIS0_ESt4hashIS0_ENS5_18_Mod_range_hashingENS5_20_Default_ranged_hashENS5_20_Prime_rehash_policyENS5_17_Hashtable_traitsILb0ELb0ELb1EEEE8_M_eraseEjPNS5_15_Hash_node_baseEPNS5_10_Hash_nodeIS3_Lb0EEE
                0x080022b8       0xbe ./Core/Src/app/util/MemoryMonitor.o
                0x080022b8                std::_Hashtable<void*, std::pair<void* const, unsigned int>, std::allocator<std::pair<void* const, unsigned int> >, std::__detail::_Select1st, std::equal_to<void*>, std::hash<void*>, std::__detail::_Mod_range_hashing, std::__detail::_Default_ranged_hash, std::__detail::_Prime_rehash_policy, std::__detail::_Hashtable_traits<false, false, true> >::_M_erase(unsigned int, std::__detail::_Hash_node_base*, std::__detail::_Hash_node<std::pair<void* const, unsigned int>, false>*)
 .text._ZNSt8__detail16_Hashtable_allocISaINS_10_Hash_nodeISt4pairIKPvjELb0EEEEE17_M_node_allocatorEv
                0x08002376       0x18 ./Core/Src/app/util/MemoryMonitor.o
                0x08002376                std::__detail::_Hashtable_alloc<std::allocator<std::__detail::_Hash_node<std::pair<void* const, unsigned int>, false> > >::_M_node_allocator()
 .text._ZNSt16allocator_traitsISaINSt8__detail10_Hash_nodeISt4pairIKPvjELb0EEEEE7destroyIS5_EEvRS7_PT_
                0x0800238e       0x1a ./Core/Src/app/util/MemoryMonitor.o
                0x0800238e                void std::allocator_traits<std::allocator<std::__detail::_Hash_node<std::pair<void* const, unsigned int>, false> > >::destroy<std::pair<void* const, unsigned int> >(std::allocator<std::__detail::_Hash_node<std::pair<void* const, unsigned int>, false> >&, std::pair<void* const, unsigned int>*)
 .text._ZNSt8__detail16_Hashtable_allocISaINS_10_Hash_nodeISt4pairIKPvjELb0EEEEE22_M_deallocate_node_ptrEPS6_
                0x080023a8       0x2c ./Core/Src/app/util/MemoryMonitor.o
                0x080023a8                std::__detail::_Hashtable_alloc<std::allocator<std::__detail::_Hash_node<std::pair<void* const, unsigned int>, false> > >::_M_deallocate_node_ptr(std::__detail::_Hash_node<std::pair<void* const, unsigned int>, false>*)
 .text._ZNSt19__ptr_traits_ptr_toIPPNSt8__detail15_Hash_node_baseES2_Lb0EE10pointer_toERS2_
                0x080023d4       0x18 ./Core/Src/app/util/MemoryMonitor.o
                0x080023d4                std::__ptr_traits_ptr_to<std::__detail::_Hash_node_base**, std::__detail::_Hash_node_base*, false>::pointer_to(std::__detail::_Hash_node_base*&)
 .text._ZNSaIPNSt8__detail15_Hash_node_baseEEC2INS_10_Hash_nodeISt4pairIKPvjELb0EEEEERKSaIT_E
                0x080023ec       0x1a ./Core/Src/app/util/MemoryMonitor.o
                0x080023ec                std::allocator<std::__detail::_Hash_node_base*>::allocator<std::__detail::_Hash_node<std::pair<void* const, unsigned int>, false> >(std::allocator<std::__detail::_Hash_node<std::pair<void* const, unsigned int>, false> > const&)
                0x080023ec                std::allocator<std::__detail::_Hash_node_base*>::allocator<std::__detail::_Hash_node<std::pair<void* const, unsigned int>, false> >(std::allocator<std::__detail::_Hash_node<std::pair<void* const, unsigned int>, false> > const&)
 .text._ZNSaIPNSt8__detail15_Hash_node_baseEED2Ev
                0x08002406       0x18 ./Core/Src/app/util/MemoryMonitor.o
                0x08002406                std::allocator<std::__detail::_Hash_node_base*>::~allocator()
                0x08002406                std::allocator<std::__detail::_Hash_node_base*>::~allocator()
 .text._ZNSt16allocator_traitsISaIPNSt8__detail15_Hash_node_baseEEE10deallocateERS3_PS2_j
                0x0800241e       0x1e ./Core/Src/app/util/MemoryMonitor.o
                0x0800241e                std::allocator_traits<std::allocator<std::__detail::_Hash_node_base*> >::deallocate(std::allocator<std::__detail::_Hash_node_base*>&, std::__detail::_Hash_node_base**, unsigned int)
 .text._ZNKSt8__detail21_Hashtable_ebo_helperILi1ESt4hashIPvELb1EE7_M_cgetEv
                0x0800243c       0x16 ./Core/Src/app/util/MemoryMonitor.o
                0x0800243c                std::__detail::_Hashtable_ebo_helper<1, std::hash<void*>, true>::_M_cget() const
 .text._ZNKSt8__detail15_Hashtable_baseIPvSt4pairIKS1_jENS_10_Select1stESt8equal_toIS1_ESt4hashIS1_ENS_18_Mod_range_hashingENS_20_Default_ranged_hashENS_17_Hashtable_traitsILb0ELb0ELb1EEEE9_M_equalsERS3_jRKNS_16_Hash_node_valueIS4_Lb0EEE
                0x08002452       0x3a ./Core/Src/app/util/MemoryMonitor.o
                0x08002452                std::__detail::_Hashtable_base<void*, std::pair<void* const, unsigned int>, std::__detail::_Select1st, std::equal_to<void*>, std::hash<void*>, std::__detail::_Mod_range_hashing, std::__detail::_Default_ranged_hash, std::__detail::_Hashtable_traits<false, false, true> >::_M_equals(void* const&, unsigned int, std::__detail::_Hash_node_value<std::pair<void* const, unsigned int>, false> const&) const
 .text._ZN9__gnu_cxx16__aligned_bufferISt4pairIKPvjEE6_M_ptrEv
                0x0800248c       0x18 ./Core/Src/app/util/MemoryMonitor.o
                0x0800248c                __gnu_cxx::__aligned_buffer<std::pair<void* const, unsigned int> >::_M_ptr()
 .text._ZNSt10_Head_baseILj0ERKPvLb0EEC2ES2_
                0x080024a4       0x1e ./Core/Src/app/util/MemoryMonitor.o
                0x080024a4                std::_Head_base<0u, void* const&, false>::_Head_base(void* const&)
                0x080024a4                std::_Head_base<0u, void* const&, false>::_Head_base(void* const&)
 .text._ZNSt16allocator_traitsISaINSt8__detail10_Hash_nodeISt4pairIKPvjELb0EEEEE8allocateERS7_j
                0x080024c2       0x1e ./Core/Src/app/util/MemoryMonitor.o
                0x080024c2                std::allocator_traits<std::allocator<std::__detail::_Hash_node<std::pair<void* const, unsigned int>, false> > >::allocate(std::allocator<std::__detail::_Hash_node<std::pair<void* const, unsigned int>, false> >&, unsigned int)
 .text._ZSt12__to_addressINSt8__detail10_Hash_nodeISt4pairIKPvjELb0EEEEPT_S8_
                0x080024e0       0x16 ./Core/Src/app/util/MemoryMonitor.o
                0x080024e0                std::__detail::_Hash_node<std::pair<void* const, unsigned int>, false>* std::__to_address<std::__detail::_Hash_node<std::pair<void* const, unsigned int>, false> >(std::__detail::_Hash_node<std::pair<void* const, unsigned int>, false>*)
 .text._ZNSt16allocator_traitsISaINSt8__detail10_Hash_nodeISt4pairIKPvjELb0EEEEE9constructIS5_JRKSt21piecewise_construct_tSt5tupleIJRS4_EESD_IJEEEEEvRS7_PT_DpOT0_
                0x080024f6       0x3c ./Core/Src/app/util/MemoryMonitor.o
                0x080024f6                void std::allocator_traits<std::allocator<std::__detail::_Hash_node<std::pair<void* const, unsigned int>, false> > >::construct<std::pair<void* const, unsigned int>, std::piecewise_construct_t const&, std::tuple<void* const&>, std::tuple<> >(std::allocator<std::__detail::_Hash_node<std::pair<void* const, unsigned int>, false> >&, std::pair<void* const, unsigned int>*, std::piecewise_construct_t const&, std::tuple<void* const&>&&, std::tuple<>&&)
 .text._ZNSt16allocator_traitsISaINSt8__detail10_Hash_nodeISt4pairIKPvjELb0EEEEE10deallocateERS7_PS6_j
                0x08002532       0x1e ./Core/Src/app/util/MemoryMonitor.o
                0x08002532                std::allocator_traits<std::allocator<std::__detail::_Hash_node<std::pair<void* const, unsigned int>, false> > >::deallocate(std::allocator<std::__detail::_Hash_node<std::pair<void* const, unsigned int>, false> >&, std::__detail::_Hash_node<std::pair<void* const, unsigned int>, false>*, unsigned int)
 .text._ZNSt10_HashtableIPvSt4pairIKS0_jESaIS3_ENSt8__detail10_Select1stESt8equal_toIS0_ESt4hashIS0_ENS5_18_Mod_range_hashingENS5_20_Default_ranged_hashENS5_20_Prime_rehash_policyENS5_17_Hashtable_traitsILb0ELb0ELb1EEEE13_M_rehash_auxEjSt17integral_constantIbLb1EE
                0x08002550       0xc8 ./Core/Src/app/util/MemoryMonitor.o
                0x08002550                std::_Hashtable<void*, std::pair<void* const, unsigned int>, std::allocator<std::pair<void* const, unsigned int> >, std::__detail::_Select1st, std::equal_to<void*>, std::hash<void*>, std::__detail::_Mod_range_hashing, std::__detail::_Default_ranged_hash, std::__detail::_Prime_rehash_policy, std::__detail::_Hashtable_traits<false, false, true> >::_M_rehash_aux(unsigned int, std::integral_constant<bool, true>)
 .text._ZNKSt8__detail21_Hashtable_ebo_helperILi0ESt8equal_toIPvELb1EE7_M_cgetEv
                0x08002618       0x16 ./Core/Src/app/util/MemoryMonitor.o
                0x08002618                std::__detail::_Hashtable_ebo_helper<0, std::equal_to<void*>, true>::_M_cget() const
 .text._ZNKSt8__detail21_Hash_node_value_baseISt4pairIKPvjEE9_M_valptrEv
                0x0800262e       0x1a ./Core/Src/app/util/MemoryMonitor.o
                0x0800262e                std::__detail::_Hash_node_value_base<std::pair<void* const, unsigned int> >::_M_valptr() const
 .text._ZSt7forwardIRKSt4pairIKPvjEEOT_RNSt16remove_referenceIS6_E4typeE
                0x08002648       0x16 ./Core/Src/app/util/MemoryMonitor.o
                0x08002648                std::pair<void* const, unsigned int> const& std::forward<std::pair<void* const, unsigned int> const&>(std::remove_reference<std::pair<void* const, unsigned int> const&>::type&)
 .text._ZNKSt8__detail15_Hash_code_baseIPvSt4pairIKS1_jENS_10_Select1stESt4hashIS1_ENS_18_Mod_range_hashingENS_20_Default_ranged_hashELb0EE15_M_bucket_indexERKNS_16_Hash_node_valueIS4_Lb0EEEj
                0x0800265e       0x44 ./Core/Src/app/util/MemoryMonitor.o
                0x0800265e                std::__detail::_Hash_code_base<void*, std::pair<void* const, unsigned int>, std::__detail::_Select1st, std::hash<void*>, std::__detail::_Mod_range_hashing, std::__detail::_Default_ranged_hash, false>::_M_bucket_index(std::__detail::_Hash_node_value<std::pair<void* const, unsigned int>, false> const&, unsigned int) const
 .text._ZNSt10_HashtableIPvSt4pairIKS0_jESaIS3_ENSt8__detail10_Select1stESt8equal_toIS0_ESt4hashIS0_ENS5_18_Mod_range_hashingENS5_20_Default_ranged_hashENS5_20_Prime_rehash_policyENS5_17_Hashtable_traitsILb0ELb0ELb1EEEE22_M_remove_bucket_beginEjPNS5_10_Hash_nodeIS3_Lb0EEEj
                0x080026a2       0x70 ./Core/Src/app/util/MemoryMonitor.o
                0x080026a2                std::_Hashtable<void*, std::pair<void* const, unsigned int>, std::allocator<std::pair<void* const, unsigned int> >, std::__detail::_Select1st, std::equal_to<void*>, std::hash<void*>, std::__detail::_Mod_range_hashing, std::__detail::_Default_ranged_hash, std::__detail::_Prime_rehash_policy, std::__detail::_Hashtable_traits<false, false, true> >::_M_remove_bucket_begin(unsigned int, std::__detail::_Hash_node<std::pair<void* const, unsigned int>, false>*, unsigned int)
 .text._ZNSt8__detail21_Hashtable_ebo_helperILi0ESaINS_10_Hash_nodeISt4pairIKPvjELb0EEEELb1EE6_M_getEv
                0x08002712       0x16 ./Core/Src/app/util/MemoryMonitor.o
                0x08002712                std::__detail::_Hashtable_ebo_helper<0, std::allocator<std::__detail::_Hash_node<std::pair<void* const, unsigned int>, false> >, true>::_M_get()
 .text._ZNSt15__new_allocatorINSt8__detail10_Hash_nodeISt4pairIKPvjELb0EEEE7destroyIS5_EEvPT_
                0x08002728       0x16 ./Core/Src/app/util/MemoryMonitor.o
                0x08002728                void std::__new_allocator<std::__detail::_Hash_node<std::pair<void* const, unsigned int>, false> >::destroy<std::pair<void* const, unsigned int> >(std::pair<void* const, unsigned int>*)
 .text._ZNSt19__ptr_traits_ptr_toIPNSt8__detail10_Hash_nodeISt4pairIKPvjELb0EEES6_Lb0EE10pointer_toERS6_
                0x0800273e       0x18 ./Core/Src/app/util/MemoryMonitor.o
                0x0800273e                std::__ptr_traits_ptr_to<std::__detail::_Hash_node<std::pair<void* const, unsigned int>, false>*, std::__detail::_Hash_node<std::pair<void* const, unsigned int>, false>, false>::pointer_to(std::__detail::_Hash_node<std::pair<void* const, unsigned int>, false>&)
 .text._ZSt9addressofIPNSt8__detail15_Hash_node_baseEEPT_RS3_
                0x08002756       0x18 ./Core/Src/app/util/MemoryMonitor.o
                0x08002756                std::__detail::_Hash_node_base** std::addressof<std::__detail::_Hash_node_base*>(std::__detail::_Hash_node_base*&)
 .text._ZNSt15__new_allocatorIPNSt8__detail15_Hash_node_baseEEC2Ev
                0x0800276e       0x16 ./Core/Src/app/util/MemoryMonitor.o
                0x0800276e                std::__new_allocator<std::__detail::_Hash_node_base*>::__new_allocator()
                0x0800276e                std::__new_allocator<std::__detail::_Hash_node_base*>::__new_allocator()
 .text._ZNSt15__new_allocatorIPNSt8__detail15_Hash_node_baseEED2Ev
                0x08002784       0x16 ./Core/Src/app/util/MemoryMonitor.o
                0x08002784                std::__new_allocator<std::__detail::_Hash_node_base*>::~__new_allocator()
                0x08002784                std::__new_allocator<std::__detail::_Hash_node_base*>::~__new_allocator()
 .text._ZNSt15__new_allocatorIPNSt8__detail15_Hash_node_baseEE10deallocateEPS2_j
                0x0800279a       0x20 ./Core/Src/app/util/MemoryMonitor.o
                0x0800279a                std::__new_allocator<std::__detail::_Hash_node_base*>::deallocate(std::__detail::_Hash_node_base**, unsigned int)
 .text._ZNSt8__detail15_Hashtable_baseIPvSt4pairIKS1_jENS_10_Select1stESt8equal_toIS1_ESt4hashIS1_ENS_18_Mod_range_hashingENS_20_Default_ranged_hashENS_17_Hashtable_traitsILb0ELb0ELb1EEEE9_S_equalsEjRKNS_21_Hash_node_code_cacheILb0EEE
                0x080027ba       0x18 ./Core/Src/app/util/MemoryMonitor.o
                0x080027ba                std::__detail::_Hashtable_base<void*, std::pair<void* const, unsigned int>, std::__detail::_Select1st, std::equal_to<void*>, std::hash<void*>, std::__detail::_Mod_range_hashing, std::__detail::_Default_ranged_hash, std::__detail::_Hashtable_traits<false, false, true> >::_S_equals(unsigned int, std::__detail::_Hash_node_code_cache<false> const&)
 .text._ZN9__gnu_cxx16__aligned_bufferISt4pairIKPvjEE7_M_addrEv
                0x080027d2       0x16 ./Core/Src/app/util/MemoryMonitor.o
                0x080027d2                __gnu_cxx::__aligned_buffer<std::pair<void* const, unsigned int> >::_M_addr()
 .text._ZNSt15__new_allocatorINSt8__detail10_Hash_nodeISt4pairIKPvjELb0EEEE8allocateEjPKv
                0x080027e8       0x5c ./Core/Src/app/util/MemoryMonitor.o
                0x080027e8                std::__new_allocator<std::__detail::_Hash_node<std::pair<void* const, unsigned int>, false> >::allocate(unsigned int, void const*)
 .text._ZNSt5tupleIJRKPvEEC2EOS3_
                0x08002844       0x20 ./Core/Src/app/util/MemoryMonitor.o
                0x08002844                std::tuple<void* const&>::tuple(std::tuple<void* const&>&&)
                0x08002844                std::tuple<void* const&>::tuple(std::tuple<void* const&>&&)
 .text._ZNSt15__new_allocatorINSt8__detail10_Hash_nodeISt4pairIKPvjELb0EEEE9constructIS5_JRKSt21piecewise_construct_tSt5tupleIJRS4_EESC_IJEEEEEvPT_DpOT0_
                0x08002864       0x50 ./Core/Src/app/util/MemoryMonitor.o
                0x08002864                void std::__new_allocator<std::__detail::_Hash_node<std::pair<void* const, unsigned int>, false> >::construct<std::pair<void* const, unsigned int>, std::piecewise_construct_t const&, std::tuple<void* const&>, std::tuple<> >(std::pair<void* const, unsigned int>*, std::piecewise_construct_t const&, std::tuple<void* const&>&&, std::tuple<>&&)
 .text._ZNSt15__new_allocatorINSt8__detail10_Hash_nodeISt4pairIKPvjELb0EEEE10deallocateEPS6_j
                0x080028b4       0x26 ./Core/Src/app/util/MemoryMonitor.o
                0x080028b4                std::__new_allocator<std::__detail::_Hash_node<std::pair<void* const, unsigned int>, false> >::deallocate(std::__detail::_Hash_node<std::pair<void* const, unsigned int>, false>*, unsigned int)
 .text._ZNSt10_HashtableIPvSt4pairIKS0_jESaIS3_ENSt8__detail10_Select1stESt8equal_toIS0_ESt4hashIS0_ENS5_18_Mod_range_hashingENS5_20_Default_ranged_hashENS5_20_Prime_rehash_policyENS5_17_Hashtable_traitsILb0ELb0ELb1EEEE19_M_allocate_bucketsEj
                0x080028da       0x3a ./Core/Src/app/util/MemoryMonitor.o
                0x080028da                std::_Hashtable<void*, std::pair<void* const, unsigned int>, std::allocator<std::pair<void* const, unsigned int> >, std::__detail::_Select1st, std::equal_to<void*>, std::hash<void*>, std::__detail::_Mod_range_hashing, std::__detail::_Default_ranged_hash, std::__detail::_Prime_rehash_policy, std::__detail::_Hashtable_traits<false, false, true> >::_M_allocate_buckets(unsigned int)
 .text._ZNK9__gnu_cxx16__aligned_bufferISt4pairIKPvjEE6_M_ptrEv
                0x08002914       0x18 ./Core/Src/app/util/MemoryMonitor.o
                0x08002914                __gnu_cxx::__aligned_buffer<std::pair<void* const, unsigned int> >::_M_ptr() const
 .text._ZSt9addressofINSt8__detail10_Hash_nodeISt4pairIKPvjELb0EEEEPT_RS7_
                0x0800292c       0x18 ./Core/Src/app/util/MemoryMonitor.o
                0x0800292c                std::__detail::_Hash_node<std::pair<void* const, unsigned int>, false>* std::addressof<std::__detail::_Hash_node<std::pair<void* const, unsigned int>, false> >(std::__detail::_Hash_node<std::pair<void* const, unsigned int>, false>&)
 .text._ZSt11__addressofIPNSt8__detail15_Hash_node_baseEEPT_RS3_
                0x08002944       0x16 ./Core/Src/app/util/MemoryMonitor.o
                0x08002944                std::__detail::_Hash_node_base** std::__addressof<std::__detail::_Hash_node_base*>(std::__detail::_Hash_node_base*&)
 *fill*         0x0800295a        0x2 
 .text._ZNKSt15__new_allocatorINSt8__detail10_Hash_nodeISt4pairIKPvjELb0EEEE11_M_max_sizeEv
                0x0800295c       0x1c ./Core/Src/app/util/MemoryMonitor.o
                0x0800295c                std::__new_allocator<std::__detail::_Hash_node<std::pair<void* const, unsigned int>, false> >::_M_max_size() const
 .text._ZNSt11_Tuple_implILj0EJRKPvEEC2EOS3_
                0x08002978       0x20 ./Core/Src/app/util/MemoryMonitor.o
                0x08002978                std::_Tuple_impl<0u, void* const&>::_Tuple_impl(std::_Tuple_impl<0u, void* const&>&&)
                0x08002978                std::_Tuple_impl<0u, void* const&>::_Tuple_impl(std::_Tuple_impl<0u, void* const&>&&)
 .text._ZNSt4pairIKPvjEC2IJRS1_EJEEESt21piecewise_construct_tSt5tupleIJDpT_EES6_IJDpT0_EE
                0x08002998       0x28 ./Core/Src/app/util/MemoryMonitor.o
                0x08002998                std::pair<void* const, unsigned int>::pair<void* const&>(std::piecewise_construct_t, std::tuple<void* const&>, std::tuple<>)
                0x08002998                std::pair<void* const, unsigned int>::pair<void* const&>(std::piecewise_construct_t, std::tuple<void* const&>, std::tuple<>)
 .text._ZNSt8__detail16_Hashtable_allocISaINS_10_Hash_nodeISt4pairIKPvjELb0EEEEE19_M_allocate_bucketsEj
                0x080029c0       0x5a ./Core/Src/app/util/MemoryMonitor.o
                0x080029c0                std::__detail::_Hashtable_alloc<std::allocator<std::__detail::_Hash_node<std::pair<void* const, unsigned int>, false> > >::_M_allocate_buckets(unsigned int)
 .text._ZNK9__gnu_cxx16__aligned_bufferISt4pairIKPvjEE7_M_addrEv
                0x08002a1a       0x16 ./Core/Src/app/util/MemoryMonitor.o
                0x08002a1a                __gnu_cxx::__aligned_buffer<std::pair<void* const, unsigned int> >::_M_addr() const
 .text._ZSt11__addressofINSt8__detail10_Hash_nodeISt4pairIKPvjELb0EEEEPT_RS7_
                0x08002a30       0x16 ./Core/Src/app/util/MemoryMonitor.o
                0x08002a30                std::__detail::_Hash_node<std::pair<void* const, unsigned int>, false>* std::__addressof<std::__detail::_Hash_node<std::pair<void* const, unsigned int>, false> >(std::__detail::_Hash_node<std::pair<void* const, unsigned int>, false>&)
 .text._ZNSt4pairIKPvjEC2IJRS1_EJLj0EEJEJEEERSt5tupleIJDpT_EERS5_IJDpT1_EESt12_Index_tupleIJXspT0_EEESE_IJXspT2_EEE
                0x08002a46       0x34 ./Core/Src/app/util/MemoryMonitor.o
                0x08002a46                std::pair<void* const, unsigned int>::pair<void* const&, 0u>(std::tuple<void* const&>&, std::tuple<>&, std::_Index_tuple<0u>, std::_Index_tuple<>)
                0x08002a46                std::pair<void* const, unsigned int>::pair<void* const&, 0u>(std::tuple<void* const&>&, std::tuple<>&, std::_Index_tuple<0u>, std::_Index_tuple<>)
 .text._ZNSt16allocator_traitsISaIPNSt8__detail15_Hash_node_baseEEE8allocateERS3_j
                0x08002a7a       0x1e ./Core/Src/app/util/MemoryMonitor.o
                0x08002a7a                std::allocator_traits<std::allocator<std::__detail::_Hash_node_base*> >::allocate(std::allocator<std::__detail::_Hash_node_base*>&, unsigned int)
 .text._ZSt12__to_addressIPNSt8__detail15_Hash_node_baseEEPT_S4_
                0x08002a98       0x16 ./Core/Src/app/util/MemoryMonitor.o
                0x08002a98                std::__detail::_Hash_node_base** std::__to_address<std::__detail::_Hash_node_base*>(std::__detail::_Hash_node_base**)
 .text._ZSt3getILj0EJRKPvEERNSt13tuple_elementIXT_ESt5tupleIJDpT0_EEE4typeERS7_
                0x08002aae       0x1a ./Core/Src/app/util/MemoryMonitor.o
                0x08002aae                std::tuple_element<0u, std::tuple<void* const&> >::type& std::get<0u, void* const&>(std::tuple<void* const&>&)
 .text._ZSt7forwardIRKPvEOT_RNSt16remove_referenceIS3_E4typeE
                0x08002ac8       0x16 ./Core/Src/app/util/MemoryMonitor.o
                0x08002ac8                void* const& std::forward<void* const&>(std::remove_reference<void* const&>::type&)
 .text._ZNSt15__new_allocatorIPNSt8__detail15_Hash_node_baseEE8allocateEjPKv
                0x08002ade       0x52 ./Core/Src/app/util/MemoryMonitor.o
                0x08002ade                std::__new_allocator<std::__detail::_Hash_node_base*>::allocate(unsigned int, void const*)
 .text._ZSt12__get_helperILj0ERKPvJEERT0_RSt11_Tuple_implIXT_EJS3_DpT1_EE
                0x08002b30       0x18 ./Core/Src/app/util/MemoryMonitor.o
                0x08002b30                void* const& std::__get_helper<0u, void* const&>(std::_Tuple_impl<0u, void* const&>&)
 .text._ZNKSt15__new_allocatorIPNSt8__detail15_Hash_node_baseEE11_M_max_sizeEv
                0x08002b48       0x18 ./Core/Src/app/util/MemoryMonitor.o
                0x08002b48                std::__new_allocator<std::__detail::_Hash_node_base*>::_M_max_size() const
 .text._ZNSt11_Tuple_implILj0EJRKPvEE7_M_headERS3_
                0x08002b60       0x1a ./Core/Src/app/util/MemoryMonitor.o
                0x08002b60                std::_Tuple_impl<0u, void* const&>::_M_head(std::_Tuple_impl<0u, void* const&>&)
 .text._ZNSt10_Head_baseILj0ERKPvLb0EE7_M_headERS3_
                0x08002b7a       0x18 ./Core/Src/app/util/MemoryMonitor.o
                0x08002b7a                std::_Head_base<0u, void* const&, false>::_M_head(std::_Head_base<0u, void* const&, false>&)
 .text.main     0x08002b92       0x22 ./Core/Src/main.o
                0x08002b92                main
 .text.SystemClock_Config
                0x08002bb4       0xc4 ./Core/Src/main.o
                0x08002bb4                SystemClock_Config
 .text.MX_TIM2_Init
                0x08002c78       0x9c ./Core/Src/main.o
 .text.MX_USART2_UART_Init
                0x08002d14       0x60 ./Core/Src/main.o
 .text.MX_GPIO_Init
                0x08002d74       0x94 ./Core/Src/main.o
 .text.Error_Handler
                0x08002e08        0xc ./Core/Src/main.o
                0x08002e08                Error_Handler
 .text.HAL_MspInit
                0x08002e14       0x48 ./Core/Src/stm32l4xx_hal_msp.o
                0x08002e14                HAL_MspInit
 .text.HAL_TIM_Base_MspInit
                0x08002e5c       0x48 ./Core/Src/stm32l4xx_hal_msp.o
                0x08002e5c                HAL_TIM_Base_MspInit
 .text.HAL_UART_MspInit
                0x08002ea4       0xd4 ./Core/Src/stm32l4xx_hal_msp.o
                0x08002ea4                HAL_UART_MspInit
 .text.NMI_Handler
                0x08002f78        0x8 ./Core/Src/stm32l4xx_it.o
                0x08002f78                NMI_Handler
 .text.HardFault_Handler
                0x08002f80        0x8 ./Core/Src/stm32l4xx_it.o
                0x08002f80                HardFault_Handler
 .text.MemManage_Handler
                0x08002f88        0x8 ./Core/Src/stm32l4xx_it.o
                0x08002f88                MemManage_Handler
 .text.BusFault_Handler
                0x08002f90        0x8 ./Core/Src/stm32l4xx_it.o
                0x08002f90                BusFault_Handler
 .text.UsageFault_Handler
                0x08002f98        0x8 ./Core/Src/stm32l4xx_it.o
                0x08002f98                UsageFault_Handler
 .text.SVC_Handler
                0x08002fa0        0xe ./Core/Src/stm32l4xx_it.o
                0x08002fa0                SVC_Handler
 .text.DebugMon_Handler
                0x08002fae        0xe ./Core/Src/stm32l4xx_it.o
                0x08002fae                DebugMon_Handler
 .text.PendSV_Handler
                0x08002fbc        0xe ./Core/Src/stm32l4xx_it.o
                0x08002fbc                PendSV_Handler
 .text.SysTick_Handler
                0x08002fca        0xc ./Core/Src/stm32l4xx_it.o
                0x08002fca                SysTick_Handler
 *fill*         0x08002fd6        0x2 
 .text.TIM2_IRQHandler
                0x08002fd8       0x18 ./Core/Src/stm32l4xx_it.o
                0x08002fd8                TIM2_IRQHandler
 .text._getpid  0x08002ff0       0x10 ./Core/Src/syscalls.o
                0x08002ff0                _getpid
 .text._kill    0x08003000       0x20 ./Core/Src/syscalls.o
                0x08003000                _kill
 .text._exit    0x08003020       0x16 ./Core/Src/syscalls.o
                0x08003020                _exit
 *fill*         0x08003036        0x2 
 .text._sbrk    0x08003038       0x6c ./Core/Src/sysmem.o
                0x08003038                _sbrk
 .text.SystemInit
                0x080030a4       0x24 ./Core/Src/system_stm32l4xx.o
                0x080030a4                SystemInit
 .text.Reset_Handler
                0x080030c8       0x50 ./Core/Startup/startup_stm32l432kcux.o
                0x080030c8                Reset_Handler
 .text.Default_Handler
                0x08003118        0x2 ./Core/Startup/startup_stm32l432kcux.o
                0x08003118                RTC_Alarm_IRQHandler
                0x08003118                EXTI2_IRQHandler
                0x08003118                TIM1_CC_IRQHandler
                0x08003118                TSC_IRQHandler
                0x08003118                TAMP_STAMP_IRQHandler
                0x08003118                EXTI3_IRQHandler
                0x08003118                LPTIM2_IRQHandler
                0x08003118                I2C3_ER_IRQHandler
                0x08003118                EXTI0_IRQHandler
                0x08003118                CAN1_RX0_IRQHandler
                0x08003118                FPU_IRQHandler
                0x08003118                TIM1_UP_TIM16_IRQHandler
                0x08003118                SPI1_IRQHandler
                0x08003118                TIM6_DAC_IRQHandler
                0x08003118                DMA2_Channel2_IRQHandler
                0x08003118                DMA1_Channel4_IRQHandler
                0x08003118                ADC1_IRQHandler
                0x08003118                DMA1_Channel7_IRQHandler
                0x08003118                CAN1_RX1_IRQHandler
                0x08003118                DMA2_Channel1_IRQHandler
                0x08003118                QUADSPI_IRQHandler
                0x08003118                I2C1_EV_IRQHandler
                0x08003118                DMA1_Channel6_IRQHandler
                0x08003118                DMA2_Channel4_IRQHandler
                0x08003118                RCC_IRQHandler
                0x08003118                TIM1_TRG_COM_IRQHandler
                0x08003118                DMA1_Channel1_IRQHandler
                0x08003118                Default_Handler
                0x08003118                DMA2_Channel7_IRQHandler
                0x08003118                EXTI15_10_IRQHandler
                0x08003118                TIM7_IRQHandler
                0x08003118                I2C3_EV_IRQHandler
                0x08003118                USB_IRQHandler
                0x08003118                EXTI9_5_IRQHandler
                0x08003118                RTC_WKUP_IRQHandler
                0x08003118                PVD_PVM_IRQHandler
                0x08003118                CAN1_TX_IRQHandler
                0x08003118                DMA2_Channel5_IRQHandler
                0x08003118                CRS_IRQHandler
                0x08003118                DMA1_Channel5_IRQHandler
                0x08003118                EXTI4_IRQHandler
                0x08003118                RNG_IRQHandler
                0x08003118                DMA1_Channel3_IRQHandler
                0x08003118                COMP_IRQHandler
                0x08003118                WWDG_IRQHandler
                0x08003118                LPUART1_IRQHandler
                0x08003118                DMA2_Channel6_IRQHandler
                0x08003118                EXTI1_IRQHandler
                0x08003118                USART2_IRQHandler
                0x08003118                DMA1_Channel2_IRQHandler
                0x08003118                CAN1_SCE_IRQHandler
                0x08003118                FLASH_IRQHandler
                0x08003118                USART1_IRQHandler
                0x08003118                SPI3_IRQHandler
                0x08003118                I2C1_ER_IRQHandler
                0x08003118                SWPMI1_IRQHandler
                0x08003118                LPTIM1_IRQHandler
                0x08003118                SAI1_IRQHandler
                0x08003118                DMA2_Channel3_IRQHandler
                0x08003118                TIM1_BRK_TIM15_IRQHandler
 .text.HAL_Init
                0x0800311a       0x30 ./Drivers/STM32L4xx_HAL_Driver/Src/stm32l4xx_hal.o
                0x0800311a                HAL_Init
 *fill*         0x0800314a        0x2 
 .text.HAL_InitTick
                0x0800314c       0x78 ./Drivers/STM32L4xx_HAL_Driver/Src/stm32l4xx_hal.o
                0x0800314c                HAL_InitTick
 .text.HAL_IncTick
                0x080031c4       0x28 ./Drivers/STM32L4xx_HAL_Driver/Src/stm32l4xx_hal.o
                0x080031c4                HAL_IncTick
 .text.HAL_GetTick
                0x080031ec       0x18 ./Drivers/STM32L4xx_HAL_Driver/Src/stm32l4xx_hal.o
                0x080031ec                HAL_GetTick
 .text.__NVIC_SetPriorityGrouping
                0x08003204       0x48 ./Drivers/STM32L4xx_HAL_Driver/Src/stm32l4xx_hal_cortex.o
 .text.__NVIC_GetPriorityGrouping
                0x0800324c       0x1c ./Drivers/STM32L4xx_HAL_Driver/Src/stm32l4xx_hal_cortex.o
 .text.__NVIC_EnableIRQ
                0x08003268       0x3c ./Drivers/STM32L4xx_HAL_Driver/Src/stm32l4xx_hal_cortex.o
 .text.__NVIC_SetPriority
                0x080032a4       0x54 ./Drivers/STM32L4xx_HAL_Driver/Src/stm32l4xx_hal_cortex.o
 .text.NVIC_EncodePriority
                0x080032f8       0x66 ./Drivers/STM32L4xx_HAL_Driver/Src/stm32l4xx_hal_cortex.o
 *fill*         0x0800335e        0x2 
 .text.SysTick_Config
                0x08003360       0x44 ./Drivers/STM32L4xx_HAL_Driver/Src/stm32l4xx_hal_cortex.o
 .text.HAL_NVIC_SetPriorityGrouping
                0x080033a4       0x16 ./Drivers/STM32L4xx_HAL_Driver/Src/stm32l4xx_hal_cortex.o
                0x080033a4                HAL_NVIC_SetPriorityGrouping
 .text.HAL_NVIC_SetPriority
                0x080033ba       0x38 ./Drivers/STM32L4xx_HAL_Driver/Src/stm32l4xx_hal_cortex.o
                0x080033ba                HAL_NVIC_SetPriority
 .text.HAL_NVIC_EnableIRQ
                0x080033f2       0x1c ./Drivers/STM32L4xx_HAL_Driver/Src/stm32l4xx_hal_cortex.o
                0x080033f2                HAL_NVIC_EnableIRQ
 .text.HAL_SYSTICK_Config
                0x0800340e       0x18 ./Drivers/STM32L4xx_HAL_Driver/Src/stm32l4xx_hal_cortex.o
                0x0800340e                HAL_SYSTICK_Config
 *fill*         0x08003426        0x2 
 .text.HAL_GPIO_Init
                0x08003428      0x2d4 ./Drivers/STM32L4xx_HAL_Driver/Src/stm32l4xx_hal_gpio.o
                0x08003428                HAL_GPIO_Init
 .text.HAL_GPIO_WritePin
                0x080036fc       0x30 ./Drivers/STM32L4xx_HAL_Driver/Src/stm32l4xx_hal_gpio.o
                0x080036fc                HAL_GPIO_WritePin
 .text.HAL_GPIO_TogglePin
                0x0800372c       0x34 ./Drivers/STM32L4xx_HAL_Driver/Src/stm32l4xx_hal_gpio.o
                0x0800372c                HAL_GPIO_TogglePin
 .text.HAL_PWR_EnableBkUpAccess
                0x08003760       0x20 ./Drivers/STM32L4xx_HAL_Driver/Src/stm32l4xx_hal_pwr.o
                0x08003760                HAL_PWR_EnableBkUpAccess
 .text.HAL_PWREx_GetVoltageRange
                0x08003780       0x1c ./Drivers/STM32L4xx_HAL_Driver/Src/stm32l4xx_hal_pwr_ex.o
                0x08003780                HAL_PWREx_GetVoltageRange
 .text.HAL_PWREx_ControlVoltageScaling
                0x0800379c       0xac ./Drivers/STM32L4xx_HAL_Driver/Src/stm32l4xx_hal_pwr_ex.o
                0x0800379c                HAL_PWREx_ControlVoltageScaling
 .text.HAL_RCC_OscConfig
                0x08003848      0x828 ./Drivers/STM32L4xx_HAL_Driver/Src/stm32l4xx_hal_rcc.o
                0x08003848                HAL_RCC_OscConfig
 .text.HAL_RCC_ClockConfig
                0x08004070      0x200 ./Drivers/STM32L4xx_HAL_Driver/Src/stm32l4xx_hal_rcc.o
                0x08004070                HAL_RCC_ClockConfig
 .text.HAL_RCC_GetSysClockFreq
                0x08004270      0x118 ./Drivers/STM32L4xx_HAL_Driver/Src/stm32l4xx_hal_rcc.o
                0x08004270                HAL_RCC_GetSysClockFreq
 .text.HAL_RCC_GetHCLKFreq
                0x08004388       0x18 ./Drivers/STM32L4xx_HAL_Driver/Src/stm32l4xx_hal_rcc.o
                0x08004388                HAL_RCC_GetHCLKFreq
 .text.HAL_RCC_GetPCLK1Freq
                0x080043a0       0x2c ./Drivers/STM32L4xx_HAL_Driver/Src/stm32l4xx_hal_rcc.o