/opt/st/stm32cubeide_1.15.0/plugins/com.st.stm32cube.ide.mcu.externaltools.gnu-tools-for-stm32.12.3.rel1.linux64_1.0.100.202403111256/tools/arm-none-eabi/include/c++/12.3.1/new:174:33:void* operator new(std::size_t, void*)	16	static
/opt/st/stm32cubeide_1.15.0/plugins/com.st.stm32cube.ide.mcu.externaltools.gnu-tools-for-stm32.12.3.rel1.linux64_1.0.100.202403111256/tools/arm-none-eabi/include/c++/12.3.1/bits/hashtable_policy.h:277:5:std::__detail::_Hash_node_base::_Hash_node_base()	16	static
/opt/st/stm32cubeide_1.15.0/plugins/com.st.stm32cube.ide.mcu.externaltools.gnu-tools-for-stm32.12.3.rel1.linux64_1.0.100.202403111256/tools/arm-none-eabi/include/c++/12.3.1/bits/hashtable_policy.h:486:5:std::__detail::_Mod_range_hashing::result_type std::__detail::_Mod_range_hashing::operator()(first_argument_type, second_argument_type) const	24	static
/opt/st/stm32cubeide_1.15.0/plugins/com.st.stm32cube.ide.mcu.externaltools.gnu-tools-for-stm32.12.3.rel1.linux64_1.0.100.202403111256/tools/arm-none-eabi/include/c++/12.3.1/bits/hashtable_policy.h:504:5:std::__detail::_Prime_rehash_policy::_Prime_rehash_policy(float)	16	static
/opt/st/stm32cubeide_1.15.0/plugins/com.st.stm32cube.ide.mcu.externaltools.gnu-tools-for-stm32.12.3.rel1.linux64_1.0.100.202403111256/tools/arm-none-eabi/include/c++/12.3.1/bits/hashtable_policy.h:531:5:std::__detail::_Prime_rehash_policy::_State std::__detail::_Prime_rehash_policy::_M_state() const	16	static
/opt/st/stm32cubeide_1.15.0/plugins/com.st.stm32cube.ide.mcu.externaltools.gnu-tools-for-stm32.12.3.rel1.linux64_1.0.100.202403111256/tools/arm-none-eabi/include/c++/12.3.1/bits/unordered_map.h:102:11:std::unordered_map<void*, unsigned int>::~unordered_map()	16	static
../Core/Inc/app/util/MemoryMonitor.hpp:16:7:MemoryMonitor::~MemoryMonitor()	16	static
../Core/Src/app/util/MemoryMonitor.cpp:6:23:void __tcf_0()	8	static
../Core/Src/app/util/MemoryMonitor.cpp:4:16:static MemoryMonitor& MemoryMonitor::getInstance()	8	static
/opt/st/stm32cubeide_1.15.0/plugins/com.st.stm32cube.ide.mcu.externaltools.gnu-tools-for-stm32.12.3.rel1.linux64_1.0.100.202403111256/tools/arm-none-eabi/include/c++/12.3.1/bits/hashtable_policy.h:1261:7:std::__detail::_Hash_code_base<_Key, _Value, _ExtractKey, _Hash, _RangeHash, _Unused, __cache_hash_code>::_Hash_code_base() [with _Key = void*; _Value = std::pair<void* const, unsigned int>; _ExtractKey = std::__detail::_Select1st; _Hash = std::hash<void*>; _RangeHash = std::__detail::_Mod_range_hashing; _Unused = std::__detail::_Default_ranged_hash; bool __cache_hash_code = false]	16	static
/opt/st/stm32cubeide_1.15.0/plugins/com.st.stm32cube.ide.mcu.externaltools.gnu-tools-for-stm32.12.3.rel1.linux64_1.0.100.202403111256/tools/arm-none-eabi/include/c++/12.3.1/bits/hashtable_policy.h:1674:7:std::__detail::_Hashtable_base<_Key, _Value, _ExtractKey, _Equal, _Hash, _RangeHash, _Unused, _Traits>::_Hashtable_base() [with _Key = void*; _Value = std::pair<void* const, unsigned int>; _ExtractKey = std::__detail::_Select1st; _Equal = std::equal_to<void*>; _Hash = std::hash<void*>; _RangeHash = std::__detail::_Mod_range_hashing; _Unused = std::__detail::_Default_ranged_hash; _Traits = std::__detail::_Hashtable_traits<false, false, true>]	16	static
/opt/st/stm32cubeide_1.15.0/plugins/com.st.stm32cube.ide.mcu.externaltools.gnu-tools-for-stm32.12.3.rel1.linux64_1.0.100.202403111256/tools/arm-none-eabi/include/c++/12.3.1/bits/hashtable_policy.h:1175:12:std::__detail::_Hashtable_ebo_helper<0, std::allocator<std::__detail::_Hash_node<std::pair<void* const, unsigned int>, false> >, true>::~_Hashtable_ebo_helper()	16	static
/opt/st/stm32cubeide_1.15.0/plugins/com.st.stm32cube.ide.mcu.externaltools.gnu-tools-for-stm32.12.3.rel1.linux64_1.0.100.202403111256/tools/arm-none-eabi/include/c++/12.3.1/bits/hashtable_policy.h:1913:7:std::__detail::_Hashtable_alloc<_NodeAlloc>::_Hashtable_alloc() [with _NodeAlloc = std::allocator<std::__detail::_Hash_node<std::pair<void* const, unsigned int>, false> >]	16	static
/opt/st/stm32cubeide_1.15.0/plugins/com.st.stm32cube.ide.mcu.externaltools.gnu-tools-for-stm32.12.3.rel1.linux64_1.0.100.202403111256/tools/arm-none-eabi/include/c++/12.3.1/bits/hashtable_policy.h:1885:12:std::__detail::_Hashtable_alloc<std::allocator<std::__detail::_Hash_node<std::pair<void* const, unsigned int>, false> > >::~_Hashtable_alloc()	16	static
/opt/st/stm32cubeide_1.15.0/plugins/com.st.stm32cube.ide.mcu.externaltools.gnu-tools-for-stm32.12.3.rel1.linux64_1.0.100.202403111256/tools/arm-none-eabi/include/c++/12.3.1/bits/hashtable.h:531:7:std::_Hashtable<_Key, _Value, _Alloc, _ExtractKey, _Equal, _Hash, _RangeHash, _Unused, _RehashPolicy, _Traits>::_Hashtable() [with _Key = void*; _Value = std::pair<void* const, unsigned int>; _Alloc = std::allocator<std::pair<void* const, unsigned int> >; _ExtractKey = std::__detail::_Select1st; _Equal = std::equal_to<void*>; _Hash = std::hash<void*>; _RangeHash = std::__detail::_Mod_range_hashing; _Unused = std::__detail::_Default_ranged_hash; _RehashPolicy = std::__detail::_Prime_rehash_policy; _Traits = std::__detail::_Hashtable_traits<false, false, true>]	16	static
/opt/st/stm32cubeide_1.15.0/plugins/com.st.stm32cube.ide.mcu.externaltools.gnu-tools-for-stm32.12.3.rel1.linux64_1.0.100.202403111256/tools/arm-none-eabi/include/c++/12.3.1/bits/unordered_map.h:141:7:std::unordered_map<_Key, _Tp, _Hash, _Pred, _Alloc>::unordered_map() [with _Key = void*; _Tp = unsigned int; _Hash = std::hash<void*>; _Pred = std::equal_to<void*>; _Alloc = std::allocator<std::pair<void* const, unsigned int> >]	16	static
../Core/Src/app/util/MemoryMonitor.cpp:10:1:MemoryMonitor::MemoryMonitor()	16	static
../Core/Src/app/util/MemoryMonitor.cpp:15:7:void* MemoryMonitor::monitoredMalloc(size_t)	24	static
../Core/Src/app/util/MemoryMonitor.cpp:27:6:void MemoryMonitor::monitoredFree(void*)	32	static
../Core/Src/app/util/MemoryMonitor.cpp:38:8:size_t MemoryMonitor::getTotalAllocatedMemory() const	16	static
../Core/Src/app/util/MemoryMonitor.cpp:43:8:size_t MemoryMonitor::getCurrentAllocatedMemory() const	16	static
../Core/Src/app/util/MemoryMonitor.cpp:48:6:void MemoryMonitor::printMemoryUsage() const	88	static
/opt/st/stm32cubeide_1.15.0/plugins/com.st.stm32cube.ide.mcu.externaltools.gnu-tools-for-stm32.12.3.rel1.linux64_1.0.100.202403111256/tools/arm-none-eabi/include/c++/12.3.1/bits/hashtable.h:1571:5:std::_Hashtable<_Key, _Value, _Alloc, _ExtractKey, _Equal, _Hash, _RangeHash, _Unused, _RehashPolicy, _Traits>::~_Hashtable() [with _Key = void*; _Value = std::pair<void* const, unsigned int>; _Alloc = std::allocator<std::pair<void* const, unsigned int> >; _ExtractKey = std::__detail::_Select1st; _Equal = std::equal_to<void*>; _Hash = std::hash<void*>; _RangeHash = std::__detail::_Mod_range_hashing; _Unused = std::__detail::_Default_ranged_hash; _RehashPolicy = std::__detail::_Prime_rehash_policy; _Traits = std::__detail::_Hashtable_traits<false, false, true>]	16	static
/opt/st/stm32cubeide_1.15.0/plugins/com.st.stm32cube.ide.mcu.externaltools.gnu-tools-for-stm32.12.3.rel1.linux64_1.0.100.202403111256/tools/arm-none-eabi/include/c++/12.3.1/bits/hashtable_policy.h:1178:7:std::__detail::_Hashtable_ebo_helper<_Nm, _Tp, true>::_Hashtable_ebo_helper() [with int _Nm = 1; _Tp = std::hash<void*>]	16	static
/opt/st/stm32cubeide_1.15.0/plugins/com.st.stm32cube.ide.mcu.externaltools.gnu-tools-for-stm32.12.3.rel1.linux64_1.0.100.202403111256/tools/arm-none-eabi/include/c++/12.3.1/bits/hashtable_policy.h:1178:7:std::__detail::_Hashtable_ebo_helper<_Nm, _Tp, true>::_Hashtable_ebo_helper() [with int _Nm = 0; _Tp = std::equal_to<void*>]	16	static
/opt/st/stm32cubeide_1.15.0/plugins/com.st.stm32cube.ide.mcu.externaltools.gnu-tools-for-stm32.12.3.rel1.linux64_1.0.100.202403111256/tools/arm-none-eabi/include/c++/12.3.1/bits/hashtable_policy.h:1178:7:std::__detail::_Hashtable_ebo_helper<_Nm, _Tp, true>::_Hashtable_ebo_helper() [with int _Nm = 0; _Tp = std::allocator<std::__detail::_Hash_node<std::pair<void* const, unsigned int>, false> >]	16	static
/opt/st/stm32cubeide_1.15.0/plugins/com.st.stm32cube.ide.mcu.externaltools.gnu-tools-for-stm32.12.3.rel1.linux64_1.0.100.202403111256/tools/arm-none-eabi/include/c++/12.3.1/bits/allocator.h:174:7:std::allocator< <template-parameter-1-1> >::~allocator() [with _Tp = std::__detail::_Hash_node<std::pair<void* const, unsigned int>, false>]	16	static
/opt/st/stm32cubeide_1.15.0/plugins/com.st.stm32cube.ide.mcu.externaltools.gnu-tools-for-stm32.12.3.rel1.linux64_1.0.100.202403111256/tools/arm-none-eabi/include/c++/12.3.1/bits/unordered_map.h:979:7:std::unordered_map<_Key, _Tp, _Hash, _Pred, _Alloc>::mapped_type& std::unordered_map<_Key, _Tp, _Hash, _Pred, _Alloc>::operator[](const key_type&) [with _Key = void*; _Tp = unsigned int; _Hash = std::hash<void*>; _Pred = std::equal_to<void*>; _Alloc = std::allocator<std::pair<void* const, unsigned int> >]	16	static
/opt/st/stm32cubeide_1.15.0/plugins/com.st.stm32cube.ide.mcu.externaltools.gnu-tools-for-stm32.12.3.rel1.linux64_1.0.100.202403111256/tools/arm-none-eabi/include/c++/12.3.1/bits/unordered_map.h:868:7:std::unordered_map<_Key, _Tp, _Hash, _Pred, _Alloc>::iterator std::unordered_map<_Key, _Tp, _Hash, _Pred, _Alloc>::find(const key_type&) [with _Key = void*; _Tp = unsigned int; _Hash = std::hash<void*>; _Pred = std::equal_to<void*>; _Alloc = std::allocator<std::pair<void* const, unsigned int> >]	16	static
/opt/st/stm32cubeide_1.15.0/plugins/com.st.stm32cube.ide.mcu.externaltools.gnu-tools-for-stm32.12.3.rel1.linux64_1.0.100.202403111256/tools/arm-none-eabi/include/c++/12.3.1/bits/unordered_map.h:347:7:std::unordered_map<_Key, _Tp, _Hash, _Pred, _Alloc>::iterator std::unordered_map<_Key, _Tp, _Hash, _Pred, _Alloc>::end() [with _Key = void*; _Tp = unsigned int; _Hash = std::hash<void*>; _Pred = std::equal_to<void*>; _Alloc = std::allocator<std::pair<void* const, unsigned int> >]	16	static
/opt/st/stm32cubeide_1.15.0/plugins/com.st.stm32cube.ide.mcu.externaltools.gnu-tools-for-stm32.12.3.rel1.linux64_1.0.100.202403111256/tools/arm-none-eabi/include/c++/12.3.1/bits/hashtable_policy.h:367:7:bool std::__detail::operator!=(const _Node_iterator_base<std::pair<void* const, unsigned int>, false>&, const _Node_iterator_base<std::pair<void* const, unsigned int>, false>&)	16	static
/opt/st/stm32cubeide_1.15.0/plugins/com.st.stm32cube.ide.mcu.externaltools.gnu-tools-for-stm32.12.3.rel1.linux64_1.0.100.202403111256/tools/arm-none-eabi/include/c++/12.3.1/bits/unordered_map.h:762:7:std::unordered_map<_Key, _Tp, _Hash, _Pred, _Alloc>::size_type std::unordered_map<_Key, _Tp, _Hash, _Pred, _Alloc>::erase(const key_type&) [with _Key = void*; _Tp = unsigned int; _Hash = std::hash<void*>; _Pred = std::equal_to<void*>; _Alloc = std::allocator<std::pair<void* const, unsigned int> >]	16	static
/opt/st/stm32cubeide_1.15.0/plugins/com.st.stm32cube.ide.mcu.externaltools.gnu-tools-for-stm32.12.3.rel1.linux64_1.0.100.202403111256/tools/arm-none-eabi/include/c++/12.3.1/bits/hashtable.h:2496:5:void std::_Hashtable<_Key, _Value, _Alloc, _ExtractKey, _Equal, _Hash, _RangeHash, _Unused, _RehashPolicy, _Traits>::clear() [with _Key = void*; _Value = std::pair<void* const, unsigned int>; _Alloc = std::allocator<std::pair<void* const, unsigned int> >; _ExtractKey = std::__detail::_Select1st; _Equal = std::equal_to<void*>; _Hash = std::hash<void*>; _RangeHash = std::__detail::_Mod_range_hashing; _Unused = std::__detail::_Default_ranged_hash; _RehashPolicy = std::__detail::_Prime_rehash_policy; _Traits = std::__detail::_Hashtable_traits<false, false, true>]	16	static
/opt/st/stm32cubeide_1.15.0/plugins/com.st.stm32cube.ide.mcu.externaltools.gnu-tools-for-stm32.12.3.rel1.linux64_1.0.100.202403111256/tools/arm-none-eabi/include/c++/12.3.1/bits/hashtable.h:456:7:void std::_Hashtable<_Key, _Value, _Alloc, _ExtractKey, _Equal, _Hash, _RangeHash, _Unused, _RehashPolicy, _Traits>::_M_deallocate_buckets() [with _Key = void*; _Value = std::pair<void* const, unsigned int>; _Alloc = std::allocator<std::pair<void* const, unsigned int> >; _ExtractKey = std::__detail::_Select1st; _Equal = std::equal_to<void*>; _Hash = std::hash<void*>; _RangeHash = std::__detail::_Mod_range_hashing; _Unused = std::__detail::_Default_ranged_hash; _RehashPolicy = std::__detail::_Prime_rehash_policy; _Traits = std::__detail::_Hashtable_traits<false, false, true>]	16	static
/opt/st/stm32cubeide_1.15.0/plugins/com.st.stm32cube.ide.mcu.externaltools.gnu-tools-for-stm32.12.3.rel1.linux64_1.0.100.202403111256/tools/arm-none-eabi/include/c++/12.3.1/bits/allocator.h:156:7:std::allocator< <template-parameter-1-1> >::allocator() [with _Tp = std::__detail::_Hash_node<std::pair<void* const, unsigned int>, false>]	16	static
/opt/st/stm32cubeide_1.15.0/plugins/com.st.stm32cube.ide.mcu.externaltools.gnu-tools-for-stm32.12.3.rel1.linux64_1.0.100.202403111256/tools/arm-none-eabi/include/c++/12.3.1/bits/new_allocator.h:90:7:std::__new_allocator<_Tp>::~__new_allocator() [with _Tp = std::__detail::_Hash_node<std::pair<void* const, unsigned int>, false>]	16	static
/opt/st/stm32cubeide_1.15.0/plugins/com.st.stm32cube.ide.mcu.externaltools.gnu-tools-for-stm32.12.3.rel1.linux64_1.0.100.202403111256/tools/arm-none-eabi/include/c++/12.3.1/bits/hashtable_policy.h:767:5:std::__detail::_Map_base<_Key, std::pair<const _Key, _Val>, _Alloc, std::__detail::_Select1st, _Equal, _Hash, _RangeHash, _Unused, _RehashPolicy, _Traits, true>::mapped_type& std::__detail::_Map_base<_Key, std::pair<const _Key, _Val>, _Alloc, std::__detail::_Select1st, _Equal, _Hash, _RangeHash, _Unused, _RehashPolicy, _Traits, true>::operator[](const key_type&) [with _Key = void*; _Val = unsigned int; _Alloc = std::allocator<std::pair<void* const, unsigned int> >; _Equal = std::equal_to<void*>; _Hash = std::hash<void*>; _RangeHash = std::__detail::_Mod_range_hashing; _Unused = std::__detail::_Default_ranged_hash; _RehashPolicy = std::__detail::_Prime_rehash_policy; _Traits = std::__detail::_Hashtable_traits<false, false, true>]	72	static
/opt/st/stm32cubeide_1.15.0/plugins/com.st.stm32cube.ide.mcu.externaltools.gnu-tools-for-stm32.12.3.rel1.linux64_1.0.100.202403111256/tools/arm-none-eabi/include/c++/12.3.1/bits/hashtable.h:1640:5:std::_Hashtable<_Key, _Value, _Alloc, _ExtractKey, _Equal, _Hash, _RangeHash, _Unused, _RehashPolicy, _Traits>::iterator std::_Hashtable<_Key, _Value, _Alloc, _ExtractKey, _Equal, _Hash, _RangeHash, _Unused, _RehashPolicy, _Traits>::find(const key_type&) [with _Key = void*; _Value = std::pair<void* const, unsigned int>; _Alloc = std::allocator<std::pair<void* const, unsigned int> >; _ExtractKey = std::__detail::_Select1st; _Equal = std::equal_to<void*>; _Hash = std::hash<void*>; _RangeHash = std::__detail::_Mod_range_hashing; _Unused = std::__detail::_Default_ranged_hash; _RehashPolicy = std::__detail::_Prime_rehash_policy; _Traits = std::__detail::_Hashtable_traits<false, false, true>]	48	static
/opt/st/stm32cubeide_1.15.0/plugins/com.st.stm32cube.ide.mcu.externaltools.gnu-tools-for-stm32.12.3.rel1.linux64_1.0.100.202403111256/tools/arm-none-eabi/include/c++/12.3.1/bits/hashtable.h:632:7:std::_Hashtable<_Key, _Value, _Alloc, _ExtractKey, _Equal, _Hash, _RangeHash, _Unused, _RehashPolicy, _Traits>::iterator std::_Hashtable<_Key, _Value, _Alloc, _ExtractKey, _Equal, _Hash, _RangeHash, _Unused, _RehashPolicy, _Traits>::end() [with _Key = void*; _Value = std::pair<void* const, unsigned int>; _Alloc = std::allocator<std::pair<void* const, unsigned int> >; _ExtractKey = std::__detail::_Select1st; _Equal = std::equal_to<void*>; _Hash = std::hash<void*>; _RangeHash = std::__detail::_Mod_range_hashing; _Unused = std::__detail::_Default_ranged_hash; _RehashPolicy = std::__detail::_Prime_rehash_policy; _Traits = std::__detail::_Hashtable_traits<false, false, true>]	24	static
/opt/st/stm32cubeide_1.15.0/plugins/com.st.stm32cube.ide.mcu.externaltools.gnu-tools-for-stm32.12.3.rel1.linux64_1.0.100.202403111256/tools/arm-none-eabi/include/c++/12.3.1/bits/hashtable.h:972:7:std::_Hashtable<_Key, _Value, _Alloc, _ExtractKey, _Equal, _Hash, _RangeHash, _Unused, _RehashPolicy, _Traits>::size_type std::_Hashtable<_Key, _Value, _Alloc, _ExtractKey, _Equal, _Hash, _RangeHash, _Unused, _RehashPolicy, _Traits>::erase(const key_type&) [with _Key = void*; _Value = std::pair<void* const, unsigned int>; _Alloc = std::allocator<std::pair<void* const, unsigned int> >; _ExtractKey = std::__detail::_Select1st; _Equal = std::equal_to<void*>; _Hash = std::hash<void*>; _RangeHash = std::__detail::_Mod_range_hashing; _Unused = std::__detail::_Default_ranged_hash; _RehashPolicy = std::__detail::_Prime_rehash_policy; _Traits = std::__detail::_Hashtable_traits<false, false, true>]	16	static
/opt/st/stm32cubeide_1.15.0/plugins/com.st.stm32cube.ide.mcu.externaltools.gnu-tools-for-stm32.12.3.rel1.linux64_1.0.100.202403111256/tools/arm-none-eabi/include/c++/12.3.1/bits/hashtable.h:465:7:std::_Hashtable<_Key, _Value, _Alloc, _ExtractKey, _Equal, _Hash, _RangeHash, _Unused, _RehashPolicy, _Traits>::__node_ptr std::_Hashtable<_Key, _Value, _Alloc, _ExtractKey, _Equal, _Hash, _RangeHash, _Unused, _RehashPolicy, _Traits>::_M_begin() const [with _Key = void*; _Value = std::pair<void* const, unsigned int>; _Alloc = std::allocator<std::pair<void* const, unsigned int> >; _ExtractKey = std::__detail::_Select1st; _Equal = std::equal_to<void*>; _Hash = std::hash<void*>; _RangeHash = std::__detail::_Mod_range_hashing; _Unused = std::__detail::_Default_ranged_hash; _RehashPolicy = std::__detail::_Prime_rehash_policy; _Traits = std::__detail::_Hashtable_traits<false, false, true>]	16	static
/opt/st/stm32cubeide_1.15.0/plugins/com.st.stm32cube.ide.mcu.externaltools.gnu-tools-for-stm32.12.3.rel1.linux64_1.0.100.202403111256/tools/arm-none-eabi/include/c++/12.3.1/bits/hashtable_policy.h:2000:5:void std::__detail::_Hashtable_alloc<_NodeAlloc>::_M_deallocate_nodes(__node_ptr) [with _NodeAlloc = std::allocator<std::__detail::_Hash_node<std::pair<void* const, unsigned int>, false> >]	24	static
/opt/st/stm32cubeide_1.15.0/plugins/com.st.stm32cube.ide.mcu.externaltools.gnu-tools-for-stm32.12.3.rel1.linux64_1.0.100.202403111256/tools/arm-none-eabi/include/c++/12.3.1/bits/hashtable.h:447:7:void std::_Hashtable<_Key, _Value, _Alloc, _ExtractKey, _Equal, _Hash, _RangeHash, _Unused, _RehashPolicy, _Traits>::_M_deallocate_buckets(__buckets_ptr, size_type) [with _Key = void*; _Value = std::pair<void* const, unsigned int>; _Alloc = std::allocator<std::pair<void* const, unsigned int> >; _ExtractKey = std::__detail::_Select1st; _Equal = std::equal_to<void*>; _Hash = std::hash<void*>; _RangeHash = std::__detail::_Mod_range_hashing; _Unused = std::__detail::_Default_ranged_hash; _RehashPolicy = std::__detail::_Prime_rehash_policy; _Traits = std::__detail::_Hashtable_traits<false, false, true>]	24	static
/opt/st/stm32cubeide_1.15.0/plugins/com.st.stm32cube.ide.mcu.externaltools.gnu-tools-for-stm32.12.3.rel1.linux64_1.0.100.202403111256/tools/arm-none-eabi/include/c++/12.3.1/bits/new_allocator.h:80:7:std::__new_allocator<_Tp>::__new_allocator() [with _Tp = std::__detail::_Hash_node<std::pair<void* const, unsigned int>, false>]	16	static
/opt/st/stm32cubeide_1.15.0/plugins/com.st.stm32cube.ide.mcu.externaltools.gnu-tools-for-stm32.12.3.rel1.linux64_1.0.100.202403111256/tools/arm-none-eabi/include/c++/12.3.1/bits/hashtable_policy.h:1266:7:std::__detail::_Hash_code_base<_Key, _Value, _ExtractKey, _Hash, _RangeHash, _Unused, __cache_hash_code>::__hash_code std::__detail::_Hash_code_base<_Key, _Value, _ExtractKey, _Hash, _RangeHash, _Unused, __cache_hash_code>::_M_hash_code(const _Key&) const [with _Key = void*; _Value = std::pair<void* const, unsigned int>; _ExtractKey = std::__detail::_Select1st; _Hash = std::hash<void*>; _RangeHash = std::__detail::_Mod_range_hashing; _Unused = std::__detail::_Default_ranged_hash; bool __cache_hash_code = false]	16	static
/opt/st/stm32cubeide_1.15.0/plugins/com.st.stm32cube.ide.mcu.externaltools.gnu-tools-for-stm32.12.3.rel1.linux64_1.0.100.202403111256/tools/arm-none-eabi/include/c++/12.3.1/bits/hashtable.h:797:7:std::_Hashtable<_Key, _Value, _Alloc, _ExtractKey, _Equal, _Hash, _RangeHash, _Unused, _RehashPolicy, _Traits>::size_type std::_Hashtable<_Key, _Value, _Alloc, _ExtractKey, _Equal, _Hash, _RangeHash, _Unused, _RehashPolicy, _Traits>::_M_bucket_index(__hash_code) const [with _Key = void*; _Value = std::pair<void* const, unsigned int>; _Alloc = std::allocator<std::pair<void* const, unsigned int> >; _ExtractKey = std::__detail::_Select1st; _Equal = std::equal_to<void*>; _Hash = std::hash<void*>; _RangeHash = std::__detail::_Mod_range_hashing; _Unused = std::__detail::_Default_ranged_hash; _RehashPolicy = std::__detail::_Prime_rehash_policy; _Traits = std::__detail::_Hashtable_traits<false, false, true>]	16	static
/opt/st/stm32cubeide_1.15.0/plugins/com.st.stm32cube.ide.mcu.externaltools.gnu-tools-for-stm32.12.3.rel1.linux64_1.0.100.202403111256/tools/arm-none-eabi/include/c++/12.3.1/bits/hashtable.h:813:7:std::_Hashtable<_Key, _Value, _Alloc, _ExtractKey, _Equal, _Hash, _RangeHash, _Unused, _RehashPolicy, _Traits>::__node_ptr std::_Hashtable<_Key, _Value, _Alloc, _ExtractKey, _Equal, _Hash, _RangeHash, _Unused, _RehashPolicy, _Traits>::_M_find_node(size_type, const key_type&, __hash_code) const [with _Key = void*; _Value = std::pair<void* const, unsigned int>; _Alloc = std::allocator<std::pair<void* const, unsigned int> >; _ExtractKey = std::__detail::_Select1st; _Equal = std::equal_to<void*>; _Hash = std::hash<void*>; _RangeHash = std::__detail::_Mod_range_hashing; _Unused = std::__detail::_Default_ranged_hash; _RehashPolicy = std::__detail::_Prime_rehash_policy; _Traits = std::__detail::_Hashtable_traits<false, false, true>]	32	static
/opt/st/stm32cubeide_1.15.0/plugins/com.st.stm32cube.ide.mcu.externaltools.gnu-tools-for-stm32.12.3.rel1.linux64_1.0.100.202403111256/tools/arm-none-eabi/include/c++/12.3.1/bits/hashtable_policy.h:303:7:_Value& std::__detail::_Hash_node_value_base<_Value>::_M_v() [with _Value = std::pair<void* const, unsigned int>]	16	static
/opt/st/stm32cubeide_1.15.0/plugins/com.st.stm32cube.ide.mcu.externaltools.gnu-tools-for-stm32.12.3.rel1.linux64_1.0.100.202403111256/tools/arm-none-eabi/include/c++/12.3.1/tuple:727:2:>(), bool>::type <anonymous> = true; _Elements = {void* const&}]	16	static
/opt/st/stm32cubeide_1.15.0/plugins/com.st.stm32cube.ide.mcu.externaltools.gnu-tools-for-stm32.12.3.rel1.linux64_1.0.100.202403111256/tools/arm-none-eabi/include/c++/12.3.1/bits/hashtable.h:306:4:) [with _Args = {const std::piecewise_construct_t&, std::tuple<void* const&>, std::tuple<>}; _Key = void*; _Value = std::pair<void* const, unsigned int>; _Alloc = std::allocator<std::pair<void* const, unsigned int> >; _ExtractKey = std::__detail::_Select1st; _Equal = std::equal_to<void*>; _Hash = std::hash<void*>; _RangeHash = std::__detail::_Mod_range_hashing; _Unused = std::__detail::_Default_ranged_hash; _RehashPolicy = std::__detail::_Prime_rehash_policy; _Traits = std::__detail::_Hashtable_traits<false, false, true>]	40	static
/opt/st/stm32cubeide_1.15.0/plugins/com.st.stm32cube.ide.mcu.externaltools.gnu-tools-for-stm32.12.3.rel1.linux64_1.0.100.202403111256/tools/arm-none-eabi/include/c++/12.3.1/bits/hashtable.h:312:2:std::_Hashtable<_Key, _Value, _Alloc, _ExtractKey, _Equal, _Hash, _RangeHash, _Unused, _RehashPolicy, _Traits>::_Scoped_node::~_Scoped_node() [with _Key = void*; _Value = std::pair<void* const, unsigned int>; _Alloc = std::allocator<std::pair<void* const, unsigned int> >; _ExtractKey = std::__detail::_Select1st; _Equal = std::equal_to<void*>; _Hash = std::hash<void*>; _RangeHash = std::__detail::_Mod_range_hashing; _Unused = std::__detail::_Default_ranged_hash; _RehashPolicy = std::__detail::_Prime_rehash_policy; _Traits = std::__detail::_Hashtable_traits<false, false, true>]	16	static
/opt/st/stm32cubeide_1.15.0/plugins/com.st.stm32cube.ide.mcu.externaltools.gnu-tools-for-stm32.12.3.rel1.linux64_1.0.100.202403111256/tools/arm-none-eabi/include/c++/12.3.1/bits/hashtable.h:2142:5:std::_Hashtable<_Key, _Value, _Alloc, _ExtractKey, _Equal, _Hash, _RangeHash, _Unused, _RehashPolicy, _Traits>::iterator std::_Hashtable<_Key, _Value, _Alloc, _ExtractKey, _Equal, _Hash, _RangeHash, _Unused, _RehashPolicy, _Traits>::_M_insert_unique_node(size_type, __hash_code, __node_ptr, size_type) [with _Key = void*; _Value = std::pair<void* const, unsigned int>; _Alloc = std::allocator<std::pair<void* const, unsigned int> >; _ExtractKey = std::__detail::_Select1st; _Equal = std::equal_to<void*>; _Hash = std::hash<void*>; _RangeHash = std::__detail::_Mod_range_hashing; _Unused = std::__detail::_Default_ranged_hash; _RehashPolicy = std::__detail::_Prime_rehash_policy; _Traits = std::__detail::_Hashtable_traits<false, false, true>]	64	static
/opt/st/stm32cubeide_1.15.0/plugins/com.st.stm32cube.ide.mcu.externaltools.gnu-tools-for-stm32.12.3.rel1.linux64_1.0.100.202403111256/tools/arm-none-eabi/include/c++/12.3.1/bits/hashtable_policy.h:404:7:std::__detail::_Node_iterator<_Value, __constant_iterators, __cache>::pointer std::__detail::_Node_iterator<_Value, __constant_iterators, __cache>::operator->() const [with _Value = std::pair<void* const, unsigned int>; bool __constant_iterators = false; bool __cache = false]	16	static
/opt/st/stm32cubeide_1.15.0/plugins/com.st.stm32cube.ide.mcu.externaltools.gnu-tools-for-stm32.12.3.rel1.linux64_1.0.100.202403111256/tools/arm-none-eabi/include/c++/12.3.1/bits/hashtable.h:648:7:std::_Hashtable<_Key, _Value, _Alloc, _ExtractKey, _Equal, _Hash, _RangeHash, _Unused, _RehashPolicy, _Traits>::size_type std::_Hashtable<_Key, _Value, _Alloc, _ExtractKey, _Equal, _Hash, _RangeHash, _Unused, _RehashPolicy, _Traits>::size() const [with _Key = void*; _Value = std::pair<void* const, unsigned int>; _Alloc = std::allocator<std::pair<void* const, unsigned int> >; _ExtractKey = std::__detail::_Select1st; _Equal = std::equal_to<void*>; _Hash = std::hash<void*>; _RangeHash = std::__detail::_Mod_range_hashing; _Unused = std::__detail::_Default_ranged_hash; _RehashPolicy = std::__detail::_Prime_rehash_policy; _Traits = std::__detail::_Hashtable_traits<false, false, true>]	16	static
/opt/st/stm32cubeide_1.15.0/plugins/com.st.stm32cube.ide.mcu.externaltools.gnu-tools-for-stm32.12.3.rel1.linux64_1.0.100.202403111256/tools/arm-none-eabi/include/c++/12.3.1/bits/hashtable.h:425:7:static constexpr std::size_t std::_Hashtable<_Key, _Value, _Alloc, _ExtractKey, _Equal, _Hash, _RangeHash, _Unused, _RehashPolicy, _Traits>::__small_size_threshold() [with _Key = void*; _Value = std::pair<void* const, unsigned int>; _Alloc = std::allocator<std::pair<void* const, unsigned int> >; _ExtractKey = std::__detail::_Select1st; _Equal = std::equal_to<void*>; _Hash = std::hash<void*>; _RangeHash = std::__detail::_Mod_range_hashing; _Unused = std::__detail::_Default_ranged_hash; _RehashPolicy = std::__detail::_Prime_rehash_policy; _Traits = std::__detail::_Hashtable_traits<false, false, true>]	8	static
/opt/st/stm32cubeide_1.15.0/plugins/com.st.stm32cube.ide.mcu.externaltools.gnu-tools-for-stm32.12.3.rel1.linux64_1.0.100.202403111256/tools/arm-none-eabi/include/c++/12.3.1/bits/hashtable.h:624:7:std::_Hashtable<_Key, _Value, _Alloc, _ExtractKey, _Equal, _Hash, _RangeHash, _Unused, _RehashPolicy, _Traits>::iterator std::_Hashtable<_Key, _Value, _Alloc, _ExtractKey, _Equal, _Hash, _RangeHash, _Unused, _RehashPolicy, _Traits>::begin() [with _Key = void*; _Value = std::pair<void* const, unsigned int>; _Alloc = std::allocator<std::pair<void* const, unsigned int> >; _ExtractKey = std::__detail::_Select1st; _Equal = std::equal_to<void*>; _Hash = std::hash<void*>; _RangeHash = std::__detail::_Mod_range_hashing; _Unused = std::__detail::_Default_ranged_hash; _RehashPolicy = std::__detail::_Prime_rehash_policy; _Traits = std::__detail::_Hashtable_traits<false, false, true>]	24	static
/opt/st/stm32cubeide_1.15.0/plugins/com.st.stm32cube.ide.mcu.externaltools.gnu-tools-for-stm32.12.3.rel1.linux64_1.0.100.202403111256/tools/arm-none-eabi/include/c++/12.3.1/bits/hashtable_policy.h:408:7:std::__detail::_Node_iterator<_Value, __constant_iterators, __cache>& std::__detail::_Node_iterator<_Value, __constant_iterators, __cache>::operator++() [with _Value = std::pair<void* const, unsigned int>; bool __constant_iterators = false; bool __cache = false]	16	static
/opt/st/stm32cubeide_1.15.0/plugins/com.st.stm32cube.ide.mcu.externaltools.gnu-tools-for-stm32.12.3.rel1.linux64_1.0.100.202403111256/tools/arm-none-eabi/include/c++/12.3.1/bits/hashtable_policy.h:1681:7:bool std::__detail::_Hashtable_base<_Key, _Value, _ExtractKey, _Equal, _Hash, _RangeHash, _Unused, _Traits>::_M_key_equals(const _Key&, const std::__detail::_Hash_node_value<_Value, typename _Traits::__hash_cached::value>&) const [with _Key = void*; _Value = std::pair<void* const, unsigned int>; _ExtractKey = std::__detail::_Select1st; _Equal = std::equal_to<void*>; _Hash = std::hash<void*>; _RangeHash = std::__detail::_Mod_range_hashing; _Unused = std::__detail::_Default_ranged_hash; _Traits = std::__detail::_Hashtable_traits<false, false, true>]	40	static
/opt/st/stm32cubeide_1.15.0/plugins/com.st.stm32cube.ide.mcu.externaltools.gnu-tools-for-stm32.12.3.rel1.linux64_1.0.100.202403111256/tools/arm-none-eabi/include/c++/12.3.1/bits/hashtable_policy.h:396:7:std::__detail::_Node_iterator<_Value, __constant_iterators, __cache>::_Node_iterator(__node_type*) [with _Value = std::pair<void* const, unsigned int>; bool __constant_iterators = false; bool __cache = false]	16	static
/opt/st/stm32cubeide_1.15.0/plugins/com.st.stm32cube.ide.mcu.externaltools.gnu-tools-for-stm32.12.3.rel1.linux64_1.0.100.202403111256/tools/arm-none-eabi/include/c++/12.3.1/bits/hashtable.h:2340:5:std::_Hashtable<_Key, _Value, _Alloc, _ExtractKey, _Equal, _Hash, _RangeHash, _Unused, _RehashPolicy, _Traits>::size_type std::_Hashtable<_Key, _Value, _Alloc, _ExtractKey, _Equal, _Hash, _RangeHash, _Unused, _RehashPolicy, _Traits>::_M_erase(std::true_type, const key_type&) [with _Key = void*; _Value = std::pair<void* const, unsigned int>; _Alloc = std::allocator<std::pair<void* const, unsigned int> >; _ExtractKey = std::__detail::_Select1st; _Equal = std::equal_to<void*>; _Hash = std::hash<void*>; _RangeHash = std::__detail::_Mod_range_hashing; _Unused = std::__detail::_Default_ranged_hash; _RehashPolicy = std::__detail::_Prime_rehash_policy; _Traits = std::__detail::_Hashtable_traits<false, false, true>]	48	static
/opt/st/stm32cubeide_1.15.0/plugins/com.st.stm32cube.ide.mcu.externaltools.gnu-tools-for-stm32.12.3.rel1.linux64_1.0.100.202403111256/tools/arm-none-eabi/include/c++/12.3.1/bits/hashtable_policy.h:340:7:std::__detail::_Hash_node<_Value, _Cache_hash_code>* std::__detail::_Hash_node<_Value, _Cache_hash_code>::_M_next() const [with _Value = std::pair<void* const, unsigned int>; bool _Cache_hash_code = false]	16	static
/opt/st/stm32cubeide_1.15.0/plugins/com.st.stm32cube.ide.mcu.externaltools.gnu-tools-for-stm32.12.3.rel1.linux64_1.0.100.202403111256/tools/arm-none-eabi/include/c++/12.3.1/bits/hashtable_policy.h:1982:5:void std::__detail::_Hashtable_alloc<_NodeAlloc>::_M_deallocate_node(__node_ptr) [with _NodeAlloc = std::allocator<std::__detail::_Hash_node<std::pair<void* const, unsigned int>, false> >]	24	static
/opt/st/stm32cubeide_1.15.0/plugins/com.st.stm32cube.ide.mcu.externaltools.gnu-tools-for-stm32.12.3.rel1.linux64_1.0.100.202403111256/tools/arm-none-eabi/include/c++/12.3.1/bits/hashtable.h:417:7:bool std::_Hashtable<_Key, _Value, _Alloc, _ExtractKey, _Equal, _Hash, _RangeHash, _Unused, _RehashPolicy, _Traits>::_M_uses_single_bucket(__buckets_ptr) const [with _Key = void*; _Value = std::pair<void* const, unsigned int>; _Alloc = std::allocator<std::pair<void* const, unsigned int> >; _ExtractKey = std::__detail::_Select1st; _Equal = std::equal_to<void*>; _Hash = std::hash<void*>; _RangeHash = std::__detail::_Mod_range_hashing; _Unused = std::__detail::_Default_ranged_hash; _RehashPolicy = std::__detail::_Prime_rehash_policy; _Traits = std::__detail::_Hashtable_traits<false, false, true>]	16	static
/opt/st/stm32cubeide_1.15.0/plugins/com.st.stm32cube.ide.mcu.externaltools.gnu-tools-for-stm32.12.3.rel1.linux64_1.0.100.202403111256/tools/arm-none-eabi/include/c++/12.3.1/bits/hashtable_policy.h:2025:5:void std::__detail::_Hashtable_alloc<_NodeAlloc>::_M_deallocate_buckets(__buckets_ptr, std::size_t) [with _NodeAlloc = std::allocator<std::__detail::_Hash_node<std::pair<void* const, unsigned int>, false> >]	32	static
/opt/st/stm32cubeide_1.15.0/plugins/com.st.stm32cube.ide.mcu.externaltools.gnu-tools-for-stm32.12.3.rel1.linux64_1.0.100.202403111256/tools/arm-none-eabi/include/c++/12.3.1/bits/hashtable_policy.h:1348:7:const _Hash& std::__detail::_Hash_code_base<_Key, _Value, _ExtractKey, _Hash, _RangeHash, _Unused, __cache_hash_code>::_M_hash() const [with _Key = void*; _Value = std::pair<void* const, unsigned int>; _ExtractKey = std::__detail::_Select1st; _Hash = std::hash<void*>; _RangeHash = std::__detail::_Mod_range_hashing; _Unused = std::__detail::_Default_ranged_hash; bool __cache_hash_code = false]	16	static
/opt/st/stm32cubeide_1.15.0/plugins/com.st.stm32cube.ide.mcu.externaltools.gnu-tools-for-stm32.12.3.rel1.linux64_1.0.100.202403111256/tools/arm-none-eabi/include/c++/12.3.1/bits/functional_hash.h:110:7:std::size_t std::hash<_Tp*>::operator()(_Tp*) const [with _Tp = void]	16	static
/opt/st/stm32cubeide_1.15.0/plugins/com.st.stm32cube.ide.mcu.externaltools.gnu-tools-for-stm32.12.3.rel1.linux64_1.0.100.202403111256/tools/arm-none-eabi/include/c++/12.3.1/bits/hashtable_policy.h:1304:7:std::size_t std::__detail::_Hash_code_base<_Key, _Value, _ExtractKey, _Hash, _RangeHash, _Unused, __cache_hash_code>::_M_bucket_index(__hash_code, std::size_t) const [with _Key = void*; _Value = std::pair<void* const, unsigned int>; _ExtractKey = std::__detail::_Select1st; _Hash = std::hash<void*>; _RangeHash = std::__detail::_Mod_range_hashing; _Unused = std::__detail::_Default_ranged_hash; bool __cache_hash_code = false]	32	static
/opt/st/stm32cubeide_1.15.0/plugins/com.st.stm32cube.ide.mcu.externaltools.gnu-tools-for-stm32.12.3.rel1.linux64_1.0.100.202403111256/tools/arm-none-eabi/include/c++/12.3.1/bits/hashtable.h:1924:5:std::_Hashtable<_Key, _Value, _Alloc, _ExtractKey, _Equal, _Hash, _RangeHash, _Unused, _RehashPolicy, _Traits>::__node_base_ptr std::_Hashtable<_Key, _Value, _Alloc, _ExtractKey, _Equal, _Hash, _RangeHash, _Unused, _RehashPolicy, _Traits>::_M_find_before_node(size_type, const key_type&, __hash_code) const [with _Key = void*; _Value = std::pair<void* const, unsigned int>; _Alloc = std::allocator<std::pair<void* const, unsigned int> >; _ExtractKey = std::__detail::_Select1st; _Equal = std::equal_to<void*>; _Hash = std::hash<void*>; _RangeHash = std::__detail::_Mod_range_hashing; _Unused = std::__detail::_Default_ranged_hash; _RehashPolicy = std::__detail::_Prime_rehash_policy; _Traits = std::__detail::_Hashtable_traits<false, false, true>]	32	static
/opt/st/stm32cubeide_1.15.0/plugins/com.st.stm32cube.ide.mcu.externaltools.gnu-tools-for-stm32.12.3.rel1.linux64_1.0.100.202403111256/tools/arm-none-eabi/include/c++/12.3.1/bits/hashtable_policy.h:295:7:_Value* std::__detail::_Hash_node_value_base<_Value>::_M_valptr() [with _Value = std::pair<void* const, unsigned int>]	16	static
/opt/st/stm32cubeide_1.15.0/plugins/com.st.stm32cube.ide.mcu.externaltools.gnu-tools-for-stm32.12.3.rel1.linux64_1.0.100.202403111256/tools/arm-none-eabi/include/c++/12.3.1/tuple:434:7:constexpr std::_Tuple_impl<_Idx, _Head>::_Tuple_impl(const _Head&) [with unsigned int _Idx = 0; _Head = void* const&]	16	static
/opt/st/stm32cubeide_1.15.0/plugins/com.st.stm32cube.ide.mcu.externaltools.gnu-tools-for-stm32.12.3.rel1.linux64_1.0.100.202403111256/tools/arm-none-eabi/include/c++/12.3.1/bits/move.h:77:5:constexpr _Tp&& std::forward(typename remove_reference<_Tp>::type&) [with _Tp = const piecewise_construct_t&]	16	static
/opt/st/stm32cubeide_1.15.0/plugins/com.st.stm32cube.ide.mcu.externaltools.gnu-tools-for-stm32.12.3.rel1.linux64_1.0.100.202403111256/tools/arm-none-eabi/include/c++/12.3.1/bits/move.h:77:5:constexpr _Tp&& std::forward(typename remove_reference<_Tp>::type&) [with _Tp = tuple<void* const&>]	16	static
/opt/st/stm32cubeide_1.15.0/plugins/com.st.stm32cube.ide.mcu.externaltools.gnu-tools-for-stm32.12.3.rel1.linux64_1.0.100.202403111256/tools/arm-none-eabi/include/c++/12.3.1/bits/move.h:77:5:constexpr _Tp&& std::forward(typename remove_reference<_Tp>::type&) [with _Tp = tuple<>]	16	static
/opt/st/stm32cubeide_1.15.0/plugins/com.st.stm32cube.ide.mcu.externaltools.gnu-tools-for-stm32.12.3.rel1.linux64_1.0.100.202403111256/tools/arm-none-eabi/include/c++/12.3.1/bits/hashtable_policy.h:335:12:std::__detail::_Hash_node<std::pair<void* const, unsigned int>, false>::_Hash_node()	16	static
/opt/st/stm32cubeide_1.15.0/plugins/com.st.stm32cube.ide.mcu.externaltools.gnu-tools-for-stm32.12.3.rel1.linux64_1.0.100.202403111256/tools/arm-none-eabi/include/c++/12.3.1/bits/hashtable_policy.h:1960:7:) [with _Args = {const std::piecewise_construct_t&, std::tuple<void* const&>, std::tuple<>}; _NodeAlloc = std::allocator<std::__detail::_Hash_node<std::pair<void* const, unsigned int>, false> >]	56	static
/opt/st/stm32cubeide_1.15.0/plugins/com.st.stm32cube.ide.mcu.externaltools.gnu-tools-for-stm32.12.3.rel1.linux64_1.0.100.202403111256/tools/arm-none-eabi/include/c++/12.3.1/bits/hashtable.h:2535:5:void std::_Hashtable<_Key, _Value, _Alloc, _ExtractKey, _Equal, _Hash, _RangeHash, _Unused, _RehashPolicy, _Traits>::_M_rehash(size_type, const __rehash_state&) [with _Key = void*; _Value = std::pair<void* const, unsigned int>; _Alloc = std::allocator<std::pair<void* const, unsigned int> >; _ExtractKey = std::__detail::_Select1st; _Equal = std::equal_to<void*>; _Hash = std::hash<void*>; _RangeHash = std::__detail::_Mod_range_hashing; _Unused = std::__detail::_Default_ranged_hash; _RehashPolicy = std::__detail::_Prime_rehash_policy; _Traits = std::__detail::_Hashtable_traits<false, false, true>]	24	static
/opt/st/stm32cubeide_1.15.0/plugins/com.st.stm32cube.ide.mcu.externaltools.gnu-tools-for-stm32.12.3.rel1.linux64_1.0.100.202403111256/tools/arm-none-eabi/include/c++/12.3.1/bits/hashtable_policy.h:1326:7:void std::__detail::_Hash_code_base<_Key, _Value, _ExtractKey, _Hash, _RangeHash, _Unused, __cache_hash_code>::_M_store_code(std::__detail::_Hash_node_code_cache<false>&, __hash_code) const [with _Key = void*; _Value = std::pair<void* const, unsigned int>; _ExtractKey = std::__detail::_Select1st; _Hash = std::hash<void*>; _RangeHash = std::__detail::_Mod_range_hashing; _Unused = std::__detail::_Default_ranged_hash; bool __cache_hash_code = false]	24	static
/opt/st/stm32cubeide_1.15.0/plugins/com.st.stm32cube.ide.mcu.externaltools.gnu-tools-for-stm32.12.3.rel1.linux64_1.0.100.202403111256/tools/arm-none-eabi/include/c++/12.3.1/bits/hashtable.h:1983:5:void std::_Hashtable<_Key, _Value, _Alloc, _ExtractKey, _Equal, _Hash, _RangeHash, _Unused, _RehashPolicy, _Traits>::_M_insert_bucket_begin(size_type, __node_ptr) [with _Key = void*; _Value = std::pair<void* const, unsigned int>; _Alloc = std::allocator<std::pair<void* const, unsigned int> >; _ExtractKey = std::__detail::_Select1st; _Equal = std::equal_to<void*>; _Hash = std::hash<void*>; _RangeHash = std::__detail::_Mod_range_hashing; _Unused = std::__detail::_Default_ranged_hash; _RehashPolicy = std::__detail::_Prime_rehash_policy; _Traits = std::__detail::_Hashtable_traits<false, false, true>]	32	static
/opt/st/stm32cubeide_1.15.0/plugins/com.st.stm32cube.ide.mcu.externaltools.gnu-tools-for-stm32.12.3.rel1.linux64_1.0.100.202403111256/tools/arm-none-eabi/include/c++/12.3.1/bits/hashtable_policy.h:261:7:static constexpr std::size_t std::__detail::_Hashtable_hash_traits<_Hash>::__small_size_threshold() [with _Hash = std::hash<void*>]	4	static
/opt/st/stm32cubeide_1.15.0/plugins/com.st.stm32cube.ide.mcu.externaltools.gnu-tools-for-stm32.12.3.rel1.linux64_1.0.100.202403111256/tools/arm-none-eabi/include/c++/12.3.1/bits/hashtable_policy.h:357:7:void std::__detail::_Node_iterator_base<_Value, _Cache_hash_code>::_M_incr() [with _Value = std::pair<void* const, unsigned int>; bool _Cache_hash_code = false]	16	static
/opt/st/stm32cubeide_1.15.0/plugins/com.st.stm32cube.ide.mcu.externaltools.gnu-tools-for-stm32.12.3.rel1.linux64_1.0.100.202403111256/tools/arm-none-eabi/include/c++/12.3.1/bits/hashtable_policy.h:1733:7:const _Equal& std::__detail::_Hashtable_base<_Key, _Value, _ExtractKey, _Equal, _Hash, _RangeHash, _Unused, _Traits>::_M_eq() const [with _Key = void*; _Value = std::pair<void* const, unsigned int>; _ExtractKey = std::__detail::_Select1st; _Equal = std::equal_to<void*>; _Hash = std::hash<void*>; _RangeHash = std::__detail::_Mod_range_hashing; _Unused = std::__detail::_Default_ranged_hash; _Traits = std::__detail::_Hashtable_traits<false, false, true>]	16	static
/opt/st/stm32cubeide_1.15.0/plugins/com.st.stm32cube.ide.mcu.externaltools.gnu-tools-for-stm32.12.3.rel1.linux64_1.0.100.202403111256/tools/arm-none-eabi/include/c++/12.3.1/bits/hashtable_policy.h:307:7:const _Value& std::__detail::_Hash_node_value_base<_Value>::_M_v() const [with _Value = std::pair<void* const, unsigned int>]	16	static
/opt/st/stm32cubeide_1.15.0/plugins/com.st.stm32cube.ide.mcu.externaltools.gnu-tools-for-stm32.12.3.rel1.linux64_1.0.100.202403111256/tools/arm-none-eabi/include/c++/12.3.1/bits/hashtable_policy.h:110:7:typename std::__detail::_Select1st::__1st_type<_Pair>::type&& std::__detail::_Select1st::operator()(_Tp&&) const [with _Tp = const std::pair<void* const, unsigned int>&]	16	static
/opt/st/stm32cubeide_1.15.0/plugins/com.st.stm32cube.ide.mcu.externaltools.gnu-tools-for-stm32.12.3.rel1.linux64_1.0.100.202403111256/tools/arm-none-eabi/include/c++/12.3.1/bits/stl_function.h:377:7:constexpr bool std::equal_to<_Tp>::operator()(const _Tp&, const _Tp&) const [with _Tp = void*]	24	static
/opt/st/stm32cubeide_1.15.0/plugins/com.st.stm32cube.ide.mcu.externaltools.gnu-tools-for-stm32.12.3.rel1.linux64_1.0.100.202403111256/tools/arm-none-eabi/include/c++/12.3.1/bits/hashtable_policy.h:353:7:std::__detail::_Node_iterator_base<_Value, _Cache_hash_code>::_Node_iterator_base(__node_type*) [with _Value = std::pair<void* const, unsigned int>; bool _Cache_hash_code = false]	16	static
/opt/st/stm32cubeide_1.15.0/plugins/com.st.stm32cube.ide.mcu.externaltools.gnu-tools-for-stm32.12.3.rel1.linux64_1.0.100.202403111256/tools/arm-none-eabi/include/c++/12.3.1/bits/hashtable.h:1895:5:std::_Hashtable<_Key, _Value, _Alloc, _ExtractKey, _Equal, _Hash, _RangeHash, _Unused, _RehashPolicy, _Traits>::__node_base_ptr std::_Hashtable<_Key, _Value, _Alloc, _ExtractKey, _Equal, _Hash, _RangeHash, _Unused, _RehashPolicy, _Traits>::_M_find_before_node(const key_type&) [with _Key = void*; _Value = std::pair<void* const, unsigned int>; _Alloc = std::allocator<std::pair<void* const, unsigned int> >; _ExtractKey = std::__detail::_Select1st; _Equal = std::equal_to<void*>; _Hash = std::hash<void*>; _RangeHash = std::__detail::_Mod_range_hashing; _Unused = std::__detail::_Default_ranged_hash; _RehashPolicy = std::__detail::_Prime_rehash_policy; _Traits = std::__detail::_Hashtable_traits<false, false, true>]	24	static
/opt/st/stm32cubeide_1.15.0/plugins/com.st.stm32cube.ide.mcu.externaltools.gnu-tools-for-stm32.12.3.rel1.linux64_1.0.100.202403111256/tools/arm-none-eabi/include/c++/12.3.1/bits/hashtable.h:793:7:std::_Hashtable<_Key, _Value, _Alloc, _ExtractKey, _Equal, _Hash, _RangeHash, _Unused, _RehashPolicy, _Traits>::size_type std::_Hashtable<_Key, _Value, _Alloc, _ExtractKey, _Equal, _Hash, _RangeHash, _Unused, _RehashPolicy, _Traits>::_M_bucket_index(const __node_value_type&) const [with _Key = void*; _Value = std::pair<void* const, unsigned int>; _Alloc = std::allocator<std::pair<void* const, unsigned int> >; _ExtractKey = std::__detail::_Select1st; _Equal = std::equal_to<void*>; _Hash = std::hash<void*>; _RangeHash = std::__detail::_Mod_range_hashing; _Unused = std::__detail::_Default_ranged_hash; _RehashPolicy = std::__detail::_Prime_rehash_policy; _Traits = std::__detail::_Hashtable_traits<false, false, true>]	16	static
/opt/st/stm32cubeide_1.15.0/plugins/com.st.stm32cube.ide.mcu.externaltools.gnu-tools-for-stm32.12.3.rel1.linux64_1.0.100.202403111256/tools/arm-none-eabi/include/c++/12.3.1/bits/hashtable.h:2312:5:std::_Hashtable<_Key, _Value, _Alloc, _ExtractKey, _Equal, _Hash, _RangeHash, _Unused, _RehashPolicy, _Traits>::iterator std::_Hashtable<_Key, _Value, _Alloc, _ExtractKey, _Equal, _Hash, _RangeHash, _Unused, _RehashPolicy, _Traits>::_M_erase(size_type, __node_base_ptr, __node_ptr) [with _Key = void*; _Value = std::pair<void* const, unsigned int>; _Alloc = std::allocator<std::pair<void* const, unsigned int> >; _ExtractKey = std::__detail::_Select1st; _Equal = std::equal_to<void*>; _Hash = std::hash<void*>; _RangeHash = std::__detail::_Mod_range_hashing; _Unused = std::__detail::_Default_ranged_hash; _RehashPolicy = std::__detail::_Prime_rehash_policy; _Traits = std::__detail::_Hashtable_traits<false, false, true>]	40	static
/opt/st/stm32cubeide_1.15.0/plugins/com.st.stm32cube.ide.mcu.externaltools.gnu-tools-for-stm32.12.3.rel1.linux64_1.0.100.202403111256/tools/arm-none-eabi/include/c++/12.3.1/bits/hashtable_policy.h:1923:7:std::__detail::_Hashtable_alloc<_NodeAlloc>::__node_alloc_type& std::__detail::_Hashtable_alloc<_NodeAlloc>::_M_node_allocator() [with _NodeAlloc = std::allocator<std::__detail::_Hash_node<std::pair<void* const, unsigned int>, false> >]	16	static
/opt/st/stm32cubeide_1.15.0/plugins/com.st.stm32cube.ide.mcu.externaltools.gnu-tools-for-stm32.12.3.rel1.linux64_1.0.100.202403111256/tools/arm-none-eabi/include/c++/12.3.1/bits/alloc_traits.h:531:2:static void std::allocator_traits<std::allocator<_Tp1> >::destroy(allocator_type&, _Up*) [with _Up = std::pair<void* const, unsigned int>; _Tp = std::__detail::_Hash_node<std::pair<void* const, unsigned int>, false>]	16	static
/opt/st/stm32cubeide_1.15.0/plugins/com.st.stm32cube.ide.mcu.externaltools.gnu-tools-for-stm32.12.3.rel1.linux64_1.0.100.202403111256/tools/arm-none-eabi/include/c++/12.3.1/bits/hashtable_policy.h:1990:5:void std::__detail::_Hashtable_alloc<_NodeAlloc>::_M_deallocate_node_ptr(__node_ptr) [with _NodeAlloc = std::allocator<std::__detail::_Hash_node<std::pair<void* const, unsigned int>, false> >]	24	static
/opt/st/stm32cubeide_1.15.0/plugins/com.st.stm32cube.ide.mcu.externaltools.gnu-tools-for-stm32.12.3.rel1.linux64_1.0.100.202403111256/tools/arm-none-eabi/include/c++/12.3.1/bits/ptr_traits.h:135:7:static _Tp* std::__ptr_traits_ptr_to<_Tp*, _Tp, false>::pointer_to(element_type&) [with _Tp = std::__detail::_Hash_node_base*]	16	static
/opt/st/stm32cubeide_1.15.0/plugins/com.st.stm32cube.ide.mcu.externaltools.gnu-tools-for-stm32.12.3.rel1.linux64_1.0.100.202403111256/tools/arm-none-eabi/include/c++/12.3.1/bits/allocator.h:169:2:std::allocator< <template-parameter-1-1> >::allocator(const std::allocator<_Tp1>&) [with _Tp1 = std::__detail::_Hash_node<std::pair<void* const, unsigned int>, false>; _Tp = std::__detail::_Hash_node_base*]	16	static
/opt/st/stm32cubeide_1.15.0/plugins/com.st.stm32cube.ide.mcu.externaltools.gnu-tools-for-stm32.12.3.rel1.linux64_1.0.100.202403111256/tools/arm-none-eabi/include/c++/12.3.1/bits/allocator.h:174:7:std::allocator< <template-parameter-1-1> >::~allocator() [with _Tp = std::__detail::_Hash_node_base*]	16	static
/opt/st/stm32cubeide_1.15.0/plugins/com.st.stm32cube.ide.mcu.externaltools.gnu-tools-for-stm32.12.3.rel1.linux64_1.0.100.202403111256/tools/arm-none-eabi/include/c++/12.3.1/bits/alloc_traits.h:495:7:static void std::allocator_traits<std::allocator<_Tp1> >::deallocate(allocator_type&, pointer, size_type) [with _Tp = std::__detail::_Hash_node_base*]	24	static
/opt/st/stm32cubeide_1.15.0/plugins/com.st.stm32cube.ide.mcu.externaltools.gnu-tools-for-stm32.12.3.rel1.linux64_1.0.100.202403111256/tools/arm-none-eabi/include/c++/12.3.1/bits/hashtable_policy.h:1185:18:const _Tp& std::__detail::_Hashtable_ebo_helper<_Nm, _Tp, true>::_M_cget() const [with int _Nm = 1; _Tp = std::hash<void*>]	16	static
/opt/st/stm32cubeide_1.15.0/plugins/com.st.stm32cube.ide.mcu.externaltools.gnu-tools-for-stm32.12.3.rel1.linux64_1.0.100.202403111256/tools/arm-none-eabi/include/c++/12.3.1/bits/hashtable_policy.h:1705:7:bool std::__detail::_Hashtable_base<_Key, _Value, _ExtractKey, _Equal, _Hash, _RangeHash, _Unused, _Traits>::_M_equals(const _Key&, __hash_code, const std::__detail::_Hash_node_value<_Value, typename _Traits::__hash_cached::value>&) const [with _Key = void*; _Value = std::pair<void* const, unsigned int>; _ExtractKey = std::__detail::_Select1st; _Equal = std::equal_to<void*>; _Hash = std::hash<void*>; _RangeHash = std::__detail::_Mod_range_hashing; _Unused = std::__detail::_Default_ranged_hash; _Traits = std::__detail::_Hashtable_traits<false, false, true>]	24	static
/opt/st/stm32cubeide_1.15.0/plugins/com.st.stm32cube.ide.mcu.externaltools.gnu-tools-for-stm32.12.3.rel1.linux64_1.0.100.202403111256/tools/arm-none-eabi/include/c++/12.3.1/ext/aligned_buffer.h:114:7:_Tp* __gnu_cxx::__aligned_buffer<_Tp>::_M_ptr() [with _Tp = std::pair<void* const, unsigned int>]	16	static
/opt/st/stm32cubeide_1.15.0/plugins/com.st.stm32cube.ide.mcu.externaltools.gnu-tools-for-stm32.12.3.rel1.linux64_1.0.100.202403111256/tools/arm-none-eabi/include/c++/12.3.1/tuple:192:17:constexpr std::_Head_base<_Idx, _Head, false>::_Head_base(const _Head&) [with unsigned int _Idx = 0; _Head = void* const&]	16	static
/opt/st/stm32cubeide_1.15.0/plugins/com.st.stm32cube.ide.mcu.externaltools.gnu-tools-for-stm32.12.3.rel1.linux64_1.0.100.202403111256/tools/arm-none-eabi/include/c++/12.3.1/bits/alloc_traits.h:463:7:static _Tp* std::allocator_traits<std::allocator<_Tp1> >::allocate(allocator_type&, size_type) [with _Tp = std::__detail::_Hash_node<std::pair<void* const, unsigned int>, false>]	16	static
/opt/st/stm32cubeide_1.15.0/plugins/com.st.stm32cube.ide.mcu.externaltools.gnu-tools-for-stm32.12.3.rel1.linux64_1.0.100.202403111256/tools/arm-none-eabi/include/c++/12.3.1/bits/ptr_traits.h:228:5:constexpr _Tp* std::__to_address(_Tp*) [with _Tp = __detail::_Hash_node<pair<void* const, unsigned int>, false>]	16	static
/opt/st/stm32cubeide_1.15.0/plugins/com.st.stm32cube.ide.mcu.externaltools.gnu-tools-for-stm32.12.3.rel1.linux64_1.0.100.202403111256/tools/arm-none-eabi/include/c++/12.3.1/bits/alloc_traits.h:511:2:) [with _Up = std::pair<void* const, unsigned int>; _Args = {const std::piecewise_construct_t&, std::tuple<void* const&>, std::tuple<>}; _Tp = std::__detail::_Hash_node<std::pair<void* const, unsigned int>, false>]	40	static
/opt/st/stm32cubeide_1.15.0/plugins/com.st.stm32cube.ide.mcu.externaltools.gnu-tools-for-stm32.12.3.rel1.linux64_1.0.100.202403111256/tools/arm-none-eabi/include/c++/12.3.1/bits/alloc_traits.h:495:7:static void std::allocator_traits<std::allocator<_Tp1> >::deallocate(allocator_type&, pointer, size_type) [with _Tp = std::__detail::_Hash_node<std::pair<void* const, unsigned int>, false>]	24	static
/opt/st/stm32cubeide_1.15.0/plugins/com.st.stm32cube.ide.mcu.externaltools.gnu-tools-for-stm32.12.3.rel1.linux64_1.0.100.202403111256/tools/arm-none-eabi/include/c++/12.3.1/bits/hashtable.h:2558:5:void std::_Hashtable<_Key, _Value, _Alloc, _ExtractKey, _Equal, _Hash, _RangeHash, _Unused, _RehashPolicy, _Traits>::_M_rehash_aux(size_type, std::true_type) [with _Key = void*; _Value = std::pair<void* const, unsigned int>; _Alloc = std::allocator<std::pair<void* const, unsigned int> >; _ExtractKey = std::__detail::_Select1st; _Equal = std::equal_to<void*>; _Hash = std::hash<void*>; _RangeHash = std::__detail::_Mod_range_hashing; _Unused = std::__detail::_Default_ranged_hash; _RehashPolicy = std::__detail::_Prime_rehash_policy; _Traits = std::__detail::_Hashtable_traits<false, false, true>]	48	static
/opt/st/stm32cubeide_1.15.0/plugins/com.st.stm32cube.ide.mcu.externaltools.gnu-tools-for-stm32.12.3.rel1.linux64_1.0.100.202403111256/tools/arm-none-eabi/include/c++/12.3.1/bits/hashtable_policy.h:1185:18:const _Tp& std::__detail::_Hashtable_ebo_helper<_Nm, _Tp, true>::_M_cget() const [with int _Nm = 0; _Tp = std::equal_to<void*>]	16	static
/opt/st/stm32cubeide_1.15.0/plugins/com.st.stm32cube.ide.mcu.externaltools.gnu-tools-for-stm32.12.3.rel1.linux64_1.0.100.202403111256/tools/arm-none-eabi/include/c++/12.3.1/bits/hashtable_policy.h:299:7:const _Value* std::__detail::_Hash_node_value_base<_Value>::_M_valptr() const [with _Value = std::pair<void* const, unsigned int>]	16	static
/opt/st/stm32cubeide_1.15.0/plugins/com.st.stm32cube.ide.mcu.externaltools.gnu-tools-for-stm32.12.3.rel1.linux64_1.0.100.202403111256/tools/arm-none-eabi/include/c++/12.3.1/bits/move.h:77:5:constexpr _Tp&& std::forward(typename remove_reference<_Tp>::type&) [with _Tp = const pair<void* const, unsigned int>&]	16	static
/opt/st/stm32cubeide_1.15.0/plugins/com.st.stm32cube.ide.mcu.externaltools.gnu-tools-for-stm32.12.3.rel1.linux64_1.0.100.202403111256/tools/arm-none-eabi/include/c++/12.3.1/bits/hashtable_policy.h:1308:7:std::size_t std::__detail::_Hash_code_base<_Key, _Value, _ExtractKey, _Hash, _RangeHash, _Unused, __cache_hash_code>::_M_bucket_index(const std::__detail::_Hash_node_value<_Value, false>&, std::size_t) const [with _Key = void*; _Value = std::pair<void* const, unsigned int>; _ExtractKey = std::__detail::_Select1st; _Hash = std::hash<void*>; _RangeHash = std::__detail::_Mod_range_hashing; _Unused = std::__detail::_Default_ranged_hash; bool __cache_hash_code = false]	32	static
/opt/st/stm32cubeide_1.15.0/plugins/com.st.stm32cube.ide.mcu.externaltools.gnu-tools-for-stm32.12.3.rel1.linux64_1.0.100.202403111256/tools/arm-none-eabi/include/c++/12.3.1/bits/hashtable.h:2016:5:void std::_Hashtable<_Key, _Value, _Alloc, _ExtractKey, _Equal, _Hash, _RangeHash, _Unused, _RehashPolicy, _Traits>::_M_remove_bucket_begin(size_type, __node_ptr, size_type) [with _Key = void*; _Value = std::pair<void* const, unsigned int>; _Alloc = std::allocator<std::pair<void* const, unsigned int> >; _ExtractKey = std::__detail::_Select1st; _Equal = std::equal_to<void*>; _Hash = std::hash<void*>; _RangeHash = std::__detail::_Mod_range_hashing; _Unused = std::__detail::_Default_ranged_hash; _RehashPolicy = std::__detail::_Prime_rehash_policy; _Traits = std::__detail::_Hashtable_traits<false, false, true>]	24	static
/opt/st/stm32cubeide_1.15.0/plugins/com.st.stm32cube.ide.mcu.externaltools.gnu-tools-for-stm32.12.3.rel1.linux64_1.0.100.202403111256/tools/arm-none-eabi/include/c++/12.3.1/bits/hashtable_policy.h:1186:12:_Tp& std::__detail::_Hashtable_ebo_helper<_Nm, _Tp, true>::_M_get() [with int _Nm = 0; _Tp = std::allocator<std::__detail::_Hash_node<std::pair<void* const, unsigned int>, false> >]	16	static
/opt/st/stm32cubeide_1.15.0/plugins/com.st.stm32cube.ide.mcu.externaltools.gnu-tools-for-stm32.12.3.rel1.linux64_1.0.100.202403111256/tools/arm-none-eabi/include/c++/12.3.1/bits/new_allocator.h:179:2:void std::__new_allocator<_Tp>::destroy(_Up*) [with _Up = std::pair<void* const, unsigned int>; _Tp = std::__detail::_Hash_node<std::pair<void* const, unsigned int>, false>]	16	static
/opt/st/stm32cubeide_1.15.0/plugins/com.st.stm32cube.ide.mcu.externaltools.gnu-tools-for-stm32.12.3.rel1.linux64_1.0.100.202403111256/tools/arm-none-eabi/include/c++/12.3.1/bits/ptr_traits.h:135:7:static _Tp* std::__ptr_traits_ptr_to<_Tp*, _Tp, false>::pointer_to(element_type&) [with _Tp = std::__detail::_Hash_node<std::pair<void* const, unsigned int>, false>]	16	static
/opt/st/stm32cubeide_1.15.0/plugins/com.st.stm32cube.ide.mcu.externaltools.gnu-tools-for-stm32.12.3.rel1.linux64_1.0.100.202403111256/tools/arm-none-eabi/include/c++/12.3.1/bits/move.h:145:5:_Tp* std::addressof(_Tp&) [with _Tp = __detail::_Hash_node_base*]	16	static
/opt/st/stm32cubeide_1.15.0/plugins/com.st.stm32cube.ide.mcu.externaltools.gnu-tools-for-stm32.12.3.rel1.linux64_1.0.100.202403111256/tools/arm-none-eabi/include/c++/12.3.1/bits/new_allocator.h:80:7:std::__new_allocator<_Tp>::__new_allocator() [with _Tp = std::__detail::_Hash_node_base*]	16	static
/opt/st/stm32cubeide_1.15.0/plugins/com.st.stm32cube.ide.mcu.externaltools.gnu-tools-for-stm32.12.3.rel1.linux64_1.0.100.202403111256/tools/arm-none-eabi/include/c++/12.3.1/bits/new_allocator.h:90:7:std::__new_allocator<_Tp>::~__new_allocator() [with _Tp = std::__detail::_Hash_node_base*]	16	static
/opt/st/stm32cubeide_1.15.0/plugins/com.st.stm32cube.ide.mcu.externaltools.gnu-tools-for-stm32.12.3.rel1.linux64_1.0.100.202403111256/tools/arm-none-eabi/include/c++/12.3.1/bits/new_allocator.h:142:7:void std::__new_allocator<_Tp>::deallocate(_Tp*, size_type) [with _Tp = std::__detail::_Hash_node_base*]	24	static
/opt/st/stm32cubeide_1.15.0/plugins/com.st.stm32cube.ide.mcu.externaltools.gnu-tools-for-stm32.12.3.rel1.linux64_1.0.100.202403111256/tools/arm-none-eabi/include/c++/12.3.1/bits/hashtable_policy.h:1656:7:static bool std::__detail::_Hashtable_base<_Key, _Value, _ExtractKey, _Equal, _Hash, _RangeHash, _Unused, _Traits>::_S_equals(__hash_code, const std::__detail::_Hash_node_code_cache<false>&) [with _Key = void*; _Value = std::pair<void* const, unsigned int>; _ExtractKey = std::__detail::_Select1st; _Equal = std::equal_to<void*>; _Hash = std::hash<void*>; _RangeHash = std::__detail::_Mod_range_hashing; _Unused = std::__detail::_Default_ranged_hash; _Traits = std::__detail::_Hashtable_traits<false, false, true>]	16	static
/opt/st/stm32cubeide_1.15.0/plugins/com.st.stm32cube.ide.mcu.externaltools.gnu-tools-for-stm32.12.3.rel1.linux64_1.0.100.202403111256/tools/arm-none-eabi/include/c++/12.3.1/ext/aligned_buffer.h:102:7:void* __gnu_cxx::__aligned_buffer<_Tp>::_M_addr() [with _Tp = std::pair<void* const, unsigned int>]	16	static
/opt/st/stm32cubeide_1.15.0/plugins/com.st.stm32cube.ide.mcu.externaltools.gnu-tools-for-stm32.12.3.rel1.linux64_1.0.100.202403111256/tools/arm-none-eabi/include/c++/12.3.1/bits/new_allocator.h:112:7:_Tp* std::__new_allocator<_Tp>::allocate(size_type, const void*) [with _Tp = std::__detail::_Hash_node<std::pair<void* const, unsigned int>, false>]	24	static
/opt/st/stm32cubeide_1.15.0/plugins/com.st.stm32cube.ide.mcu.externaltools.gnu-tools-for-stm32.12.3.rel1.linux64_1.0.100.202403111256/tools/arm-none-eabi/include/c++/12.3.1/tuple:756:17:constexpr std::tuple< <template-parameter-1-1> >::tuple(std::tuple< <template-parameter-1-1> >&&) [with _Elements = {void* const&}]	16	static
/opt/st/stm32cubeide_1.15.0/plugins/com.st.stm32cube.ide.mcu.externaltools.gnu-tools-for-stm32.12.3.rel1.linux64_1.0.100.202403111256/tools/arm-none-eabi/include/c++/12.3.1/bits/new_allocator.h:173:2:) [with _Up = std::pair<void* const, unsigned int>; _Args = {const std::piecewise_construct_t&, std::tuple<void* const&>, std::tuple<>}; _Tp = std::__detail::_Hash_node<std::pair<void* const, unsigned int>, false>]	48	static
/opt/st/stm32cubeide_1.15.0/plugins/com.st.stm32cube.ide.mcu.externaltools.gnu-tools-for-stm32.12.3.rel1.linux64_1.0.100.202403111256/tools/arm-none-eabi/include/c++/12.3.1/bits/new_allocator.h:142:7:void std::__new_allocator<_Tp>::deallocate(_Tp*, size_type) [with _Tp = std::__detail::_Hash_node<std::pair<void* const, unsigned int>, false>]	24	static
/opt/st/stm32cubeide_1.15.0/plugins/com.st.stm32cube.ide.mcu.externaltools.gnu-tools-for-stm32.12.3.rel1.linux64_1.0.100.202403111256/tools/arm-none-eabi/include/c++/12.3.1/bits/hashtable.h:435:7:std::_Hashtable<_Key, _Value, _Alloc, _ExtractKey, _Equal, _Hash, _RangeHash, _Unused, _RehashPolicy, _Traits>::__buckets_ptr std::_Hashtable<_Key, _Value, _Alloc, _ExtractKey, _Equal, _Hash, _RangeHash, _Unused, _RehashPolicy, _Traits>::_M_allocate_buckets(size_type) [with _Key = void*; _Value = std::pair<void* const, unsigned int>; _Alloc = std::allocator<std::pair<void* const, unsigned int> >; _ExtractKey = std::__detail::_Select1st; _Equal = std::equal_to<void*>; _Hash = std::hash<void*>; _RangeHash = std::__detail::_Mod_range_hashing; _Unused = std::__detail::_Default_ranged_hash; _RehashPolicy = std::__detail::_Prime_rehash_policy; _Traits = std::__detail::_Hashtable_traits<false, false, true>]	16	static
/opt/st/stm32cubeide_1.15.0/plugins/com.st.stm32cube.ide.mcu.externaltools.gnu-tools-for-stm32.12.3.rel1.linux64_1.0.100.202403111256/tools/arm-none-eabi/include/c++/12.3.1/ext/aligned_buffer.h:118:7:const _Tp* __gnu_cxx::__aligned_buffer<_Tp>::_M_ptr() const [with _Tp = std::pair<void* const, unsigned int>]	16	static
/opt/st/stm32cubeide_1.15.0/plugins/com.st.stm32cube.ide.mcu.externaltools.gnu-tools-for-stm32.12.3.rel1.linux64_1.0.100.202403111256/tools/arm-none-eabi/include/c++/12.3.1/bits/move.h:145:5:_Tp* std::addressof(_Tp&) [with _Tp = __detail::_Hash_node<pair<void* const, unsigned int>, false>]	16	static
/opt/st/stm32cubeide_1.15.0/plugins/com.st.stm32cube.ide.mcu.externaltools.gnu-tools-for-stm32.12.3.rel1.linux64_1.0.100.202403111256/tools/arm-none-eabi/include/c++/12.3.1/bits/move.h:49:5:constexpr _Tp* std::__addressof(_Tp&) [with _Tp = __detail::_Hash_node_base*]	16	static
/opt/st/stm32cubeide_1.15.0/plugins/com.st.stm32cube.ide.mcu.externaltools.gnu-tools-for-stm32.12.3.rel1.linux64_1.0.100.202403111256/tools/arm-none-eabi/include/c++/12.3.1/bits/new_allocator.h:210:7:constexpr std::__new_allocator<_Tp>::size_type std::__new_allocator<_Tp>::_M_max_size() const [with _Tp = std::__detail::_Hash_node<std::pair<void* const, unsigned int>, false>]	16	static
/opt/st/stm32cubeide_1.15.0/plugins/com.st.stm32cube.ide.mcu.externaltools.gnu-tools-for-stm32.12.3.rel1.linux64_1.0.100.202403111256/tools/arm-none-eabi/include/c++/12.3.1/tuple:454:7:constexpr std::_Tuple_impl<_Idx, _Head>::_Tuple_impl(std::_Tuple_impl<_Idx, _Head>&&) [with unsigned int _Idx = 0; _Head = void* const&]	16	static
/opt/st/stm32cubeide_1.15.0/plugins/com.st.stm32cube.ide.mcu.externaltools.gnu-tools-for-stm32.12.3.rel1.linux64_1.0.100.202403111256/tools/arm-none-eabi/include/c++/12.3.1/tuple:1802:7:>) [with _Args1 = {void* const&}; _Args2 = {}; _T1 = void* const; _T2 = unsigned int]	40	static
/opt/st/stm32cubeide_1.15.0/plugins/com.st.stm32cube.ide.mcu.externaltools.gnu-tools-for-stm32.12.3.rel1.linux64_1.0.100.202403111256/tools/arm-none-eabi/include/c++/12.3.1/bits/hashtable_policy.h:2012:5:std::__detail::_Hashtable_alloc<_NodeAlloc>::__node_base** std::__detail::_Hashtable_alloc<_NodeAlloc>::_M_allocate_buckets(std::size_t) [with _NodeAlloc = std::allocator<std::__detail::_Hash_node<std::pair<void* const, unsigned int>, false> >]	40	static
/opt/st/stm32cubeide_1.15.0/plugins/com.st.stm32cube.ide.mcu.externaltools.gnu-tools-for-stm32.12.3.rel1.linux64_1.0.100.202403111256/tools/arm-none-eabi/include/c++/12.3.1/ext/aligned_buffer.h:108:7:const void* __gnu_cxx::__aligned_buffer<_Tp>::_M_addr() const [with _Tp = std::pair<void* const, unsigned int>]	16	static
/opt/st/stm32cubeide_1.15.0/plugins/com.st.stm32cube.ide.mcu.externaltools.gnu-tools-for-stm32.12.3.rel1.linux64_1.0.100.202403111256/tools/arm-none-eabi/include/c++/12.3.1/bits/move.h:49:5:constexpr _Tp* std::__addressof(_Tp&) [with _Tp = __detail::_Hash_node<pair<void* const, unsigned int>, false>]	16	static
/opt/st/stm32cubeide_1.15.0/plugins/com.st.stm32cube.ide.mcu.externaltools.gnu-tools-for-stm32.12.3.rel1.linux64_1.0.100.202403111256/tools/arm-none-eabi/include/c++/12.3.1/tuple:1814:7:_Indexes2 = {}; _T1 = void* const; _T2 = unsigned int]	24	static
/opt/st/stm32cubeide_1.15.0/plugins/com.st.stm32cube.ide.mcu.externaltools.gnu-tools-for-stm32.12.3.rel1.linux64_1.0.100.202403111256/tools/arm-none-eabi/include/c++/12.3.1/bits/alloc_traits.h:463:7:static _Tp* std::allocator_traits<std::allocator<_Tp1> >::allocate(allocator_type&, size_type) [with _Tp = std::__detail::_Hash_node_base*]	16	static
/opt/st/stm32cubeide_1.15.0/plugins/com.st.stm32cube.ide.mcu.externaltools.gnu-tools-for-stm32.12.3.rel1.linux64_1.0.100.202403111256/tools/arm-none-eabi/include/c++/12.3.1/bits/ptr_traits.h:228:5:constexpr _Tp* std::__to_address(_Tp*) [with _Tp = __detail::_Hash_node_base*]	16	static
/opt/st/stm32cubeide_1.15.0/plugins/com.st.stm32cube.ide.mcu.externaltools.gnu-tools-for-stm32.12.3.rel1.linux64_1.0.100.202403111256/tools/arm-none-eabi/include/c++/12.3.1/tuple:1380:5:>&) [with unsigned int __i = 0; _Elements = {void* const&}]	16	static
/opt/st/stm32cubeide_1.15.0/plugins/com.st.stm32cube.ide.mcu.externaltools.gnu-tools-for-stm32.12.3.rel1.linux64_1.0.100.202403111256/tools/arm-none-eabi/include/c++/12.3.1/bits/move.h:77:5:constexpr _Tp&& std::forward(typename remove_reference<_Tp>::type&) [with _Tp = void* const&]	16	static
/opt/st/stm32cubeide_1.15.0/plugins/com.st.stm32cube.ide.mcu.externaltools.gnu-tools-for-stm32.12.3.rel1.linux64_1.0.100.202403111256/tools/arm-none-eabi/include/c++/12.3.1/bits/new_allocator.h:112:7:_Tp* std::__new_allocator<_Tp>::allocate(size_type, const void*) [with _Tp = std::__detail::_Hash_node_base*]	24	static
/opt/st/stm32cubeide_1.15.0/plugins/com.st.stm32cube.ide.mcu.externaltools.gnu-tools-for-stm32.12.3.rel1.linux64_1.0.100.202403111256/tools/arm-none-eabi/include/c++/12.3.1/tuple:1364:5:>&) [with unsigned int __i = 0; _Head = void* const&; _Tail = {}]	16	static
/opt/st/stm32cubeide_1.15.0/plugins/com.st.stm32cube.ide.mcu.externaltools.gnu-tools-for-stm32.12.3.rel1.linux64_1.0.100.202403111256/tools/arm-none-eabi/include/c++/12.3.1/bits/new_allocator.h:210:7:constexpr std::__new_allocator<_Tp>::size_type std::__new_allocator<_Tp>::_M_max_size() const [with _Tp = std::__detail::_Hash_node_base*]	16	static
/opt/st/stm32cubeide_1.15.0/plugins/com.st.stm32cube.ide.mcu.externaltools.gnu-tools-for-stm32.12.3.rel1.linux64_1.0.100.202403111256/tools/arm-none-eabi/include/c++/12.3.1/tuple:424:7:static constexpr _Head& std::_Tuple_impl<_Idx, _Head>::_M_head(std::_Tuple_impl<_Idx, _Head>&) [with unsigned int _Idx = 0; _Head = void* const&]	16	static
/opt/st/stm32cubeide_1.15.0/plugins/com.st.stm32cube.ide.mcu.externaltools.gnu-tools-for-stm32.12.3.rel1.linux64_1.0.100.202403111256/tools/arm-none-eabi/include/c++/12.3.1/tuple:233:7:static constexpr _Head& std::_Head_base<_Idx, _Head, false>::_M_head(std::_Head_base<_Idx, _Head, false>&) [with unsigned int _Idx = 0; _Head = void* const&]	16	static
